------------------------------------------------------------------------------------------------------------------------

[2025-06-14 14:50:35 #1 store] 
Database 'C:\Users\gaizk\Desktop\SI1\Workspace\Rides24-master.zip_expanded\Rides24-master\src\main\resources\rides.temp' is opened by 2172@Gaizka

[2025-06-14 14:50:36 #2 type.registry] 
New type domain.Sala

[2025-06-14 14:50:36 #3 type] 
Type domain.Sala is not enhanced.

[2025-06-14 14:50:36 #4 type.registry] 
New type domain.Sesion

[2025-06-14 14:50:36 #5 type.registry] 
New type java.util.LinkedList<domain.Sesion>

[2025-06-14 14:50:36 #6 type] 
Type domain.Sesion is not enhanced.

[2025-06-14 14:50:36 #7 type.registry] 
New type domain.Reserva

[2025-06-14 14:50:36 #8 type.registry] 
New type domain.Socio

[2025-06-14 14:50:36 #9 type.registry] 
New type domain.Actividad

[2025-06-14 14:50:36 #10 type] 
Type domain.Reserva is not enhanced.

[2025-06-14 14:50:36 #11 type.registry] 
New type domain.Factura

[2025-06-14 14:50:36 #12 type.registry] 
New type domain.Reserva$estadoReserva

[2025-06-14 14:50:36 #13 type] 
Type domain.Socio is not enhanced.

[2025-06-14 14:50:36 #14 type] 
Type domain.Actividad is not enhanced.

[2025-06-14 14:50:36 #15 type] 
Type domain.Factura is not enhanced.

[2025-06-14 14:50:36 #16 type.registry] 
New type java.util.LinkedList<domain.Reserva>

[2025-06-14 14:50:36 #17 type.registry] 
New type domain.Factura$estadoFactura2

[2025-06-14 14:50:36 #18 type.registry] 
New type domain.Factura$estadoFactura1

[2025-06-14 14:50:36 #19 type.registry] 
New type java.util.LinkedList<java.lang.Object>

[2025-06-14 14:50:36 #20 type.registry] 
New type java.util.LinkedList<domain.Factura>

[2025-06-14 14:50:36 #21 type.registry] 
New type java.util.LinkedList<domain.Socio>

------------------------------------------------------------------------------------------------------------------------

[2025-06-14 14:59:15 #1 store] 
Database 'C:\Users\gaizk\Desktop\SI1\Workspace\Rides24-master.zip_expanded\Rides24-master\src\main\resources\rides.temp' is opened by 5692@Gaizka

[2025-06-14 14:59:15 #2 type.registry] 
New type domain.Sala

[2025-06-14 14:59:15 #3 type] 
Type domain.Sala is not enhanced.

[2025-06-14 14:59:15 #4 type.registry] 
New type domain.Sesion

[2025-06-14 14:59:15 #5 type.registry] 
New type java.util.LinkedList<domain.Sesion>

[2025-06-14 14:59:15 #6 type] 
Type domain.Sesion is not enhanced.

[2025-06-14 14:59:15 #7 type.registry] 
New type domain.Reserva

[2025-06-14 14:59:15 #8 type.registry] 
New type domain.Socio

[2025-06-14 14:59:15 #9 type.registry] 
New type domain.Actividad

[2025-06-14 14:59:15 #10 type] 
Type domain.Reserva is not enhanced.

[2025-06-14 14:59:15 #11 type.registry] 
New type domain.Factura

[2025-06-14 14:59:15 #12 type.registry] 
New type domain.Reserva$estadoReserva

[2025-06-14 14:59:15 #13 type] 
Type domain.Socio is not enhanced.

[2025-06-14 14:59:15 #14 type] 
Type domain.Actividad is not enhanced.

[2025-06-14 14:59:15 #15 type] 
Type domain.Factura is not enhanced.

[2025-06-14 14:59:15 #16 type.registry] 
New type java.util.LinkedList<domain.Reserva>

[2025-06-14 14:59:15 #17 type.registry] 
New type domain.Factura$estadoFactura2

[2025-06-14 14:59:15 #18 type.registry] 
New type domain.Factura$estadoFactura1

[2025-06-14 14:59:15 #19 type.registry] 
New type java.util.LinkedList<java.lang.Object>

[2025-06-14 14:59:15 #20 type.registry] 
New type java.util.LinkedList<domain.Factura>

[2025-06-14 14:59:15 #21 type.registry] 
New type java.util.LinkedList<domain.Socio>

------------------------------------------------------------------------------------------------------------------------

[2025-06-14 14:59:33 #1 store] 
Database 'C:\Users\gaizk\Desktop\SI1\Workspace\Rides24-master.zip_expanded\Rides24-master\src\main\resources\rides.temp' is opened by 1672@Gaizka

[2025-06-14 14:59:33 #2 type.registry] 
New type domain.Sala

[2025-06-14 14:59:33 #3 type] 
Type domain.Sala is not enhanced.

[2025-06-14 14:59:33 #4 type.registry] 
New type domain.Sesion

[2025-06-14 14:59:33 #5 type.registry] 
New type java.util.LinkedList<domain.Sesion>

[2025-06-14 14:59:33 #6 type] 
Type domain.Sesion is not enhanced.

[2025-06-14 14:59:33 #7 type.registry] 
New type domain.Reserva

[2025-06-14 14:59:33 #8 type.registry] 
New type domain.Socio

[2025-06-14 14:59:33 #9 type.registry] 
New type domain.Actividad

[2025-06-14 14:59:33 #10 type] 
Type domain.Reserva is not enhanced.

[2025-06-14 14:59:33 #11 type.registry] 
New type domain.Factura

[2025-06-14 14:59:33 #12 type.registry] 
New type domain.Reserva$estadoReserva

[2025-06-14 14:59:33 #13 type] 
Type domain.Socio is not enhanced.

[2025-06-14 14:59:33 #14 type] 
Type domain.Actividad is not enhanced.

[2025-06-14 14:59:33 #15 type] 
Type domain.Factura is not enhanced.

[2025-06-14 14:59:33 #16 type.registry] 
New type java.util.LinkedList<domain.Reserva>

[2025-06-14 14:59:33 #17 type.registry] 
New type domain.Factura$estadoFactura2

[2025-06-14 14:59:33 #18 type.registry] 
New type domain.Factura$estadoFactura1

[2025-06-14 14:59:33 #19 type.registry] 
New type java.util.LinkedList<java.lang.Object>

[2025-06-14 14:59:33 #20 type.registry] 
New type java.util.LinkedList<domain.Factura>

[2025-06-14 14:59:33 #21 type.registry] 
New type java.util.LinkedList<domain.Socio>

------------------------------------------------------------------------------------------------------------------------

[2025-06-14 15:02:04 #1 store] 
Database 'C:\Users\gaizk\Desktop\SI1\Workspace\Rides24-master.zip_expanded\Rides24-master\src\main\resources\rides.temp' is opened by 7456@Gaizka

[2025-06-14 15:02:04 #2 type.registry] 
New type domain.Sala

[2025-06-14 15:02:04 #3 type] 
Type domain.Sala is not enhanced.

[2025-06-14 15:02:04 #4 type.registry] 
New type domain.Sesion

[2025-06-14 15:02:04 #5 type.registry] 
New type java.util.LinkedList<domain.Sesion>

[2025-06-14 15:02:04 #6 type] 
Type domain.Sesion is not enhanced.

[2025-06-14 15:02:04 #7 type.registry] 
New type domain.Reserva

[2025-06-14 15:02:04 #8 type.registry] 
New type domain.Socio

[2025-06-14 15:02:04 #9 type.registry] 
New type domain.Actividad

[2025-06-14 15:02:04 #10 type] 
Type domain.Reserva is not enhanced.

[2025-06-14 15:02:04 #11 type.registry] 
New type domain.Factura

[2025-06-14 15:02:04 #12 type.registry] 
New type domain.Reserva$estadoReserva

[2025-06-14 15:02:04 #13 type] 
Type domain.Socio is not enhanced.

[2025-06-14 15:02:04 #14 type] 
Type domain.Actividad is not enhanced.

[2025-06-14 15:02:04 #15 type] 
Type domain.Factura is not enhanced.

[2025-06-14 15:02:04 #16 type.registry] 
New type java.util.LinkedList<domain.Reserva>

[2025-06-14 15:02:04 #17 type.registry] 
New type domain.Factura$estadoFactura2

[2025-06-14 15:02:04 #18 type.registry] 
New type domain.Factura$estadoFactura1

[2025-06-14 15:02:04 #19 type.registry] 
New type java.util.LinkedList<java.lang.Object>

[2025-06-14 15:02:04 #20 type.registry] 
New type java.util.LinkedList<domain.Factura>

[2025-06-14 15:02:04 #21 type.registry] 
New type java.util.LinkedList<domain.Socio>

------------------------------------------------------------------------------------------------------------------------

[2025-06-14 15:02:56 #1 store] 
Database 'C:\Users\gaizk\Desktop\SI1\Workspace\Rides24-master.zip_expanded\Rides24-master\src\main\resources\rides.temp' is opened by 2760@Gaizka

[2025-06-14 15:02:56 #2 type.registry] 
New type domain.Sala

[2025-06-14 15:02:56 #3 type] 
Type domain.Sala is not enhanced.

[2025-06-14 15:02:56 #4 type.registry] 
New type domain.Sesion

[2025-06-14 15:02:56 #5 type.registry] 
New type java.util.LinkedList<domain.Sesion>

[2025-06-14 15:02:56 #6 type] 
Type domain.Sesion is not enhanced.

[2025-06-14 15:02:56 #7 type.registry] 
New type domain.Reserva

[2025-06-14 15:02:56 #8 type.registry] 
New type domain.Socio

[2025-06-14 15:02:56 #9 type.registry] 
New type domain.Actividad

[2025-06-14 15:02:56 #10 type] 
Type domain.Reserva is not enhanced.

[2025-06-14 15:02:56 #11 type.registry] 
New type domain.Factura

[2025-06-14 15:02:56 #12 type.registry] 
New type domain.Reserva$estadoReserva

[2025-06-14 15:02:56 #13 type] 
Type domain.Socio is not enhanced.

[2025-06-14 15:02:56 #14 type] 
Type domain.Actividad is not enhanced.

[2025-06-14 15:02:56 #15 type] 
Type domain.Factura is not enhanced.

[2025-06-14 15:02:56 #16 type.registry] 
New type java.util.LinkedList<domain.Reserva>

[2025-06-14 15:02:56 #17 type.registry] 
New type domain.Factura$estadoFactura2

[2025-06-14 15:02:56 #18 type.registry] 
New type domain.Factura$estadoFactura1

[2025-06-14 15:02:56 #19 type.registry] 
New type java.util.LinkedList<java.lang.Object>

[2025-06-14 15:02:56 #20 type.registry] 
New type java.util.LinkedList<domain.Factura>

[2025-06-14 15:02:56 #21 type.registry] 
New type java.util.LinkedList<domain.Socio>

------------------------------------------------------------------------------------------------------------------------

[2025-06-14 15:04:24 #1 store] 
Database 'C:\Users\gaizk\Desktop\SI1\Workspace\Rides24-master.zip_expanded\Rides24-master\src\main\resources\rides.temp' is opened by 1380@Gaizka

[2025-06-14 15:04:25 #2 type.registry] 
New type domain.Sala

[2025-06-14 15:04:25 #3 type] 
Type domain.Sala is not enhanced.

[2025-06-14 15:04:25 #4 type.registry] 
New type domain.Sesion

[2025-06-14 15:04:25 #5 type.registry] 
New type java.util.LinkedList<domain.Sesion>

[2025-06-14 15:04:25 #6 type] 
Type domain.Sesion is not enhanced.

[2025-06-14 15:04:25 #7 type.registry] 
New type domain.Reserva

[2025-06-14 15:04:25 #8 type.registry] 
New type domain.Socio

[2025-06-14 15:04:25 #9 type.registry] 
New type domain.Actividad

[2025-06-14 15:04:25 #10 type] 
Type domain.Reserva is not enhanced.

[2025-06-14 15:04:25 #11 type.registry] 
New type domain.Factura

[2025-06-14 15:04:25 #12 type.registry] 
New type domain.Reserva$estadoReserva

[2025-06-14 15:04:25 #13 type] 
Type domain.Socio is not enhanced.

[2025-06-14 15:04:25 #14 type] 
Type domain.Actividad is not enhanced.

[2025-06-14 15:04:25 #15 type] 
Type domain.Factura is not enhanced.

[2025-06-14 15:04:25 #16 type.registry] 
New type java.util.LinkedList<domain.Reserva>

[2025-06-14 15:04:25 #17 type.registry] 
New type domain.Factura$estadoFactura2

[2025-06-14 15:04:25 #18 type.registry] 
New type domain.Factura$estadoFactura1

[2025-06-14 15:04:25 #19 type.registry] 
New type java.util.LinkedList<java.lang.Object>

[2025-06-14 15:04:25 #20 type.registry] 
New type java.util.LinkedList<domain.Factura>

[2025-06-14 15:04:25 #21 type.registry] 
New type java.util.LinkedList<domain.Socio>

------------------------------------------------------------------------------------------------------------------------

[2025-06-14 15:18:32 #1 store] 
Database 'C:\Users\gaizk\Desktop\SI1\Workspace\Rides24-master.zip_expanded\Rides24-master\src\main\resources\rides.temp' is opened by 5592@Gaizka

[2025-06-14 15:18:32 #2 type.registry] 
New type domain.Sala

[2025-06-14 15:18:32 #3 type] 
Type domain.Sala is not enhanced.

[2025-06-14 15:18:32 #4 type.registry] 
New type domain.Sesion

[2025-06-14 15:18:32 #5 type.registry] 
New type java.util.LinkedList<domain.Sesion>

[2025-06-14 15:18:32 #6 type] 
Type domain.Sesion is not enhanced.

[2025-06-14 15:18:32 #7 type.registry] 
New type domain.Reserva

[2025-06-14 15:18:32 #8 type.registry] 
New type domain.Socio

[2025-06-14 15:18:32 #9 type.registry] 
New type domain.Actividad

[2025-06-14 15:18:32 #10 type] 
Type domain.Reserva is not enhanced.

[2025-06-14 15:18:32 #11 type.registry] 
New type domain.Factura

[2025-06-14 15:18:32 #12 type.registry] 
New type domain.Reserva$estadoReserva

[2025-06-14 15:18:32 #13 type] 
Type domain.Socio is not enhanced.

[2025-06-14 15:18:32 #14 type] 
Type domain.Actividad is not enhanced.

[2025-06-14 15:18:32 #15 type] 
Type domain.Factura is not enhanced.

[2025-06-14 15:18:32 #16 type.registry] 
New type java.util.LinkedList<domain.Reserva>

[2025-06-14 15:18:32 #17 type.registry] 
New type domain.Factura$estadoFactura2

[2025-06-14 15:18:32 #18 type.registry] 
New type domain.Factura$estadoFactura1

[2025-06-14 15:18:32 #19 type.registry] 
New type java.util.LinkedList<java.lang.Object>

[2025-06-14 15:18:32 #20 type.registry] 
New type java.util.LinkedList<domain.Factura>

[2025-06-14 15:18:32 #21 type.registry] 
New type java.util.LinkedList<domain.Socio>

------------------------------------------------------------------------------------------------------------------------

[2025-06-14 15:27:07 #1 store] 
Database 'C:\Users\gaizk\Desktop\SI1\Workspace\Rides24-master.zip_expanded\Rides24-master\src\main\resources\rides.temp' is opened by 8512@Gaizka

[2025-06-14 15:27:08 #2 type.registry] 
New type domain.Sala

[2025-06-14 15:27:08 #3 type] 
Type domain.Sala is not enhanced.

[2025-06-14 15:27:08 #4 type.registry] 
New type domain.Sesion

[2025-06-14 15:27:08 #5 type.registry] 
New type java.util.LinkedList<domain.Sesion>

[2025-06-14 15:27:08 #6 type] 
Type domain.Sesion is not enhanced.

[2025-06-14 15:27:08 #7 type.registry] 
New type domain.Reserva

[2025-06-14 15:27:08 #8 type.registry] 
New type domain.Socio

[2025-06-14 15:27:08 #9 type.registry] 
New type domain.Actividad

[2025-06-14 15:27:08 #10 type] 
Type domain.Reserva is not enhanced.

[2025-06-14 15:27:08 #11 type.registry] 
New type domain.Factura

[2025-06-14 15:27:08 #12 type.registry] 
New type domain.Reserva$estadoReserva

[2025-06-14 15:27:08 #13 type] 
Type domain.Socio is not enhanced.

[2025-06-14 15:27:08 #14 type] 
Type domain.Actividad is not enhanced.

[2025-06-14 15:27:08 #15 type] 
Type domain.Factura is not enhanced.

[2025-06-14 15:27:08 #16 type.registry] 
New type java.util.LinkedList<domain.Reserva>

[2025-06-14 15:27:08 #17 type.registry] 
New type domain.Factura$estadoFactura2

[2025-06-14 15:27:08 #18 type.registry] 
New type domain.Factura$estadoFactura1

[2025-06-14 15:27:08 #19 type.registry] 
New type java.util.LinkedList<java.lang.Object>

[2025-06-14 15:27:08 #20 type.registry] 
New type java.util.LinkedList<domain.Factura>

[2025-06-14 15:27:08 #21 type.registry] 
New type java.util.LinkedList<domain.Socio>

------------------------------------------------------------------------------------------------------------------------

[2025-06-14 15:29:51 #1 store] 
Database 'C:\Users\gaizk\Desktop\SI1\Workspace\Rides24-master.zip_expanded\Rides24-master\src\main\resources\rides.temp' is opened by 4652@Gaizka

[2025-06-14 15:29:51 #2 type.registry] 
New type domain.Sala

[2025-06-14 15:29:51 #3 type] 
Type domain.Sala is not enhanced.

[2025-06-14 15:29:51 #4 type.registry] 
New type domain.Sesion

[2025-06-14 15:29:51 #5 type.registry] 
New type java.util.LinkedList<domain.Sesion>

[2025-06-14 15:29:51 #6 type] 
Type domain.Sesion is not enhanced.

[2025-06-14 15:29:51 #7 type.registry] 
New type domain.Reserva

[2025-06-14 15:29:51 #8 type.registry] 
New type domain.Socio

[2025-06-14 15:29:51 #9 type.registry] 
New type domain.Actividad

[2025-06-14 15:29:51 #10 type] 
Type domain.Reserva is not enhanced.

[2025-06-14 15:29:51 #11 type.registry] 
New type domain.Factura

[2025-06-14 15:29:51 #12 type.registry] 
New type domain.Reserva$estadoReserva

[2025-06-14 15:29:51 #13 type] 
Type domain.Socio is not enhanced.

[2025-06-14 15:29:51 #14 type] 
Type domain.Actividad is not enhanced.

[2025-06-14 15:29:51 #15 type] 
Type domain.Factura is not enhanced.

[2025-06-14 15:29:51 #16 type.registry] 
New type java.util.LinkedList<domain.Reserva>

[2025-06-14 15:29:51 #17 type.registry] 
New type domain.Factura$estadoFactura2

[2025-06-14 15:29:51 #18 type.registry] 
New type domain.Factura$estadoFactura1

[2025-06-14 15:29:51 #19 type.registry] 
New type java.util.LinkedList<java.lang.Object>

[2025-06-14 15:29:51 #20 type.registry] 
New type java.util.LinkedList<domain.Factura>

[2025-06-14 15:29:51 #21 type.registry] 
New type java.util.LinkedList<domain.Socio>

------------------------------------------------------------------------------------------------------------------------

[2025-06-14 15:34:03 #1 store] 
Database 'C:\Users\gaizk\Desktop\SI1\Workspace\Rides24-master.zip_expanded\Rides24-master\src\main\resources\rides.temp' is opened by 348@Gaizka

[2025-06-14 15:34:03 #2 type.registry] 
New type domain.Sala

[2025-06-14 15:34:03 #3 type] 
Type domain.Sala is not enhanced.

[2025-06-14 15:34:03 #4 type.registry] 
New type domain.Sesion

[2025-06-14 15:34:03 #5 type.registry] 
New type java.util.LinkedList<domain.Sesion>

[2025-06-14 15:34:03 #6 type] 
Type domain.Sesion is not enhanced.

[2025-06-14 15:34:03 #7 type.registry] 
New type domain.Reserva

[2025-06-14 15:34:03 #8 type.registry] 
New type domain.Socio

[2025-06-14 15:34:03 #9 type.registry] 
New type domain.Actividad

[2025-06-14 15:34:03 #10 type] 
Type domain.Reserva is not enhanced.

[2025-06-14 15:34:03 #11 type.registry] 
New type domain.Factura

[2025-06-14 15:34:03 #12 type.registry] 
New type domain.Reserva$estadoReserva

[2025-06-14 15:34:03 #13 type] 
Type domain.Socio is not enhanced.

[2025-06-14 15:34:03 #14 type] 
Type domain.Actividad is not enhanced.

[2025-06-14 15:34:03 #15 type] 
Type domain.Factura is not enhanced.

[2025-06-14 15:34:03 #16 type.registry] 
New type java.util.LinkedList<domain.Reserva>

[2025-06-14 15:34:03 #17 type.registry] 
New type domain.Factura$estadoFactura2

[2025-06-14 15:34:03 #18 type.registry] 
New type domain.Factura$estadoFactura1

[2025-06-14 15:34:04 #19 type.registry] 
New type java.util.LinkedList<java.lang.Object>

[2025-06-14 15:34:04 #20 type.registry] 
New type java.util.LinkedList<domain.Factura>

[2025-06-14 15:34:04 #21 type.registry] 
New type java.util.LinkedList<domain.Socio>

------------------------------------------------------------------------------------------------------------------------

[2025-06-14 15:35:48 #1 store] 
Database 'C:\Users\gaizk\Desktop\SI1\Workspace\Rides24-master.zip_expanded\Rides24-master\src\main\resources\rides.temp' is opened by 2476@Gaizka

[2025-06-14 15:35:48 #2 type.registry] 
New type domain.Sala

[2025-06-14 15:35:48 #3 type] 
Type domain.Sala is not enhanced.

[2025-06-14 15:35:48 #4 type.registry] 
New type domain.Sesion

[2025-06-14 15:35:48 #5 type.registry] 
New type java.util.LinkedList<domain.Sesion>

[2025-06-14 15:35:48 #6 type] 
Type domain.Sesion is not enhanced.

[2025-06-14 15:35:48 #7 type.registry] 
New type domain.Reserva

[2025-06-14 15:35:48 #8 type.registry] 
New type domain.Socio

[2025-06-14 15:35:48 #9 type.registry] 
New type domain.Actividad

[2025-06-14 15:35:48 #10 type] 
Type domain.Reserva is not enhanced.

[2025-06-14 15:35:48 #11 type.registry] 
New type domain.Factura

[2025-06-14 15:35:48 #12 type.registry] 
New type domain.Reserva$estadoReserva

[2025-06-14 15:35:48 #13 type] 
Type domain.Socio is not enhanced.

[2025-06-14 15:35:48 #14 type] 
Type domain.Actividad is not enhanced.

[2025-06-14 15:35:48 #15 type] 
Type domain.Factura is not enhanced.

[2025-06-14 15:35:48 #16 type.registry] 
New type java.util.LinkedList<domain.Reserva>

[2025-06-14 15:35:48 #17 type.registry] 
New type domain.Factura$estadoFactura2

[2025-06-14 15:35:48 #18 type.registry] 
New type domain.Factura$estadoFactura1

[2025-06-14 15:35:48 #19 type.registry] 
New type java.util.LinkedList<java.lang.Object>

[2025-06-14 15:35:48 #20 type.registry] 
New type java.util.LinkedList<domain.Factura>

[2025-06-14 15:35:48 #21 type.registry] 
New type java.util.LinkedList<domain.Socio>

------------------------------------------------------------------------------------------------------------------------

[2025-06-14 15:36:13 #1 store] 
Database 'C:\Users\gaizk\Desktop\SI1\Workspace\Rides24-master.zip_expanded\Rides24-master\src\main\resources\rides.temp' is opened by 1972@Gaizka

[2025-06-14 15:36:14 #2 type.registry] 
New type domain.Sala

[2025-06-14 15:36:14 #3 type] 
Type domain.Sala is not enhanced.

[2025-06-14 15:36:14 #4 type.registry] 
New type domain.Sesion

[2025-06-14 15:36:14 #5 type.registry] 
New type java.util.LinkedList<domain.Sesion>

[2025-06-14 15:36:14 #6 type] 
Type domain.Sesion is not enhanced.

[2025-06-14 15:36:14 #7 type.registry] 
New type domain.Reserva

[2025-06-14 15:36:14 #8 type.registry] 
New type domain.Socio

[2025-06-14 15:36:14 #9 type.registry] 
New type domain.Actividad

[2025-06-14 15:36:14 #10 type] 
Type domain.Reserva is not enhanced.

[2025-06-14 15:36:14 #11 type.registry] 
New type domain.Factura

[2025-06-14 15:36:14 #12 type.registry] 
New type domain.Reserva$estadoReserva

[2025-06-14 15:36:14 #13 type] 
Type domain.Socio is not enhanced.

[2025-06-14 15:36:14 #14 type] 
Type domain.Actividad is not enhanced.

[2025-06-14 15:36:14 #15 type] 
Type domain.Factura is not enhanced.

[2025-06-14 15:36:14 #16 type.registry] 
New type java.util.LinkedList<domain.Reserva>

[2025-06-14 15:36:14 #17 type.registry] 
New type domain.Factura$estadoFactura2

[2025-06-14 15:36:14 #18 type.registry] 
New type domain.Factura$estadoFactura1

[2025-06-14 15:36:14 #19 type.registry] 
New type java.util.LinkedList<java.lang.Object>

[2025-06-14 15:36:14 #20 type.registry] 
New type java.util.LinkedList<domain.Factura>

[2025-06-14 15:36:14 #21 type.registry] 
New type java.util.LinkedList<domain.Socio>

------------------------------------------------------------------------------------------------------------------------

[2025-06-14 16:13:02 #1 store] 
Database 'C:\Users\gaizk\Desktop\SI1\Workspace\Rides24-master.zip_expanded\Rides24-master\src\main\resources\rides.temp' is opened by 12156@Gaizka

[2025-06-14 16:13:02 #2 type.registry] 
New type domain.Sala

[2025-06-14 16:13:02 #3 type] 
Type domain.Sala is not enhanced.

[2025-06-14 16:13:02 #4 type.registry] 
New type domain.Sesion

[2025-06-14 16:13:03 #5 type.registry] 
New type java.util.LinkedList<domain.Sesion>

[2025-06-14 16:13:03 #6 type] 
Type domain.Sesion is not enhanced.

[2025-06-14 16:13:03 #7 type.registry] 
New type domain.Reserva

[2025-06-14 16:13:03 #8 type.registry] 
New type domain.Socio

[2025-06-14 16:13:03 #9 type.registry] 
New type domain.Actividad

[2025-06-14 16:13:03 #10 type] 
Type domain.Reserva is not enhanced.

[2025-06-14 16:13:03 #11 type.registry] 
New type domain.Factura

[2025-06-14 16:13:03 #12 type.registry] 
New type domain.Reserva$estadoReserva

[2025-06-14 16:13:03 #13 type] 
Type domain.Socio is not enhanced.

[2025-06-14 16:13:03 #14 type] 
Type domain.Actividad is not enhanced.

[2025-06-14 16:13:03 #15 type] 
Type domain.Factura is not enhanced.

[2025-06-14 16:13:03 #16 type.registry] 
New type java.util.LinkedList<domain.Reserva>

[2025-06-14 16:13:03 #17 type.registry] 
New type domain.Factura$estadoFactura2

[2025-06-14 16:13:03 #18 type.registry] 
New type domain.Factura$estadoFactura1

[2025-06-14 16:13:03 #19 type.registry] 
New type java.util.LinkedList<java.lang.Object>

[2025-06-14 16:13:03 #20 type.registry] 
New type java.util.LinkedList<domain.Factura>

[2025-06-14 16:13:03 #21 type.registry] 
New type java.util.LinkedList<domain.Socio>

------------------------------------------------------------------------------------------------------------------------

[2025-06-14 16:14:09 #1 store] 
Database 'C:\Users\gaizk\Desktop\SI1\Workspace\Rides24-master.zip_expanded\Rides24-master\src\main\resources\rides.temp' is opened by 9924@Gaizka

[2025-06-14 16:14:09 #2 type.registry] 
New type domain.Sala

[2025-06-14 16:14:09 #3 type] 
Type domain.Sala is not enhanced.

[2025-06-14 16:14:09 #4 type.registry] 
New type domain.Sesion

[2025-06-14 16:14:09 #5 type.registry] 
New type java.util.LinkedList<domain.Sesion>

[2025-06-14 16:14:09 #6 type] 
Type domain.Sesion is not enhanced.

[2025-06-14 16:14:09 #7 type.registry] 
New type domain.Reserva

[2025-06-14 16:14:09 #8 type.registry] 
New type domain.Socio

[2025-06-14 16:14:09 #9 type.registry] 
New type domain.Actividad

[2025-06-14 16:14:09 #10 type] 
Type domain.Reserva is not enhanced.

[2025-06-14 16:14:09 #11 type.registry] 
New type domain.Factura

[2025-06-14 16:14:09 #12 type.registry] 
New type domain.Reserva$estadoReserva

[2025-06-14 16:14:09 #13 type] 
Type domain.Socio is not enhanced.

[2025-06-14 16:14:09 #14 type] 
Type domain.Actividad is not enhanced.

[2025-06-14 16:14:09 #15 type] 
Type domain.Factura is not enhanced.

[2025-06-14 16:14:09 #16 type.registry] 
New type java.util.LinkedList<domain.Reserva>

[2025-06-14 16:14:09 #17 type.registry] 
New type domain.Factura$estadoFactura2

[2025-06-14 16:14:09 #18 type.registry] 
New type domain.Factura$estadoFactura1

[2025-06-14 16:14:09 #19 type.registry] 
New type java.util.LinkedList<java.lang.Object>

[2025-06-14 16:14:09 #20 type.registry] 
New type java.util.LinkedList<domain.Factura>

[2025-06-14 16:14:09 #21 type.registry] 
New type java.util.LinkedList<domain.Socio>

------------------------------------------------------------------------------------------------------------------------

[2025-06-14 16:20:56 #1 store] 
Database 'C:\Users\gaizk\Desktop\SI1\Workspace\Rides24-master.zip_expanded\Rides24-master\src\main\resources\rides.temp' is opened by 7068@Gaizka

[2025-06-14 16:20:56 #2 type.registry] 
New type domain.Sala

[2025-06-14 16:20:56 #3 type] 
Type domain.Sala is not enhanced.

[2025-06-14 16:20:56 #4 type.registry] 
New type domain.Sesion

[2025-06-14 16:20:56 #5 type.registry] 
New type java.util.LinkedList<domain.Sesion>

[2025-06-14 16:20:56 #6 type] 
Type domain.Sesion is not enhanced.

[2025-06-14 16:20:56 #7 type.registry] 
New type domain.Reserva

[2025-06-14 16:20:56 #8 type.registry] 
New type domain.Socio

[2025-06-14 16:20:56 #9 type.registry] 
New type domain.Actividad

[2025-06-14 16:20:56 #10 type] 
Type domain.Reserva is not enhanced.

[2025-06-14 16:20:56 #11 type.registry] 
New type domain.Factura

[2025-06-14 16:20:56 #12 type.registry] 
New type domain.Reserva$estadoReserva

[2025-06-14 16:20:56 #13 type] 
Type domain.Socio is not enhanced.

[2025-06-14 16:20:56 #14 type] 
Type domain.Actividad is not enhanced.

[2025-06-14 16:20:56 #15 type] 
Type domain.Factura is not enhanced.

[2025-06-14 16:20:56 #16 type.registry] 
New type java.util.LinkedList<domain.Reserva>

[2025-06-14 16:20:56 #17 type.registry] 
New type domain.Factura$estadoFactura2

[2025-06-14 16:20:56 #18 type.registry] 
New type domain.Factura$estadoFactura1

[2025-06-14 16:20:56 #19 type.registry] 
New type java.util.LinkedList<java.lang.Object>

[2025-06-14 16:20:56 #20 type.registry] 
New type java.util.LinkedList<domain.Factura>

[2025-06-14 16:20:56 #21 type.registry] 
New type java.util.LinkedList<domain.Socio>

------------------------------------------------------------------------------------------------------------------------

[2025-06-14 16:30:56 #1 store] 
Database 'C:\Users\gaizk\Desktop\SI1\Workspace\Rides24-master.zip_expanded\Rides24-master\src\main\resources\rides.temp' is opened by 11112@Gaizka

[2025-06-14 16:30:56 #2 type.registry] 
New type domain.Sala

[2025-06-14 16:30:56 #3 type] 
Type domain.Sala is not enhanced.

[2025-06-14 16:30:56 #4 type.registry] 
New type domain.Sesion

[2025-06-14 16:30:56 #5 type.registry] 
New type java.util.LinkedList<domain.Sesion>

[2025-06-14 16:30:56 #6 type] 
Type domain.Sesion is not enhanced.

[2025-06-14 16:30:56 #7 type.registry] 
New type domain.Reserva

[2025-06-14 16:30:56 #8 type.registry] 
New type domain.Socio

[2025-06-14 16:30:56 #9 type.registry] 
New type domain.Actividad

[2025-06-14 16:30:56 #10 type] 
Type domain.Reserva is not enhanced.

[2025-06-14 16:30:56 #11 type.registry] 
New type domain.Factura

[2025-06-14 16:30:56 #12 type.registry] 
New type domain.Reserva$estadoReserva

[2025-06-14 16:30:56 #13 type] 
Type domain.Socio is not enhanced.

[2025-06-14 16:30:56 #14 type] 
Type domain.Actividad is not enhanced.

[2025-06-14 16:30:56 #15 type] 
Type domain.Factura is not enhanced.

[2025-06-14 16:30:56 #16 type.registry] 
New type java.util.LinkedList<domain.Reserva>

[2025-06-14 16:30:56 #17 type.registry] 
New type domain.Factura$estadoFactura2

[2025-06-14 16:30:56 #18 type.registry] 
New type domain.Factura$estadoFactura1

[2025-06-14 16:30:56 #19 type.registry] 
New type java.util.LinkedList<java.lang.Object>

[2025-06-14 16:30:56 #20 type.registry] 
New type java.util.LinkedList<domain.Factura>

[2025-06-14 16:30:56 #21 type.registry] 
New type java.util.LinkedList<domain.Socio>

------------------------------------------------------------------------------------------------------------------------

[2025-06-14 16:32:37 #1 store] 
Database 'C:\Users\gaizk\Desktop\SI1\Workspace\Rides24-master.zip_expanded\Rides24-master\src\main\resources\rides.temp' is opened by 5668@Gaizka

[2025-06-14 16:32:37 #2 type.registry] 
New type domain.Sala

[2025-06-14 16:32:37 #3 type] 
Type domain.Sala is not enhanced.

[2025-06-14 16:32:37 #4 type.registry] 
New type domain.Sesion

[2025-06-14 16:32:37 #5 type.registry] 
New type java.util.LinkedList<domain.Sesion>

[2025-06-14 16:32:37 #6 type] 
Type domain.Sesion is not enhanced.

[2025-06-14 16:32:37 #7 type.registry] 
New type domain.Reserva

[2025-06-14 16:32:37 #8 type.registry] 
New type domain.Socio

[2025-06-14 16:32:37 #9 type.registry] 
New type domain.Actividad

[2025-06-14 16:32:37 #10 type] 
Type domain.Reserva is not enhanced.

[2025-06-14 16:32:37 #11 type.registry] 
New type domain.Factura

[2025-06-14 16:32:37 #12 type.registry] 
New type domain.Reserva$estadoReserva

[2025-06-14 16:32:37 #13 type] 
Type domain.Socio is not enhanced.

[2025-06-14 16:32:37 #14 type] 
Type domain.Actividad is not enhanced.

[2025-06-14 16:32:37 #15 type] 
Type domain.Factura is not enhanced.

[2025-06-14 16:32:37 #16 type.registry] 
New type java.util.LinkedList<domain.Reserva>

[2025-06-14 16:32:37 #17 type.registry] 
New type domain.Factura$estadoFactura2

[2025-06-14 16:32:37 #18 type.registry] 
New type domain.Factura$estadoFactura1

[2025-06-14 16:32:37 #19 type.registry] 
New type java.util.LinkedList<java.lang.Object>

[2025-06-14 16:32:37 #20 type.registry] 
New type java.util.LinkedList<domain.Factura>

[2025-06-14 16:32:37 #21 type.registry] 
New type java.util.LinkedList<domain.Socio>

------------------------------------------------------------------------------------------------------------------------

[2025-06-14 16:33:25 #1 store] 
Database 'C:\Users\gaizk\Desktop\SI1\Workspace\Rides24-master.zip_expanded\Rides24-master\src\main\resources\rides.temp' is opened by 11092@Gaizka

[2025-06-14 16:33:25 #2 type.registry] 
New type domain.Sala

[2025-06-14 16:33:25 #3 type] 
Type domain.Sala is not enhanced.

[2025-06-14 16:33:25 #4 type.registry] 
New type domain.Sesion

[2025-06-14 16:33:25 #5 type.registry] 
New type java.util.LinkedList<domain.Sesion>

[2025-06-14 16:33:25 #6 type] 
Type domain.Sesion is not enhanced.

[2025-06-14 16:33:25 #7 type.registry] 
New type domain.Reserva

[2025-06-14 16:33:25 #8 type.registry] 
New type domain.Socio

[2025-06-14 16:33:25 #9 type.registry] 
New type domain.Actividad

[2025-06-14 16:33:25 #10 type] 
Type domain.Reserva is not enhanced.

[2025-06-14 16:33:25 #11 type.registry] 
New type domain.Factura

[2025-06-14 16:33:25 #12 type.registry] 
New type domain.Reserva$estadoReserva

[2025-06-14 16:33:25 #13 type] 
Type domain.Socio is not enhanced.

[2025-06-14 16:33:25 #14 type] 
Type domain.Actividad is not enhanced.

[2025-06-14 16:33:25 #15 type] 
Type domain.Factura is not enhanced.

[2025-06-14 16:33:25 #16 type.registry] 
New type java.util.LinkedList<domain.Reserva>

[2025-06-14 16:33:25 #17 type.registry] 
New type domain.Factura$estadoFactura2

[2025-06-14 16:33:25 #18 type.registry] 
New type domain.Factura$estadoFactura1

[2025-06-14 16:33:25 #19 type.registry] 
New type java.util.LinkedList<java.lang.Object>

[2025-06-14 16:33:25 #20 type.registry] 
New type java.util.LinkedList<domain.Factura>

[2025-06-14 16:33:25 #21 type.registry] 
New type java.util.LinkedList<domain.Socio>

------------------------------------------------------------------------------------------------------------------------

[2025-06-14 16:34:27 #1 store] 
Database 'C:\Users\gaizk\Desktop\SI1\Workspace\Rides24-master.zip_expanded\Rides24-master\src\main\resources\rides.temp' is opened by 6296@Gaizka

[2025-06-14 16:34:27 #2 type.registry] 
New type domain.Sala

[2025-06-14 16:34:27 #3 type] 
Type domain.Sala is not enhanced.

[2025-06-14 16:34:27 #4 type.registry] 
New type domain.Sesion

[2025-06-14 16:34:28 #5 type.registry] 
New type java.util.LinkedList<domain.Sesion>

[2025-06-14 16:34:28 #6 type] 
Type domain.Sesion is not enhanced.

[2025-06-14 16:34:28 #7 type.registry] 
New type domain.Reserva

[2025-06-14 16:34:28 #8 type.registry] 
New type domain.Socio

[2025-06-14 16:34:28 #9 type.registry] 
New type domain.Actividad

[2025-06-14 16:34:28 #10 type] 
Type domain.Reserva is not enhanced.

[2025-06-14 16:34:28 #11 type.registry] 
New type domain.Factura

[2025-06-14 16:34:28 #12 type.registry] 
New type domain.Reserva$estadoReserva

[2025-06-14 16:34:28 #13 type] 
Type domain.Socio is not enhanced.

[2025-06-14 16:34:28 #14 type] 
Type domain.Actividad is not enhanced.

[2025-06-14 16:34:28 #15 type] 
Type domain.Factura is not enhanced.

[2025-06-14 16:34:28 #16 type.registry] 
New type java.util.LinkedList<domain.Reserva>

[2025-06-14 16:34:28 #17 type.registry] 
New type domain.Factura$estadoFactura2

[2025-06-14 16:34:28 #18 type.registry] 
New type domain.Factura$estadoFactura1

[2025-06-14 16:34:28 #19 type.registry] 
New type java.util.LinkedList<java.lang.Object>

[2025-06-14 16:34:28 #20 type.registry] 
New type java.util.LinkedList<domain.Factura>

[2025-06-14 16:34:28 #21 type.registry] 
New type java.util.LinkedList<domain.Socio>

------------------------------------------------------------------------------------------------------------------------

[2025-06-14 16:47:32 #1 store] 
Database 'C:\Users\gaizk\Desktop\SI1\Workspace\Rides24-master.zip_expanded\Rides24-master\src\main\resources\rides.temp' is opened by 7208@Gaizka

[2025-06-14 16:47:32 #2 type.registry] 
New type domain.Sala

[2025-06-14 16:47:32 #3 type] 
Type domain.Sala is not enhanced.

[2025-06-14 16:47:32 #4 type.registry] 
New type domain.Sesion

[2025-06-14 16:47:32 #5 type.registry] 
New type java.util.LinkedList<domain.Sesion>

[2025-06-14 16:47:32 #6 type] 
Type domain.Sesion is not enhanced.

[2025-06-14 16:47:32 #7 type.registry] 
New type domain.Reserva

[2025-06-14 16:47:32 #8 type.registry] 
New type domain.Socio

[2025-06-14 16:47:32 #9 type.registry] 
New type domain.Actividad

[2025-06-14 16:47:32 #10 type] 
Type domain.Reserva is not enhanced.

[2025-06-14 16:47:32 #11 type.registry] 
New type domain.Factura

[2025-06-14 16:47:32 #12 type.registry] 
New type domain.Reserva$estadoReserva

[2025-06-14 16:47:32 #13 type] 
Type domain.Socio is not enhanced.

[2025-06-14 16:47:32 #14 type] 
Type domain.Actividad is not enhanced.

[2025-06-14 16:47:32 #15 type] 
Type domain.Factura is not enhanced.

[2025-06-14 16:47:32 #16 type.registry] 
New type java.util.LinkedList<domain.Reserva>

[2025-06-14 16:47:32 #17 type.registry] 
New type domain.Factura$estadoFactura2

[2025-06-14 16:47:32 #18 type.registry] 
New type domain.Factura$estadoFactura1

[2025-06-14 16:47:32 #19 type.registry] 
New type java.util.LinkedList<java.lang.Object>

[2025-06-14 16:47:32 #20 type.registry] 
New type java.util.LinkedList<domain.Factura>

[2025-06-14 16:47:32 #21 type.registry] 
New type java.util.LinkedList<domain.Socio>

------------------------------------------------------------------------------------------------------------------------

[2025-06-14 16:56:45 #1 store] 
Database 'C:\Users\gaizk\Desktop\SI1\Workspace\Rides24-master.zip_expanded\Rides24-master\src\main\resources\rides.temp' is opened by 11516@Gaizka

[2025-06-14 16:56:45 #2 type.registry] 
New type domain.Sala

[2025-06-14 16:56:45 #3 type] 
Type domain.Sala is not enhanced.

[2025-06-14 16:56:45 #4 type.registry] 
New type domain.Sesion

[2025-06-14 16:56:45 #5 type.registry] 
New type java.util.LinkedList<domain.Sesion>

[2025-06-14 16:56:45 #6 type] 
Type domain.Sesion is not enhanced.

[2025-06-14 16:56:45 #7 type.registry] 
New type domain.Reserva

[2025-06-14 16:56:45 #8 type.registry] 
New type domain.Socio

[2025-06-14 16:56:45 #9 type.registry] 
New type domain.Actividad

[2025-06-14 16:56:45 #10 type] 
Type domain.Reserva is not enhanced.

[2025-06-14 16:56:45 #11 type.registry] 
New type domain.Factura

[2025-06-14 16:56:45 #12 type.registry] 
New type domain.Reserva$estadoReserva

[2025-06-14 16:56:45 #13 type] 
Type domain.Socio is not enhanced.

[2025-06-14 16:56:45 #14 type] 
Type domain.Actividad is not enhanced.

[2025-06-14 16:56:45 #15 type] 
Type domain.Factura is not enhanced.

[2025-06-14 16:56:45 #16 type.registry] 
New type java.util.LinkedList<domain.Reserva>

[2025-06-14 16:56:45 #17 type.registry] 
New type domain.Factura$estadoFactura2

[2025-06-14 16:56:45 #18 type.registry] 
New type domain.Factura$estadoFactura1

[2025-06-14 16:56:45 #19 type.registry] 
New type java.util.LinkedList<java.lang.Object>

[2025-06-14 16:56:45 #20 type.registry] 
New type java.util.LinkedList<domain.Factura>

[2025-06-14 16:56:45 #21 type.registry] 
New type java.util.LinkedList<domain.Socio>

------------------------------------------------------------------------------------------------------------------------

[2025-06-14 16:56:55 #1 store] 
Database 'C:\Users\gaizk\Desktop\SI1\Workspace\Rides24-master.zip_expanded\Rides24-master\src\main\resources\rides.temp' is opened by 5204@Gaizka

[2025-06-14 16:56:55 #2 type.registry] 
New type domain.Sala

[2025-06-14 16:56:55 #3 type] 
Type domain.Sala is not enhanced.

[2025-06-14 16:56:55 #4 type.registry] 
New type domain.Sesion

[2025-06-14 16:56:55 #5 type.registry] 
New type java.util.LinkedList<domain.Sesion>

[2025-06-14 16:56:55 #6 type] 
Type domain.Sesion is not enhanced.

[2025-06-14 16:56:55 #7 type.registry] 
New type domain.Reserva

[2025-06-14 16:56:55 #8 type.registry] 
New type domain.Socio

[2025-06-14 16:56:55 #9 type.registry] 
New type domain.Actividad

[2025-06-14 16:56:55 #10 type] 
Type domain.Reserva is not enhanced.

[2025-06-14 16:56:55 #11 type.registry] 
New type domain.Factura

[2025-06-14 16:56:55 #12 type.registry] 
New type domain.Reserva$estadoReserva

[2025-06-14 16:56:55 #13 type] 
Type domain.Socio is not enhanced.

[2025-06-14 16:56:55 #14 type] 
Type domain.Actividad is not enhanced.

[2025-06-14 16:56:55 #15 type] 
Type domain.Factura is not enhanced.

[2025-06-14 16:56:55 #16 type.registry] 
New type java.util.LinkedList<domain.Reserva>

[2025-06-14 16:56:55 #17 type.registry] 
New type domain.Factura$estadoFactura2

[2025-06-14 16:56:55 #18 type.registry] 
New type domain.Factura$estadoFactura1

[2025-06-14 16:56:55 #19 type.registry] 
New type java.util.LinkedList<java.lang.Object>

[2025-06-14 16:56:55 #20 type.registry] 
New type java.util.LinkedList<domain.Factura>

[2025-06-14 16:56:55 #21 type.registry] 
New type java.util.LinkedList<domain.Socio>

------------------------------------------------------------------------------------------------------------------------

[2025-06-14 17:06:55 #1 store] 
Database 'C:\Users\gaizk\Desktop\SI1\Workspace\Rides24-master.zip_expanded\Rides24-master\src\main\resources\rides.temp' is opened by 2864@Gaizka

[2025-06-14 17:06:55 #2 type.registry] 
New type domain.Sala

[2025-06-14 17:06:55 #3 type] 
Type domain.Sala is not enhanced.

[2025-06-14 17:06:55 #4 type.registry] 
New type domain.Sesion

[2025-06-14 17:06:55 #5 type.registry] 
New type java.util.LinkedList<domain.Sesion>

[2025-06-14 17:06:55 #6 type] 
Type domain.Sesion is not enhanced.

[2025-06-14 17:06:55 #7 type.registry] 
New type domain.Reserva

[2025-06-14 17:06:55 #8 type.registry] 
New type domain.Socio

[2025-06-14 17:06:55 #9 type.registry] 
New type domain.Actividad

[2025-06-14 17:06:55 #10 type] 
Type domain.Reserva is not enhanced.

[2025-06-14 17:06:55 #11 type.registry] 
New type domain.Factura

[2025-06-14 17:06:55 #12 type.registry] 
New type domain.Reserva$estadoReserva

[2025-06-14 17:06:55 #13 type] 
Type domain.Socio is not enhanced.

[2025-06-14 17:06:55 #14 type] 
Type domain.Actividad is not enhanced.

[2025-06-14 17:06:55 #15 type] 
Type domain.Factura is not enhanced.

[2025-06-14 17:06:55 #16 type.registry] 
New type java.util.LinkedList<domain.Reserva>

[2025-06-14 17:06:55 #17 type.registry] 
New type domain.Factura$estadoFactura2

[2025-06-14 17:06:55 #18 type.registry] 
New type domain.Factura$estadoFactura1

[2025-06-14 17:06:55 #19 type.registry] 
New type java.util.LinkedList<java.lang.Object>

[2025-06-14 17:06:55 #20 type.registry] 
New type java.util.LinkedList<domain.Factura>

[2025-06-14 17:06:55 #21 type.registry] 
New type java.util.LinkedList<domain.Socio>

------------------------------------------------------------------------------------------------------------------------

[2025-06-14 17:10:38 #1 store] 
Database 'C:\Users\gaizk\Desktop\SI1\Workspace\Rides24-master.zip_expanded\Rides24-master\src\main\resources\rides.temp' is opened by 9364@Gaizka

[2025-06-14 17:10:39 #2 type.registry] 
New type domain.Sala

[2025-06-14 17:10:39 #3 type] 
Type domain.Sala is not enhanced.

[2025-06-14 17:10:39 #4 type.registry] 
New type domain.Sesion

[2025-06-14 17:10:39 #5 type.registry] 
New type java.util.LinkedList<domain.Sesion>

[2025-06-14 17:10:39 #6 type] 
Type domain.Sesion is not enhanced.

[2025-06-14 17:10:39 #7 type.registry] 
New type domain.Reserva

[2025-06-14 17:10:39 #8 type.registry] 
New type domain.Socio

[2025-06-14 17:10:39 #9 type.registry] 
New type domain.Actividad

[2025-06-14 17:10:39 #10 type] 
Type domain.Reserva is not enhanced.

[2025-06-14 17:10:39 #11 type.registry] 
New type domain.Factura

[2025-06-14 17:10:39 #12 type.registry] 
New type domain.Reserva$estadoReserva

[2025-06-14 17:10:39 #13 type] 
Type domain.Socio is not enhanced.

[2025-06-14 17:10:39 #14 type] 
Type domain.Actividad is not enhanced.

[2025-06-14 17:10:39 #15 type] 
Type domain.Factura is not enhanced.

[2025-06-14 17:10:39 #16 type.registry] 
New type java.util.LinkedList<domain.Reserva>

[2025-06-14 17:10:39 #17 type.registry] 
New type domain.Factura$estadoFactura2

[2025-06-14 17:10:39 #18 type.registry] 
New type domain.Factura$estadoFactura1

[2025-06-14 17:10:39 #19 type.registry] 
New type java.util.LinkedList<java.lang.Object>

[2025-06-14 17:10:39 #20 type.registry] 
New type java.util.LinkedList<domain.Factura>

[2025-06-14 17:10:39 #21 type.registry] 
New type java.util.LinkedList<domain.Socio>

------------------------------------------------------------------------------------------------------------------------

[2025-06-14 17:20:33 #1 store] 
Database 'C:\Users\gaizk\Desktop\SI1\Workspace\Rides24-master.zip_expanded\Rides24-master\src\main\resources\rides.temp' is opened by 10368@Gaizka

[2025-06-14 17:20:34 #2 type.registry] 
New type domain.Sala

[2025-06-14 17:20:34 #3 type] 
Type domain.Sala is not enhanced.

[2025-06-14 17:20:34 #4 type.registry] 
New type domain.Sesion

[2025-06-14 17:20:34 #5 type.registry] 
New type java.util.LinkedList<domain.Sesion>

[2025-06-14 17:20:34 #6 type] 
Type domain.Sesion is not enhanced.

[2025-06-14 17:20:34 #7 type.registry] 
New type domain.Reserva

[2025-06-14 17:20:34 #8 type.registry] 
New type domain.Socio

[2025-06-14 17:20:34 #9 type.registry] 
New type domain.Actividad

[2025-06-14 17:20:34 #10 type] 
Type domain.Reserva is not enhanced.

[2025-06-14 17:20:34 #11 type.registry] 
New type domain.Factura

[2025-06-14 17:20:34 #12 type.registry] 
New type domain.Reserva$estadoReserva

[2025-06-14 17:20:34 #13 type] 
Type domain.Socio is not enhanced.

[2025-06-14 17:20:34 #14 type] 
Type domain.Actividad is not enhanced.

[2025-06-14 17:20:34 #15 type] 
Type domain.Factura is not enhanced.

[2025-06-14 17:20:34 #16 type.registry] 
New type java.util.LinkedList<domain.Reserva>

[2025-06-14 17:20:34 #17 type.registry] 
New type domain.Factura$estadoFactura2

[2025-06-14 17:20:34 #18 type.registry] 
New type domain.Factura$estadoFactura1

[2025-06-14 17:20:34 #19 type.registry] 
New type java.util.LinkedList<java.lang.Object>

[2025-06-14 17:20:34 #20 type.registry] 
New type java.util.LinkedList<domain.Factura>

[2025-06-14 17:20:34 #21 type.registry] 
New type java.util.LinkedList<domain.Socio>

------------------------------------------------------------------------------------------------------------------------

[2025-06-14 17:24:31 #1 store] 
Database 'C:\Users\gaizk\Desktop\SI1\Workspace\Rides24-master.zip_expanded\Rides24-master\src\main\resources\rides.temp' is opened by 9404@Gaizka

[2025-06-14 17:24:32 #2 type.registry] 
New type domain.Sala

[2025-06-14 17:24:32 #3 type] 
Type domain.Sala is not enhanced.

[2025-06-14 17:24:32 #4 type.registry] 
New type domain.Sesion

[2025-06-14 17:24:32 #5 type.registry] 
New type java.util.LinkedList<domain.Sesion>

[2025-06-14 17:24:32 #6 type] 
Type domain.Sesion is not enhanced.

[2025-06-14 17:24:32 #7 type.registry] 
New type domain.Reserva

[2025-06-14 17:24:32 #8 type.registry] 
New type domain.Socio

[2025-06-14 17:24:32 #9 type.registry] 
New type domain.Actividad

[2025-06-14 17:24:32 #10 type] 
Type domain.Reserva is not enhanced.

[2025-06-14 17:24:32 #11 type.registry] 
New type domain.Factura

[2025-06-14 17:24:32 #12 type.registry] 
New type domain.Reserva$estadoReserva

[2025-06-14 17:24:32 #13 type] 
Type domain.Socio is not enhanced.

[2025-06-14 17:24:32 #14 type] 
Type domain.Actividad is not enhanced.

[2025-06-14 17:24:32 #15 type] 
Type domain.Factura is not enhanced.

[2025-06-14 17:24:32 #16 type.registry] 
New type java.util.LinkedList<domain.Reserva>

[2025-06-14 17:24:32 #17 type.registry] 
New type domain.Factura$estadoFactura2

[2025-06-14 17:24:32 #18 type.registry] 
New type domain.Factura$estadoFactura1

[2025-06-14 17:24:32 #19 type.registry] 
New type java.util.LinkedList<java.lang.Object>

[2025-06-14 17:24:32 #20 type.registry] 
New type java.util.LinkedList<domain.Factura>

[2025-06-14 17:24:32 #21 type.registry] 
New type java.util.LinkedList<domain.Socio>

------------------------------------------------------------------------------------------------------------------------

[2025-06-14 17:28:12 #1 server] 
Server on port 6136 has started by 11956@Gaizka

[2025-06-14 17:28:17 #2 store] 
Database 'C:\Users\gaizk\Desktop\SI1\Workspace\Rides24-master.zip_expanded\Rides24-master\src\main\resources\db\src\main\resources\rides.temp' is opened by 11956@Gaizka

------------------------------------------------------------------------------------------------------------------------

[2025-06-14 17:28:18 #1 type] 
Type domain.Sala is not enhanced.

[2025-06-14 17:28:18 #2 type] 
Type domain.Sesion is not enhanced.

[2025-06-14 17:28:18 #3 type] 
Type domain.Reserva is not enhanced.

[2025-06-14 17:28:18 #4 type] 
Type domain.Socio is not enhanced.

[2025-06-14 17:28:18 #5 type] 
Type domain.Actividad is not enhanced.

[2025-06-14 17:28:18 #6 type] 
Type domain.Factura is not enhanced.

[2025-06-14 17:31:35 #3 store] 
Database 'C:\Users\gaizk\Desktop\SI1\Workspace\Rides24-master.zip_expanded\Rides24-master\src\main\resources\db\src\main\resources\rides.temp' is closed by 11956@Gaizka

------------------------------------------------------------------------------------------------------------------------

[2025-06-14 17:31:45 #1 server] 
Server on port 6136 has started by 9420@Gaizka

[2025-06-14 17:31:49 #2 store] 
Database 'C:\Users\gaizk\Desktop\SI1\Workspace\Rides24-master.zip_expanded\Rides24-master\src\main\resources\db\src\main\resources\rides.temp' is opened by 9420@Gaizka

------------------------------------------------------------------------------------------------------------------------

[2025-06-14 17:31:50 #1 type] 
Type domain.Sala is not enhanced.

[2025-06-14 17:31:50 #2 type] 
Type domain.Sesion is not enhanced.

[2025-06-14 17:31:50 #3 type] 
Type domain.Reserva is not enhanced.

[2025-06-14 17:31:50 #4 type] 
Type domain.Socio is not enhanced.

[2025-06-14 17:31:50 #5 type] 
Type domain.Actividad is not enhanced.

[2025-06-14 17:31:50 #6 type] 
Type domain.Factura is not enhanced.

[2025-06-14 17:31:57 #3 store] 
Database 'C:\Users\gaizk\Desktop\SI1\Workspace\Rides24-master.zip_expanded\Rides24-master\src\main\resources\db\src\main\resources\rides.temp' is closed by 9420@Gaizka

------------------------------------------------------------------------------------------------------------------------

[2025-06-14 17:56:33 #1 server] 
Server on port 6136 has started by 4252@Gaizka

[2025-06-14 17:56:37 #2 store] 
Database 'C:\Users\gaizk\Desktop\SI1\Workspace\Rides24-master.zip_expanded\Rides24-master\src\main\resources\db\src\main\resources\rides.temp' is opened by 4252@Gaizka

------------------------------------------------------------------------------------------------------------------------

[2025-06-14 17:56:38 #1 type] 
Type domain.Sala is not enhanced.

[2025-06-14 17:56:38 #2 type] 
Type domain.Sesion is not enhanced.

[2025-06-14 17:56:38 #3 type] 
Type domain.Reserva is not enhanced.

[2025-06-14 17:56:38 #4 type] 
Type domain.Socio is not enhanced.

[2025-06-14 17:56:38 #5 type] 
Type domain.Actividad is not enhanced.

[2025-06-14 17:56:38 #6 type] 
Type domain.Factura is not enhanced.

[2025-06-14 17:56:42 #3 store] 
Database 'C:\Users\gaizk\Desktop\SI1\Workspace\Rides24-master.zip_expanded\Rides24-master\src\main\resources\db\src\main\resources\rides.temp' is closed by 4252@Gaizka

[2025-06-14 17:57:02 #4 store] 
Database 'C:\Users\gaizk\Desktop\SI1\Workspace\Rides24-master.zip_expanded\Rides24-master\src\main\resources\db\src\main\resources\rides.temp' is opened by 4252@Gaizka

------------------------------------------------------------------------------------------------------------------------

[2025-06-14 17:57:02 #1 type] 
Type domain.Sala is not enhanced.

[2025-06-14 17:57:02 #2 type] 
Type domain.Sesion is not enhanced.

[2025-06-14 17:57:02 #3 type] 
Type domain.Reserva is not enhanced.

[2025-06-14 17:57:02 #4 type] 
Type domain.Socio is not enhanced.

[2025-06-14 17:57:02 #5 type] 
Type domain.Actividad is not enhanced.

[2025-06-14 17:57:02 #6 type] 
Type domain.Factura is not enhanced.

[2025-06-14 17:57:05 #5 store] 
Database 'C:\Users\gaizk\Desktop\SI1\Workspace\Rides24-master.zip_expanded\Rides24-master\src\main\resources\db\src\main\resources\rides.temp' is closed by 4252@Gaizka

------------------------------------------------------------------------------------------------------------------------

[2025-06-14 17:57:13 #1 server] 
Server on port 6136 has started by 8568@Gaizka

------------------------------------------------------------------------------------------------------------------------

[2025-06-14 17:57:15 #1 server] 
java.net.BindException: Address already in use: bind
	at java.base/sun.nio.ch.Net.bind0(Native Method)
	at java.base/sun.nio.ch.Net.bind(Net.java:565)
	at java.base/sun.nio.ch.Net.bind(Net.java:554)
	at java.base/sun.nio.ch.NioSocketImpl.bind(NioSocketImpl.java:636)
	at java.base/java.net.ServerSocket.bind(ServerSocket.java:389)
	at java.base/java.net.ServerSocket.<init>(ServerSocket.java:276)
	at java.base/java.net.ServerSocket.<init>(ServerSocket.java:221)
	at com.objectdb.o.SMR.I(SMR.java:259)
	at com.objectdb.o.SMR.n(SMR.java:159)
	at com.objectdb.o.TOL.run(TOL.java:116)
	at com.objectdb.Server.runCommand(Server.java:200)
	at com.objectdb.Server.run(Server.java:104)
	at com.objectdb.Server.main(Server.java:63)

------------------------------------------------------------------------------------------------------------------------

[2025-06-14 17:57:27 #1 server] 
Server on port 6136 has started by 10208@Gaizka

[2025-06-14 17:57:29 #2 store] 
Database 'C:\Users\gaizk\Desktop\SI1\Workspace\Rides24-master.zip_expanded\Rides24-master\src\main\resources\db\src\main\resources\rides.temp' is opened by 10208@Gaizka

------------------------------------------------------------------------------------------------------------------------

[2025-06-14 17:57:29 #1 type] 
Type domain.Sala is not enhanced.

[2025-06-14 17:57:29 #2 type] 
Type domain.Sesion is not enhanced.

[2025-06-14 17:57:29 #3 type] 
Type domain.Reserva is not enhanced.

[2025-06-14 17:57:29 #4 type] 
Type domain.Socio is not enhanced.

[2025-06-14 17:57:29 #5 type] 
Type domain.Actividad is not enhanced.

[2025-06-14 17:57:29 #6 type] 
Type domain.Factura is not enhanced.

[2025-06-15 10:58:42 #3 store] 
Database 'C:\Users\gaizk\Desktop\SI1\Workspace\Rides24-master.zip_expanded\Rides24-master\src\main\resources\db\src\main\resources\rides.temp' is closed by 10208@Gaizka

