------------------------------------------------------------------------------------------------------------------------

[2025-06-15 10:58:30 #1 server] 
java.net.BindException: Address already in use: bind
	at java.base/sun.nio.ch.Net.bind0(Native Method)
	at java.base/sun.nio.ch.Net.bind(Net.java:565)
	at java.base/sun.nio.ch.Net.bind(Net.java:554)
	at java.base/sun.nio.ch.NioSocketImpl.bind(NioSocketImpl.java:636)
	at java.base/java.net.ServerSocket.bind(ServerSocket.java:389)
	at java.base/java.net.ServerSocket.<init>(ServerSocket.java:276)
	at java.base/java.net.ServerSocket.<init>(ServerSocket.java:221)
	at com.objectdb.o.SMR.I(SMR.java:259)
	at com.objectdb.o.SMR.n(SMR.java:159)
	at com.objectdb.o.TOL.run(TOL.java:116)
	at com.objectdb.Server.runCommand(Server.java:200)
	at com.objectdb.Server.run(Server.java:104)
	at com.objectdb.Server.main(Server.java:63)

------------------------------------------------------------------------------------------------------------------------

[2025-06-15 10:58:34 #1 type] 
Type domain.Sala is not enhanced.

[2025-06-15 10:58:34 #2 type] 
Type domain.Sesion is not enhanced.

[2025-06-15 10:58:34 #3 type] 
Type domain.Reserva is not enhanced.

[2025-06-15 10:58:34 #4 type] 
Type domain.Socio is not enhanced.

[2025-06-15 10:58:34 #5 type] 
Type domain.Actividad is not enhanced.

[2025-06-15 10:58:34 #6 type] 
Type domain.Factura is not enhanced.

------------------------------------------------------------------------------------------------------------------------

[2025-06-15 10:58:47 #1 server] 
Server on port 6136 has started by 14428@Gaizka

[2025-06-15 10:58:52 #2 store] 
Database 'C:\Users\gaizk\Desktop\SI1\Workspace\Rides24-master.zip_expanded\Rides24-master\src\main\resources\db\src\main\resources\rides.temp' is opened by 14428@Gaizka

------------------------------------------------------------------------------------------------------------------------

[2025-06-15 10:58:53 #1 type] 
Type domain.Sala is not enhanced.

[2025-06-15 10:58:53 #2 type] 
Type domain.Sesion is not enhanced.

[2025-06-15 10:58:53 #3 type] 
Type domain.Reserva is not enhanced.

[2025-06-15 10:58:53 #4 type] 
Type domain.Socio is not enhanced.

[2025-06-15 10:58:53 #5 type] 
Type domain.Actividad is not enhanced.

[2025-06-15 10:58:53 #6 type] 
Type domain.Factura is not enhanced.

[2025-06-15 10:59:28 #3 store] 
Database 'C:\Users\gaizk\Desktop\SI1\Workspace\Rides24-master.zip_expanded\Rides24-master\src\main\resources\db\src\main\resources\rides.temp' is closed by 14428@Gaizka

------------------------------------------------------------------------------------------------------------------------

[2025-06-15 11:11:20 #1 server] 
Server on port 6136 has started by 15364@Gaizka

[2025-06-15 11:11:26 #2 store] 
Database 'C:\Users\gaizk\Desktop\SI1\Workspace\Rides24-master.zip_expanded\Rides24-master\src\main\resources\db\src\main\resources\rides.temp' is opened by 15364@Gaizka

------------------------------------------------------------------------------------------------------------------------

[2025-06-15 11:11:26 #1 type] 
Type domain.Sala is not enhanced.

[2025-06-15 11:11:26 #2 type] 
Type domain.Sesion is not enhanced.

[2025-06-15 11:11:26 #3 type] 
Type domain.Reserva is not enhanced.

[2025-06-15 11:11:26 #4 type] 
Type domain.Socio is not enhanced.

[2025-06-15 11:11:26 #5 type] 
Type domain.Actividad is not enhanced.

[2025-06-15 11:11:26 #6 type] 
Type domain.Factura is not enhanced.

[2025-06-15 11:11:26 #3 type.user] 
Enhancement of type domain.Factura is old and cannot be used (-965877596946754041:-971765481564269049)

[2025-06-15 11:11:26 #4 type] 
Type domain.Factura is not enhanced.

[2025-06-15 11:11:41 #5 store] 
Database 'C:\Users\gaizk\Desktop\SI1\Workspace\Rides24-master.zip_expanded\Rides24-master\src\main\resources\db\src\main\resources\rides.temp' is closed by 15364@Gaizka

------------------------------------------------------------------------------------------------------------------------

[2025-06-15 11:12:38 #1 store] 
Database 'C:\Users\gaizk\Desktop\SI1\Workspace\Rides24-master.zip_expanded\Rides24-master\src\main\resources\rides.temp' is opened by 14436@Gaizka

[2025-06-15 11:12:38 #2 type.registry] 
New type domain.Sala

[2025-06-15 11:12:38 #3 type] 
Type domain.Sala is not enhanced.

[2025-06-15 11:12:38 #4 type.registry] 
New type domain.Sesion

[2025-06-15 11:12:38 #5 type.registry] 
New type java.util.LinkedList<domain.Sesion>

[2025-06-15 11:12:38 #6 type] 
Type domain.Sesion is not enhanced.

[2025-06-15 11:12:38 #7 type.registry] 
New type domain.Reserva

[2025-06-15 11:12:38 #8 type.registry] 
New type domain.Socio

[2025-06-15 11:12:38 #9 type.registry] 
New type domain.Actividad

[2025-06-15 11:12:38 #10 type] 
Type domain.Reserva is not enhanced.

[2025-06-15 11:12:38 #11 type.registry] 
New type domain.Factura

[2025-06-15 11:12:38 #12 type.registry] 
New type domain.Reserva$estadoReserva

[2025-06-15 11:12:38 #13 type] 
Type domain.Socio is not enhanced.

[2025-06-15 11:12:38 #14 type] 
Type domain.Actividad is not enhanced.

[2025-06-15 11:12:38 #15 type] 
Type domain.Factura is not enhanced.

[2025-06-15 11:12:38 #16 type.registry] 
New type java.util.LinkedList<domain.Reserva>

[2025-06-15 11:12:38 #17 type.registry] 
New type domain.Factura$estadoFactura2

[2025-06-15 11:12:38 #18 type.registry] 
New type domain.Factura$estadoFactura1

[2025-06-15 11:12:38 #19 type.registry] 
New type java.util.LinkedList<java.lang.Object>

[2025-06-15 11:12:38 #20 type.registry] 
New type java.util.LinkedList<domain.Factura>

[2025-06-15 11:12:38 #21 type.registry] 
New type java.util.LinkedList<domain.Socio>

------------------------------------------------------------------------------------------------------------------------

[2025-06-15 11:17:47 #1 store] 
Database 'C:\Users\gaizk\Desktop\SI1\Workspace\Rides24-master.zip_expanded\Rides24-master\src\main\resources\rides.temp' is opened by 11056@Gaizka

[2025-06-15 11:17:47 #2 type.registry] 
New type domain.Sala

[2025-06-15 11:17:47 #3 type] 
Type domain.Sala is not enhanced.

[2025-06-15 11:17:47 #4 type.registry] 
New type domain.Sesion

[2025-06-15 11:17:47 #5 type.registry] 
New type java.util.LinkedList<domain.Sesion>

[2025-06-15 11:17:47 #6 type] 
Type domain.Sesion is not enhanced.

[2025-06-15 11:17:47 #7 type.registry] 
New type domain.Reserva

[2025-06-15 11:17:47 #8 type.registry] 
New type domain.Socio

[2025-06-15 11:17:47 #9 type.registry] 
New type domain.Actividad

[2025-06-15 11:17:47 #10 type] 
Type domain.Reserva is not enhanced.

[2025-06-15 11:17:47 #11 type.registry] 
New type domain.Factura

[2025-06-15 11:17:47 #12 type.registry] 
New type domain.Reserva$estadoReserva

[2025-06-15 11:17:47 #13 type] 
Type domain.Socio is not enhanced.

[2025-06-15 11:17:47 #14 type] 
Type domain.Actividad is not enhanced.

[2025-06-15 11:17:47 #15 type] 
Type domain.Factura is not enhanced.

[2025-06-15 11:17:47 #16 type.registry] 
New type java.util.LinkedList<domain.Reserva>

[2025-06-15 11:17:47 #17 type.registry] 
New type domain.Factura$estadoFactura2

[2025-06-15 11:17:47 #18 type.registry] 
New type domain.Factura$estadoFactura1

[2025-06-15 11:17:47 #19 type.registry] 
New type java.util.LinkedList<java.lang.Object>

[2025-06-15 11:17:47 #20 type.registry] 
New type java.util.LinkedList<domain.Factura>

[2025-06-15 11:17:47 #21 type.registry] 
New type java.util.LinkedList<domain.Socio>

------------------------------------------------------------------------------------------------------------------------

[2025-06-15 11:44:12 #1 server] 
Server on port 6136 has started by 15292@Gaizka

[2025-06-15 11:44:19 #2 store] 
Database 'C:\Users\gaizk\Desktop\SI1\Workspace\Rides24-master.zip_expanded\Rides24-master\src\main\resources\db\src\main\resources\rides.temp' is opened by 15292@Gaizka

------------------------------------------------------------------------------------------------------------------------

[2025-06-15 11:44:20 #1 type] 
Type domain.Sala is not enhanced.

[2025-06-15 11:44:20 #2 type] 
Type domain.Sesion is not enhanced.

[2025-06-15 11:44:20 #3 type] 
Type domain.Reserva is not enhanced.

[2025-06-15 11:44:20 #4 type] 
Type domain.Socio is not enhanced.

[2025-06-15 11:44:20 #5 type] 
Type domain.Actividad is not enhanced.

[2025-06-15 11:44:20 #6 type] 
Type domain.Factura is not enhanced.

[2025-06-15 11:44:20 #3 type.user] 
Enhancement of type domain.Factura is old and cannot be used (-971765481564269049:-965877596946754041)

[2025-06-15 11:44:20 #4 type] 
Type domain.Factura is not enhanced.

[2025-06-15 12:10:35 #5 store] 
Database 'C:\Users\gaizk\Desktop\SI1\Workspace\Rides24-master.zip_expanded\Rides24-master\src\main\resources\db\src\main\resources\rides.temp' is closed by 15292@Gaizka

