------------------------------------------------------------------------------------------------------------------------

[2025-06-02 11:35:30 #1 store] 
Database 'C:\Users\gaizk\Desktop\SI1\Workspace\Rides24-master.zip_expanded\Rides24-master\src\main\resources\rides.temp' is opened by 13988@Gaizka

[2025-06-02 11:35:30 #2 type.registry] 
New type domain.Sala

[2025-06-02 11:35:30 #3 type] 
Type domain.Sala is not enhanced.

[2025-06-02 11:35:30 #4 type.registry] 
New type domain.Sesion

[2025-06-02 11:35:30 #5 type.registry] 
New type java.util.LinkedList<domain.Sesion>

[2025-06-02 11:35:30 #6 type] 
Type domain.Sesion is not enhanced.

[2025-06-02 11:35:30 #7 type.registry] 
New type domain.Reserva

[2025-06-02 11:35:30 #8 type.registry] 
New type domain.Socio

[2025-06-02 11:35:30 #9 type.registry] 
New type domain.Actividad

[2025-06-02 11:35:30 #10 type] 
Type domain.Reserva is not enhanced.

[2025-06-02 11:35:30 #11 type.registry] 
New type domain.Factura

[2025-06-02 11:35:30 #12 type.registry] 
New type domain.Reserva$estadoReserva

[2025-06-02 11:35:30 #13 type] 
Type domain.Socio is not enhanced.

[2025-06-02 11:35:30 #14 type] 
Type domain.Actividad is not enhanced.

[2025-06-02 11:35:30 #15 type] 
Type domain.Factura is not enhanced.

[2025-06-02 11:35:30 #16 type.registry] 
New type java.util.LinkedList<domain.Reserva>

[2025-06-02 11:35:30 #17 type.registry] 
New type domain.Factura$estadoFactura2

[2025-06-02 11:35:30 #18 type.registry] 
New type domain.Factura$estadoFactura1

[2025-06-02 11:35:30 #19 type.registry] 
New type java.util.LinkedList<java.lang.Object>

[2025-06-02 11:35:30 #20 type.registry] 
New type java.util.LinkedList<domain.Factura>

[2025-06-02 11:35:30 #21 type.registry] 
New type java.util.LinkedList<domain.Socio>

------------------------------------------------------------------------------------------------------------------------

[2025-06-02 11:36:12 #1 store] 
Database 'C:\Users\gaizk\Desktop\SI1\Workspace\Rides24-master.zip_expanded\Rides24-master\src\main\resources\rides.temp' is opened by 16920@Gaizka

[2025-06-02 11:36:12 #2 type.registry] 
New type domain.Sala

[2025-06-02 11:36:12 #3 type] 
Type domain.Sala is not enhanced.

[2025-06-02 11:36:12 #4 type.registry] 
New type domain.Sesion

[2025-06-02 11:36:12 #5 type.registry] 
New type java.util.LinkedList<domain.Sesion>

[2025-06-02 11:36:12 #6 type] 
Type domain.Sesion is not enhanced.

[2025-06-02 11:36:12 #7 type.registry] 
New type domain.Reserva

[2025-06-02 11:36:12 #8 type.registry] 
New type domain.Socio

[2025-06-02 11:36:12 #9 type.registry] 
New type domain.Actividad

[2025-06-02 11:36:12 #10 type] 
Type domain.Reserva is not enhanced.

[2025-06-02 11:36:12 #11 type.registry] 
New type domain.Factura

[2025-06-02 11:36:12 #12 type.registry] 
New type domain.Reserva$estadoReserva

[2025-06-02 11:36:12 #13 type] 
Type domain.Socio is not enhanced.

[2025-06-02 11:36:12 #14 type] 
Type domain.Actividad is not enhanced.

[2025-06-02 11:36:12 #15 type] 
Type domain.Factura is not enhanced.

[2025-06-02 11:36:12 #16 type.registry] 
New type java.util.LinkedList<domain.Reserva>

[2025-06-02 11:36:12 #17 type.registry] 
New type domain.Factura$estadoFactura2

[2025-06-02 11:36:12 #18 type.registry] 
New type domain.Factura$estadoFactura1

[2025-06-02 11:36:12 #19 type.registry] 
New type java.util.LinkedList<java.lang.Object>

[2025-06-02 11:36:12 #20 type.registry] 
New type java.util.LinkedList<domain.Factura>

[2025-06-02 11:36:12 #21 type.registry] 
New type java.util.LinkedList<domain.Socio>

------------------------------------------------------------------------------------------------------------------------

[2025-06-02 20:07:15 #1 store] 
Database 'C:\Users\gaizk\Desktop\SI1\Workspace\Rides24-master.zip_expanded\Rides24-master\src\main\resources\rides.temp' is opened by 4320@Gaizka

[2025-06-02 20:07:16 #2 type.registry] 
New type domain.Sala

[2025-06-02 20:07:16 #3 type] 
Type domain.Sala is not enhanced.

[2025-06-02 20:07:16 #4 type.registry] 
New type domain.Sesion

[2025-06-02 20:07:16 #5 type.registry] 
New type java.util.LinkedList<domain.Sesion>

[2025-06-02 20:07:16 #6 type] 
Type domain.Sesion is not enhanced.

[2025-06-02 20:07:16 #7 type.registry] 
New type domain.Reserva

[2025-06-02 20:07:16 #8 type.registry] 
New type domain.Socio

[2025-06-02 20:07:16 #9 type.registry] 
New type domain.Actividad

[2025-06-02 20:07:16 #10 type] 
Type domain.Reserva is not enhanced.

[2025-06-02 20:07:16 #11 type.registry] 
New type domain.Factura

[2025-06-02 20:07:16 #12 type.registry] 
New type domain.Reserva$estadoReserva

[2025-06-02 20:07:16 #13 type] 
Type domain.Socio is not enhanced.

[2025-06-02 20:07:16 #14 type] 
Type domain.Actividad is not enhanced.

[2025-06-02 20:07:16 #15 type] 
Type domain.Factura is not enhanced.

[2025-06-02 20:07:16 #16 type.registry] 
New type java.util.LinkedList<domain.Reserva>

[2025-06-02 20:07:16 #17 type.registry] 
New type domain.Factura$estadoFactura2

[2025-06-02 20:07:16 #18 type.registry] 
New type domain.Factura$estadoFactura1

[2025-06-02 20:07:16 #19 type.registry] 
New type java.util.LinkedList<java.lang.Object>

[2025-06-02 20:07:16 #20 type.registry] 
New type java.util.LinkedList<domain.Factura>

[2025-06-02 20:07:16 #21 type.registry] 
New type java.util.LinkedList<domain.Socio>

------------------------------------------------------------------------------------------------------------------------

[2025-06-02 20:07:33 #1 store] 
Database 'C:\Users\gaizk\Desktop\SI1\Workspace\Rides24-master.zip_expanded\Rides24-master\src\main\resources\rides.temp' is opened by 14344@Gaizka

[2025-06-02 20:07:34 #2 type.registry] 
New type domain.Sala

[2025-06-02 20:07:34 #3 type] 
Type domain.Sala is not enhanced.

[2025-06-02 20:07:34 #4 type.registry] 
New type domain.Sesion

[2025-06-02 20:07:34 #5 type.registry] 
New type java.util.LinkedList<domain.Sesion>

[2025-06-02 20:07:34 #6 type] 
Type domain.Sesion is not enhanced.

[2025-06-02 20:07:34 #7 type.registry] 
New type domain.Reserva

[2025-06-02 20:07:34 #8 type.registry] 
New type domain.Socio

[2025-06-02 20:07:34 #9 type.registry] 
New type domain.Actividad

[2025-06-02 20:07:34 #10 type] 
Type domain.Reserva is not enhanced.

[2025-06-02 20:07:34 #11 type.registry] 
New type domain.Factura

[2025-06-02 20:07:34 #12 type.registry] 
New type domain.Reserva$estadoReserva

[2025-06-02 20:07:34 #13 type] 
Type domain.Socio is not enhanced.

[2025-06-02 20:07:34 #14 type] 
Type domain.Actividad is not enhanced.

[2025-06-02 20:07:34 #15 type] 
Type domain.Factura is not enhanced.

[2025-06-02 20:07:34 #16 type.registry] 
New type java.util.LinkedList<domain.Reserva>

[2025-06-02 20:07:34 #17 type.registry] 
New type domain.Factura$estadoFactura2

[2025-06-02 20:07:34 #18 type.registry] 
New type domain.Factura$estadoFactura1

[2025-06-02 20:07:34 #19 type.registry] 
New type java.util.LinkedList<java.lang.Object>

[2025-06-02 20:07:34 #20 type.registry] 
New type java.util.LinkedList<domain.Factura>

[2025-06-02 20:07:34 #21 type.registry] 
New type java.util.LinkedList<domain.Socio>

------------------------------------------------------------------------------------------------------------------------

[2025-06-02 20:12:35 #1 store] 
Database 'C:\Users\gaizk\Desktop\SI1\Workspace\Rides24-master.zip_expanded\Rides24-master\src\main\resources\rides.temp' is opened by 8768@Gaizka

[2025-06-02 20:12:35 #2 type.registry] 
New type domain.Sala

[2025-06-02 20:12:35 #3 type] 
Type domain.Sala is not enhanced.

[2025-06-02 20:12:35 #4 type.registry] 
New type domain.Sesion

[2025-06-02 20:12:35 #5 type.registry] 
New type java.util.LinkedList<domain.Sesion>

[2025-06-02 20:12:35 #6 type] 
Type domain.Sesion is not enhanced.

[2025-06-02 20:12:35 #7 type.registry] 
New type domain.Reserva

[2025-06-02 20:12:35 #8 type.registry] 
New type domain.Socio

[2025-06-02 20:12:35 #9 type.registry] 
New type domain.Actividad

[2025-06-02 20:12:35 #10 type] 
Type domain.Reserva is not enhanced.

[2025-06-02 20:12:35 #11 type.registry] 
New type domain.Factura

[2025-06-02 20:12:35 #12 type.registry] 
New type domain.Reserva$estadoReserva

[2025-06-02 20:12:35 #13 type] 
Type domain.Socio is not enhanced.

[2025-06-02 20:12:35 #14 type] 
Type domain.Actividad is not enhanced.

[2025-06-02 20:12:35 #15 type] 
Type domain.Factura is not enhanced.

[2025-06-02 20:12:35 #16 type.registry] 
New type java.util.LinkedList<domain.Reserva>

[2025-06-02 20:12:35 #17 type.registry] 
New type domain.Factura$estadoFactura2

[2025-06-02 20:12:35 #18 type.registry] 
New type domain.Factura$estadoFactura1

[2025-06-02 20:12:35 #19 type.registry] 
New type java.util.LinkedList<java.lang.Object>

[2025-06-02 20:12:35 #20 type.registry] 
New type java.util.LinkedList<domain.Factura>

[2025-06-02 20:12:35 #21 type.registry] 
New type java.util.LinkedList<domain.Socio>

------------------------------------------------------------------------------------------------------------------------

[2025-06-02 21:11:30 #1 store] 
Database 'C:\Users\gaizk\Desktop\SI1\Workspace\Rides24-master.zip_expanded\Rides24-master\src\main\resources\rides.temp' is opened by 18688@Gaizka

[2025-06-02 21:11:30 #2 type.registry] 
New type domain.Sala

[2025-06-02 21:11:30 #3 type] 
Type domain.Sala is not enhanced.

[2025-06-02 21:11:30 #4 type.registry] 
New type domain.Actividad

[2025-06-02 21:11:30 #5 type] 
Type domain.Actividad is not enhanced.

[2025-06-02 21:11:30 #6 type.registry] 
New type java.util.LinkedList<java.lang.Object>

------------------------------------------------------------------------------------------------------------------------

[2025-06-02 21:13:59 #1 store] 
Database 'C:\Users\gaizk\Desktop\SI1\Workspace\Rides24-master.zip_expanded\Rides24-master\src\main\resources\rides.temp' is opened by 5792@Gaizka

[2025-06-02 21:13:59 #2 type.registry] 
New type domain.Sala

[2025-06-02 21:13:59 #3 type] 
Type domain.Sala is not enhanced.

[2025-06-02 21:13:59 #4 type.registry] 
New type domain.Actividad

[2025-06-02 21:13:59 #5 type] 
Type domain.Actividad is not enhanced.

[2025-06-02 21:13:59 #6 type.registry] 
New type java.util.LinkedList<java.lang.Object>

------------------------------------------------------------------------------------------------------------------------

[2025-06-02 21:18:03 #1 store] 
Database 'C:\Users\gaizk\Desktop\SI1\Workspace\Rides24-master.zip_expanded\Rides24-master\src\main\resources\rides.temp' is opened by 19016@Gaizka

[2025-06-02 21:18:04 #2 type.registry] 
New type domain.Sala

[2025-06-02 21:18:04 #3 type] 
Type domain.Sala is not enhanced.

[2025-06-02 21:18:04 #4 type.registry] 
New type domain.Actividad

[2025-06-02 21:18:04 #5 type] 
Type domain.Actividad is not enhanced.

[2025-06-02 21:18:04 #6 type.registry] 
New type java.util.LinkedList<java.lang.Object>

------------------------------------------------------------------------------------------------------------------------

[2025-06-02 21:36:30 #1 store] 
Database 'C:\Users\gaizk\Desktop\SI1\Workspace\Rides24-master.zip_expanded\Rides24-master\src\main\resources\rides.temp' is opened by 8868@Gaizka

[2025-06-02 21:36:30 #2 type.registry] 
New type domain.Sala

[2025-06-02 21:36:30 #3 type] 
Type domain.Sala is not enhanced.

[2025-06-02 21:36:30 #4 type.registry] 
New type domain.Sesion

[2025-06-02 21:36:30 #5 type.registry] 
New type java.util.LinkedList<domain.Sesion>

[2025-06-02 21:36:30 #6 type] 
Type domain.Sesion is not enhanced.

[2025-06-02 21:36:30 #7 type.registry] 
New type domain.Reserva

[2025-06-02 21:36:30 #8 type.registry] 
New type domain.Socio

[2025-06-02 21:36:30 #9 type.registry] 
New type domain.Actividad

[2025-06-02 21:36:30 #10 type] 
Type domain.Reserva is not enhanced.

[2025-06-02 21:36:30 #11 type.registry] 
New type domain.Factura

[2025-06-02 21:36:30 #12 type.registry] 
New type domain.Reserva$estadoReserva

[2025-06-02 21:36:30 #13 type] 
Type domain.Socio is not enhanced.

[2025-06-02 21:36:30 #14 type] 
Type domain.Actividad is not enhanced.

[2025-06-02 21:36:30 #15 type] 
Type domain.Factura is not enhanced.

[2025-06-02 21:36:30 #16 type.registry] 
New type java.util.LinkedList<domain.Reserva>

[2025-06-02 21:36:30 #17 type.registry] 
New type domain.Factura$estadoFactura2

[2025-06-02 21:36:30 #18 type.registry] 
New type domain.Factura$estadoFactura1

[2025-06-02 21:36:30 #19 type.registry] 
New type java.util.LinkedList<java.lang.Object>

[2025-06-02 21:36:30 #20 type.registry] 
New type java.util.LinkedList<domain.Factura>

[2025-06-02 21:36:30 #21 type.registry] 
New type java.util.LinkedList<domain.Socio>

------------------------------------------------------------------------------------------------------------------------

[2025-06-02 21:37:29 #1 store] 
Database 'C:\Users\gaizk\Desktop\SI1\Workspace\Rides24-master.zip_expanded\Rides24-master\src\main\resources\rides.temp' is opened by 4936@Gaizka

[2025-06-02 21:37:29 #2 type.registry] 
New type domain.Sala

[2025-06-02 21:37:29 #3 type] 
Type domain.Sala is not enhanced.

[2025-06-02 21:37:29 #4 type.registry] 
New type domain.Sesion

[2025-06-02 21:37:29 #5 type.registry] 
New type java.util.LinkedList<domain.Sesion>

[2025-06-02 21:37:29 #6 type] 
Type domain.Sesion is not enhanced.

[2025-06-02 21:37:29 #7 type.registry] 
New type domain.Reserva

[2025-06-02 21:37:29 #8 type.registry] 
New type domain.Socio

[2025-06-02 21:37:29 #9 type.registry] 
New type domain.Actividad

[2025-06-02 21:37:29 #10 type] 
Type domain.Reserva is not enhanced.

[2025-06-02 21:37:29 #11 type.registry] 
New type domain.Factura

[2025-06-02 21:37:29 #12 type.registry] 
New type domain.Reserva$estadoReserva

[2025-06-02 21:37:29 #13 type] 
Type domain.Socio is not enhanced.

[2025-06-02 21:37:29 #14 type] 
Type domain.Actividad is not enhanced.

[2025-06-02 21:37:29 #15 type] 
Type domain.Factura is not enhanced.

[2025-06-02 21:37:29 #16 type.registry] 
New type java.util.LinkedList<domain.Reserva>

[2025-06-02 21:37:29 #17 type.registry] 
New type domain.Factura$estadoFactura2

[2025-06-02 21:37:29 #18 type.registry] 
New type domain.Factura$estadoFactura1

[2025-06-02 21:37:29 #19 type.registry] 
New type java.util.LinkedList<java.lang.Object>

[2025-06-02 21:37:29 #20 type.registry] 
New type java.util.LinkedList<domain.Factura>

[2025-06-02 21:37:29 #21 type.registry] 
New type java.util.LinkedList<domain.Socio>

