------------------------------------------------------------------------------------------------------------------------

[2025-06-07 11:08:20 #1 store] 
Database 'C:\Users\gaizk\Desktop\SI1\Workspace\Rides24-master.zip_expanded\Rides24-master\src\main\resources\rides.temp' is opened by 12560@Gaizka

[2025-06-07 11:08:20 #2 type.registry] 
New type domain.Sala

[2025-06-07 11:08:20 #3 type] 
Type domain.Sala is not enhanced.

[2025-06-07 11:08:20 #4 type.registry] 
New type domain.Sesion

[2025-06-07 11:08:20 #5 type.registry] 
New type java.util.LinkedList<domain.Sesion>

[2025-06-07 11:08:20 #6 type] 
Type domain.Sesion is not enhanced.

[2025-06-07 11:08:20 #7 type.registry] 
New type domain.Reserva

[2025-06-07 11:08:20 #8 type.registry] 
New type domain.Socio

[2025-06-07 11:08:20 #9 type.registry] 
New type domain.Actividad

[2025-06-07 11:08:20 #10 type] 
Type domain.Reserva is not enhanced.

[2025-06-07 11:08:20 #11 type.registry] 
New type domain.Factura

[2025-06-07 11:08:20 #12 type.registry] 
New type domain.Reserva$estadoReserva

[2025-06-07 11:08:20 #13 type] 
Type domain.Socio is not enhanced.

[2025-06-07 11:08:20 #14 type] 
Type domain.Actividad is not enhanced.

[2025-06-07 11:08:20 #15 type] 
Type domain.Factura is not enhanced.

[2025-06-07 11:08:20 #16 type.registry] 
New type java.util.LinkedList<domain.Reserva>

[2025-06-07 11:08:20 #17 type.registry] 
New type domain.Factura$estadoFactura2

[2025-06-07 11:08:20 #18 type.registry] 
New type domain.Factura$estadoFactura1

[2025-06-07 11:08:20 #19 type.registry] 
New type java.util.LinkedList<java.lang.Object>

[2025-06-07 11:08:20 #20 type.registry] 
New type java.util.LinkedList<domain.Factura>

[2025-06-07 11:08:20 #21 type.registry] 
New type java.util.LinkedList<domain.Socio>

------------------------------------------------------------------------------------------------------------------------

[2025-06-07 11:11:46 #1 store] 
Database 'C:\Users\gaizk\Desktop\SI1\Workspace\Rides24-master.zip_expanded\Rides24-master\src\main\resources\rides.temp' is opened by 6892@Gaizka

[2025-06-07 11:11:46 #2 type.registry] 
New type domain.Sala

[2025-06-07 11:11:46 #3 type] 
Type domain.Sala is not enhanced.

[2025-06-07 11:11:46 #4 type.registry] 
New type domain.Sesion

[2025-06-07 11:11:46 #5 type.registry] 
New type java.util.LinkedList<domain.Sesion>

[2025-06-07 11:11:46 #6 type] 
Type domain.Sesion is not enhanced.

[2025-06-07 11:11:46 #7 type.registry] 
New type domain.Reserva

[2025-06-07 11:11:46 #8 type.registry] 
New type domain.Socio

[2025-06-07 11:11:46 #9 type.registry] 
New type domain.Actividad

[2025-06-07 11:11:46 #10 type] 
Type domain.Reserva is not enhanced.

[2025-06-07 11:11:46 #11 type.registry] 
New type domain.Factura

[2025-06-07 11:11:46 #12 type.registry] 
New type domain.Reserva$estadoReserva

[2025-06-07 11:11:46 #13 type] 
Type domain.Socio is not enhanced.

[2025-06-07 11:11:46 #14 type] 
Type domain.Actividad is not enhanced.

[2025-06-07 11:11:46 #15 type] 
Type domain.Factura is not enhanced.

[2025-06-07 11:11:46 #16 type.registry] 
New type java.util.LinkedList<domain.Reserva>

[2025-06-07 11:11:46 #17 type.registry] 
New type domain.Factura$estadoFactura2

[2025-06-07 11:11:46 #18 type.registry] 
New type domain.Factura$estadoFactura1

[2025-06-07 11:11:46 #19 type.registry] 
New type java.util.LinkedList<java.lang.Object>

[2025-06-07 11:11:46 #20 type.registry] 
New type java.util.LinkedList<domain.Factura>

[2025-06-07 11:11:46 #21 type.registry] 
New type java.util.LinkedList<domain.Socio>

------------------------------------------------------------------------------------------------------------------------

[2025-06-07 11:12:22 #1 store] 
Database 'C:\Users\gaizk\Desktop\SI1\Workspace\Rides24-master.zip_expanded\Rides24-master\src\main\resources\rides.temp' has been recovered (tr. 1-7)

[2025-06-07 11:12:22 #2 store] 
Database 'C:\Users\gaizk\Desktop\SI1\Workspace\Rides24-master.zip_expanded\Rides24-master\src\main\resources\rides.temp' is opened by 14124@Gaizka

[2025-06-07 11:12:22 #3 type] 
Type domain.Sala is not enhanced.

[2025-06-07 11:12:22 #4 type] 
Type domain.Sesion is not enhanced.

[2025-06-07 11:12:22 #5 type] 
Type domain.Reserva is not enhanced.

[2025-06-07 11:12:22 #6 type] 
Type domain.Socio is not enhanced.

[2025-06-07 11:12:22 #7 type] 
Type domain.Actividad is not enhanced.

[2025-06-07 11:12:22 #8 type] 
Type domain.Factura is not enhanced.

------------------------------------------------------------------------------------------------------------------------

[2025-06-07 11:13:41 #1 store] 
Database 'C:\Users\gaizk\Desktop\SI1\Workspace\Rides24-master.zip_expanded\Rides24-master\src\main\resources\rides.temp' is opened by 7144@Gaizka

[2025-06-07 11:13:41 #2 type.registry] 
New type domain.Sala

[2025-06-07 11:13:41 #3 type] 
Type domain.Sala is not enhanced.

[2025-06-07 11:13:41 #4 type.registry] 
New type domain.Sesion

[2025-06-07 11:13:41 #5 type.registry] 
New type java.util.LinkedList<domain.Sesion>

[2025-06-07 11:13:41 #6 type] 
Type domain.Sesion is not enhanced.

[2025-06-07 11:13:41 #7 type.registry] 
New type domain.Reserva

[2025-06-07 11:13:41 #8 type.registry] 
New type domain.Socio

[2025-06-07 11:13:41 #9 type.registry] 
New type domain.Actividad

[2025-06-07 11:13:41 #10 type] 
Type domain.Reserva is not enhanced.

[2025-06-07 11:13:41 #11 type.registry] 
New type domain.Factura

[2025-06-07 11:13:41 #12 type.registry] 
New type domain.Reserva$estadoReserva

[2025-06-07 11:13:41 #13 type] 
Type domain.Socio is not enhanced.

[2025-06-07 11:13:41 #14 type] 
Type domain.Actividad is not enhanced.

[2025-06-07 11:13:41 #15 type] 
Type domain.Factura is not enhanced.

[2025-06-07 11:13:41 #16 type.registry] 
New type java.util.LinkedList<domain.Reserva>

[2025-06-07 11:13:41 #17 type.registry] 
New type domain.Factura$estadoFactura2

[2025-06-07 11:13:41 #18 type.registry] 
New type domain.Factura$estadoFactura1

[2025-06-07 11:13:41 #19 type.registry] 
New type java.util.LinkedList<java.lang.Object>

[2025-06-07 11:13:41 #20 type.registry] 
New type java.util.LinkedList<domain.Factura>

[2025-06-07 11:13:41 #21 type.registry] 
New type java.util.LinkedList<domain.Socio>

------------------------------------------------------------------------------------------------------------------------

[2025-06-07 11:15:40 #1 store] 
Database 'C:\Users\gaizk\Desktop\SI1\Workspace\Rides24-master.zip_expanded\Rides24-master\src\main\resources\rides.temp' is opened by 8068@Gaizka

[2025-06-07 11:15:40 #2 type.registry] 
New type domain.Sala

[2025-06-07 11:15:40 #3 type] 
Type domain.Sala is not enhanced.

[2025-06-07 11:15:40 #4 type.registry] 
New type domain.Sesion

[2025-06-07 11:15:40 #5 type.registry] 
New type java.util.LinkedList<domain.Sesion>

[2025-06-07 11:15:40 #6 type] 
Type domain.Sesion is not enhanced.

[2025-06-07 11:15:40 #7 type.registry] 
New type domain.Reserva

[2025-06-07 11:15:40 #8 type.registry] 
New type domain.Socio

[2025-06-07 11:15:40 #9 type.registry] 
New type domain.Actividad

[2025-06-07 11:15:40 #10 type] 
Type domain.Reserva is not enhanced.

[2025-06-07 11:15:40 #11 type.registry] 
New type domain.Factura

[2025-06-07 11:15:40 #12 type.registry] 
New type domain.Reserva$estadoReserva

[2025-06-07 11:15:40 #13 type] 
Type domain.Socio is not enhanced.

[2025-06-07 11:15:40 #14 type] 
Type domain.Actividad is not enhanced.

[2025-06-07 11:15:40 #15 type] 
Type domain.Factura is not enhanced.

[2025-06-07 11:15:40 #16 type.registry] 
New type java.util.LinkedList<domain.Reserva>

[2025-06-07 11:15:40 #17 type.registry] 
New type domain.Factura$estadoFactura2

[2025-06-07 11:15:40 #18 type.registry] 
New type domain.Factura$estadoFactura1

[2025-06-07 11:15:40 #19 type.registry] 
New type java.util.LinkedList<java.lang.Object>

[2025-06-07 11:15:40 #20 type.registry] 
New type java.util.LinkedList<domain.Factura>

[2025-06-07 11:15:40 #21 type.registry] 
New type java.util.LinkedList<domain.Socio>

------------------------------------------------------------------------------------------------------------------------

[2025-06-07 11:16:16 #1 store] 
Database 'C:\Users\gaizk\Desktop\SI1\Workspace\Rides24-master.zip_expanded\Rides24-master\src\main\resources\rides.temp' is opened by 8004@Gaizka

[2025-06-07 11:16:16 #2 type.registry] 
New type domain.Sala

[2025-06-07 11:16:16 #3 type] 
Type domain.Sala is not enhanced.

[2025-06-07 11:16:16 #4 type.registry] 
New type domain.Sesion

[2025-06-07 11:16:16 #5 type.registry] 
New type java.util.LinkedList<domain.Sesion>

[2025-06-07 11:16:16 #6 type] 
Type domain.Sesion is not enhanced.

[2025-06-07 11:16:16 #7 type.registry] 
New type domain.Reserva

[2025-06-07 11:16:16 #8 type.registry] 
New type domain.Socio

[2025-06-07 11:16:16 #9 type.registry] 
New type domain.Actividad

[2025-06-07 11:16:16 #10 type] 
Type domain.Reserva is not enhanced.

[2025-06-07 11:16:16 #11 type.registry] 
New type domain.Factura

[2025-06-07 11:16:16 #12 type.registry] 
New type domain.Reserva$estadoReserva

[2025-06-07 11:16:16 #13 type] 
Type domain.Socio is not enhanced.

[2025-06-07 11:16:16 #14 type] 
Type domain.Actividad is not enhanced.

[2025-06-07 11:16:16 #15 type] 
Type domain.Factura is not enhanced.

[2025-06-07 11:16:16 #16 type.registry] 
New type java.util.LinkedList<domain.Reserva>

[2025-06-07 11:16:16 #17 type.registry] 
New type domain.Factura$estadoFactura2

[2025-06-07 11:16:16 #18 type.registry] 
New type domain.Factura$estadoFactura1

[2025-06-07 11:16:16 #19 type.registry] 
New type java.util.LinkedList<java.lang.Object>

[2025-06-07 11:16:16 #20 type.registry] 
New type java.util.LinkedList<domain.Factura>

[2025-06-07 11:16:16 #21 type.registry] 
New type java.util.LinkedList<domain.Socio>

------------------------------------------------------------------------------------------------------------------------

[2025-06-07 11:29:46 #1 store] 
Database 'C:\Users\gaizk\Desktop\SI1\Workspace\Rides24-master.zip_expanded\Rides24-master\src\main\resources\rides.temp' is opened by 13420@Gaizka

[2025-06-07 11:29:46 #2 type.registry] 
New type domain.Sala

[2025-06-07 11:29:46 #3 type] 
Type domain.Sala is not enhanced.

[2025-06-07 11:29:46 #4 type.registry] 
New type domain.Sesion

[2025-06-07 11:29:46 #5 type.registry] 
New type java.util.LinkedList<domain.Sesion>

[2025-06-07 11:29:46 #6 type] 
Type domain.Sesion is not enhanced.

[2025-06-07 11:29:46 #7 type.registry] 
New type domain.Reserva

[2025-06-07 11:29:46 #8 type.registry] 
New type domain.Socio

[2025-06-07 11:29:46 #9 type.registry] 
New type domain.Actividad

[2025-06-07 11:29:46 #10 type] 
Type domain.Reserva is not enhanced.

[2025-06-07 11:29:46 #11 type.registry] 
New type domain.Factura

[2025-06-07 11:29:46 #12 type.registry] 
New type domain.Reserva$estadoReserva

[2025-06-07 11:29:46 #13 type] 
Type domain.Socio is not enhanced.

[2025-06-07 11:29:46 #14 type] 
Type domain.Actividad is not enhanced.

[2025-06-07 11:29:46 #15 type] 
Type domain.Factura is not enhanced.

[2025-06-07 11:29:46 #16 type.registry] 
New type java.util.LinkedList<domain.Reserva>

[2025-06-07 11:29:46 #17 type.registry] 
New type domain.Factura$estadoFactura2

[2025-06-07 11:29:46 #18 type.registry] 
New type domain.Factura$estadoFactura1

[2025-06-07 11:29:46 #19 type.registry] 
New type java.util.LinkedList<java.lang.Object>

[2025-06-07 11:29:46 #20 type.registry] 
New type java.util.LinkedList<domain.Factura>

[2025-06-07 11:29:46 #21 type.registry] 
New type java.util.LinkedList<domain.Socio>

------------------------------------------------------------------------------------------------------------------------

[2025-06-07 11:30:38 #1 store] 
Database 'C:\Users\gaizk\Desktop\SI1\Workspace\Rides24-master.zip_expanded\Rides24-master\src\main\resources\rides.temp' is opened by 9884@Gaizka

[2025-06-07 11:30:38 #2 type.registry] 
New type domain.Sala

[2025-06-07 11:30:38 #3 type] 
Type domain.Sala is not enhanced.

[2025-06-07 11:30:38 #4 type.registry] 
New type domain.Sesion

[2025-06-07 11:30:38 #5 type.registry] 
New type java.util.LinkedList<domain.Sesion>

[2025-06-07 11:30:38 #6 type] 
Type domain.Sesion is not enhanced.

[2025-06-07 11:30:38 #7 type.registry] 
New type domain.Reserva

[2025-06-07 11:30:38 #8 type.registry] 
New type domain.Socio

[2025-06-07 11:30:38 #9 type.registry] 
New type domain.Actividad

[2025-06-07 11:30:38 #10 type] 
Type domain.Reserva is not enhanced.

[2025-06-07 11:30:38 #11 type.registry] 
New type domain.Factura

[2025-06-07 11:30:38 #12 type.registry] 
New type domain.Reserva$estadoReserva

[2025-06-07 11:30:38 #13 type] 
Type domain.Socio is not enhanced.

[2025-06-07 11:30:38 #14 type] 
Type domain.Actividad is not enhanced.

[2025-06-07 11:30:38 #15 type] 
Type domain.Factura is not enhanced.

[2025-06-07 11:30:38 #16 type.registry] 
New type java.util.LinkedList<domain.Reserva>

[2025-06-07 11:30:38 #17 type.registry] 
New type domain.Factura$estadoFactura2

[2025-06-07 11:30:38 #18 type.registry] 
New type domain.Factura$estadoFactura1

[2025-06-07 11:30:38 #19 type.registry] 
New type java.util.LinkedList<java.lang.Object>

[2025-06-07 11:30:38 #20 type.registry] 
New type java.util.LinkedList<domain.Factura>

[2025-06-07 11:30:38 #21 type.registry] 
New type java.util.LinkedList<domain.Socio>

------------------------------------------------------------------------------------------------------------------------

[2025-06-07 11:36:13 #1 store] 
Database 'C:\Users\gaizk\Desktop\SI1\Workspace\Rides24-master.zip_expanded\Rides24-master\src\main\resources\rides.temp' is opened by 14140@Gaizka

[2025-06-07 11:36:13 #2 type.registry] 
New type domain.Sala

[2025-06-07 11:36:13 #3 type] 
Type domain.Sala is not enhanced.

[2025-06-07 11:36:14 #4 type.registry] 
New type domain.Sesion

[2025-06-07 11:36:14 #5 type.registry] 
New type java.util.LinkedList<domain.Sesion>

[2025-06-07 11:36:14 #6 type] 
Type domain.Sesion is not enhanced.

[2025-06-07 11:36:14 #7 type.registry] 
New type domain.Reserva

[2025-06-07 11:36:14 #8 type.registry] 
New type domain.Socio

[2025-06-07 11:36:14 #9 type.registry] 
New type domain.Actividad

[2025-06-07 11:36:14 #10 type] 
Type domain.Reserva is not enhanced.

[2025-06-07 11:36:14 #11 type.registry] 
New type domain.Factura

[2025-06-07 11:36:14 #12 type.registry] 
New type domain.Reserva$estadoReserva

[2025-06-07 11:36:14 #13 type] 
Type domain.Socio is not enhanced.

[2025-06-07 11:36:14 #14 type] 
Type domain.Actividad is not enhanced.

[2025-06-07 11:36:14 #15 type] 
Type domain.Factura is not enhanced.

[2025-06-07 11:36:14 #16 type.registry] 
New type java.util.LinkedList<domain.Reserva>

[2025-06-07 11:36:14 #17 type.registry] 
New type domain.Factura$estadoFactura2

[2025-06-07 11:36:14 #18 type.registry] 
New type domain.Factura$estadoFactura1

[2025-06-07 11:36:14 #19 type.registry] 
New type java.util.LinkedList<java.lang.Object>

[2025-06-07 11:36:14 #20 type.registry] 
New type java.util.LinkedList<domain.Factura>

[2025-06-07 11:36:14 #21 type.registry] 
New type java.util.LinkedList<domain.Socio>

------------------------------------------------------------------------------------------------------------------------

[2025-06-07 11:39:09 #1 store] 
Database 'C:\Users\gaizk\Desktop\SI1\Workspace\Rides24-master.zip_expanded\Rides24-master\src\main\resources\rides.temp' is opened by 5808@Gaizka

[2025-06-07 11:39:09 #2 type.registry] 
New type domain.Sala

[2025-06-07 11:39:09 #3 type] 
Type domain.Sala is not enhanced.

[2025-06-07 11:39:09 #4 type.registry] 
New type domain.Sesion

[2025-06-07 11:39:09 #5 type.registry] 
New type java.util.LinkedList<domain.Sesion>

[2025-06-07 11:39:09 #6 type] 
Type domain.Sesion is not enhanced.

[2025-06-07 11:39:09 #7 type.registry] 
New type domain.Reserva

[2025-06-07 11:39:09 #8 type.registry] 
New type domain.Socio

[2025-06-07 11:39:09 #9 type.registry] 
New type domain.Actividad

[2025-06-07 11:39:09 #10 type] 
Type domain.Reserva is not enhanced.

[2025-06-07 11:39:09 #11 type.registry] 
New type domain.Factura

[2025-06-07 11:39:09 #12 type.registry] 
New type domain.Reserva$estadoReserva

[2025-06-07 11:39:09 #13 type] 
Type domain.Socio is not enhanced.

[2025-06-07 11:39:09 #14 type] 
Type domain.Actividad is not enhanced.

[2025-06-07 11:39:09 #15 type] 
Type domain.Factura is not enhanced.

[2025-06-07 11:39:09 #16 type.registry] 
New type java.util.LinkedList<domain.Reserva>

[2025-06-07 11:39:09 #17 type.registry] 
New type domain.Factura$estadoFactura2

[2025-06-07 11:39:09 #18 type.registry] 
New type domain.Factura$estadoFactura1

[2025-06-07 11:39:09 #19 type.registry] 
New type java.util.LinkedList<java.lang.Object>

[2025-06-07 11:39:09 #20 type.registry] 
New type java.util.LinkedList<domain.Factura>

[2025-06-07 11:39:09 #21 type.registry] 
New type java.util.LinkedList<domain.Socio>

------------------------------------------------------------------------------------------------------------------------

[2025-06-07 11:44:06 #1 store] 
Database 'C:\Users\gaizk\Desktop\SI1\Workspace\Rides24-master.zip_expanded\Rides24-master\src\main\resources\rides.temp' is opened by 13692@Gaizka

[2025-06-07 11:44:06 #2 type.registry] 
New type domain.Sala

[2025-06-07 11:44:06 #3 type] 
Type domain.Sala is not enhanced.

[2025-06-07 11:44:06 #4 type.registry] 
New type domain.Sesion

[2025-06-07 11:44:06 #5 type.registry] 
New type java.util.LinkedList<domain.Sesion>

[2025-06-07 11:44:06 #6 type] 
Type domain.Sesion is not enhanced.

[2025-06-07 11:44:06 #7 type.registry] 
New type domain.Reserva

[2025-06-07 11:44:06 #8 type.registry] 
New type domain.Socio

[2025-06-07 11:44:06 #9 type.registry] 
New type domain.Actividad

[2025-06-07 11:44:06 #10 type] 
Type domain.Reserva is not enhanced.

[2025-06-07 11:44:06 #11 type.registry] 
New type domain.Factura

[2025-06-07 11:44:06 #12 type.registry] 
New type domain.Reserva$estadoReserva

[2025-06-07 11:44:06 #13 type] 
Type domain.Socio is not enhanced.

[2025-06-07 11:44:06 #14 type] 
Type domain.Actividad is not enhanced.

[2025-06-07 11:44:06 #15 type] 
Type domain.Factura is not enhanced.

[2025-06-07 11:44:06 #16 type.registry] 
New type java.util.LinkedList<domain.Reserva>

[2025-06-07 11:44:06 #17 type.registry] 
New type domain.Factura$estadoFactura2

[2025-06-07 11:44:06 #18 type.registry] 
New type domain.Factura$estadoFactura1

[2025-06-07 11:44:06 #19 type.registry] 
New type java.util.LinkedList<java.lang.Object>

[2025-06-07 11:44:06 #20 type.registry] 
New type java.util.LinkedList<domain.Factura>

[2025-06-07 11:44:06 #21 type.registry] 
New type java.util.LinkedList<domain.Socio>

------------------------------------------------------------------------------------------------------------------------

[2025-06-07 11:44:17 #1 store] 
Database 'C:\Users\gaizk\Desktop\SI1\Workspace\Rides24-master.zip_expanded\Rides24-master\src\main\resources\rides.temp' is opened by 7028@Gaizka

[2025-06-07 11:44:18 #2 type.registry] 
New type domain.Sala

[2025-06-07 11:44:18 #3 type] 
Type domain.Sala is not enhanced.

[2025-06-07 11:44:18 #4 type.registry] 
New type domain.Sesion

[2025-06-07 11:44:18 #5 type.registry] 
New type java.util.LinkedList<domain.Sesion>

[2025-06-07 11:44:18 #6 type] 
Type domain.Sesion is not enhanced.

[2025-06-07 11:44:18 #7 type.registry] 
New type domain.Reserva

[2025-06-07 11:44:18 #8 type.registry] 
New type domain.Socio

[2025-06-07 11:44:18 #9 type.registry] 
New type domain.Actividad

[2025-06-07 11:44:18 #10 type] 
Type domain.Reserva is not enhanced.

[2025-06-07 11:44:18 #11 type.registry] 
New type domain.Factura

[2025-06-07 11:44:18 #12 type.registry] 
New type domain.Reserva$estadoReserva

[2025-06-07 11:44:18 #13 type] 
Type domain.Socio is not enhanced.

[2025-06-07 11:44:18 #14 type] 
Type domain.Actividad is not enhanced.

[2025-06-07 11:44:18 #15 type] 
Type domain.Factura is not enhanced.

[2025-06-07 11:44:18 #16 type.registry] 
New type java.util.LinkedList<domain.Reserva>

[2025-06-07 11:44:18 #17 type.registry] 
New type domain.Factura$estadoFactura2

[2025-06-07 11:44:18 #18 type.registry] 
New type domain.Factura$estadoFactura1

[2025-06-07 11:44:18 #19 type.registry] 
New type java.util.LinkedList<java.lang.Object>

[2025-06-07 11:44:18 #20 type.registry] 
New type java.util.LinkedList<domain.Factura>

[2025-06-07 11:44:18 #21 type.registry] 
New type java.util.LinkedList<domain.Socio>

------------------------------------------------------------------------------------------------------------------------

[2025-06-07 11:46:24 #1 store] 
Database 'C:\Users\gaizk\Desktop\SI1\Workspace\Rides24-master.zip_expanded\Rides24-master\src\main\resources\rides.temp' is opened by 13960@Gaizka

[2025-06-07 11:46:24 #2 type.registry] 
New type domain.Sala

[2025-06-07 11:46:24 #3 type] 
Type domain.Sala is not enhanced.

[2025-06-07 11:46:24 #4 type.registry] 
New type domain.Sesion

[2025-06-07 11:46:24 #5 type.registry] 
New type java.util.LinkedList<domain.Sesion>

[2025-06-07 11:46:24 #6 type] 
Type domain.Sesion is not enhanced.

[2025-06-07 11:46:24 #7 type.registry] 
New type domain.Reserva

[2025-06-07 11:46:24 #8 type.registry] 
New type domain.Socio

[2025-06-07 11:46:24 #9 type.registry] 
New type domain.Actividad

[2025-06-07 11:46:24 #10 type] 
Type domain.Reserva is not enhanced.

[2025-06-07 11:46:24 #11 type.registry] 
New type domain.Factura

[2025-06-07 11:46:25 #12 type.registry] 
New type domain.Reserva$estadoReserva

[2025-06-07 11:46:25 #13 type] 
Type domain.Socio is not enhanced.

[2025-06-07 11:46:25 #14 type] 
Type domain.Actividad is not enhanced.

[2025-06-07 11:46:25 #15 type] 
Type domain.Factura is not enhanced.

[2025-06-07 11:46:25 #16 type.registry] 
New type java.util.LinkedList<domain.Reserva>

[2025-06-07 11:46:25 #17 type.registry] 
New type domain.Factura$estadoFactura2

[2025-06-07 11:46:25 #18 type.registry] 
New type domain.Factura$estadoFactura1

[2025-06-07 11:46:25 #19 type.registry] 
New type java.util.LinkedList<java.lang.Object>

[2025-06-07 11:46:25 #20 type.registry] 
New type java.util.LinkedList<domain.Factura>

[2025-06-07 11:46:25 #21 type.registry] 
New type java.util.LinkedList<domain.Socio>

------------------------------------------------------------------------------------------------------------------------

[2025-06-07 11:49:21 #1 store] 
Database 'C:\Users\gaizk\Desktop\SI1\Workspace\Rides24-master.zip_expanded\Rides24-master\src\main\resources\rides.temp' is opened by 4228@Gaizka

[2025-06-07 11:49:22 #2 type.registry] 
New type domain.Sala

[2025-06-07 11:49:22 #3 type] 
Type domain.Sala is not enhanced.

[2025-06-07 11:49:22 #4 type.registry] 
New type domain.Sesion

[2025-06-07 11:49:22 #5 type.registry] 
New type java.util.LinkedList<domain.Sesion>

[2025-06-07 11:49:22 #6 type] 
Type domain.Sesion is not enhanced.

[2025-06-07 11:49:22 #7 type.registry] 
New type domain.Reserva

[2025-06-07 11:49:22 #8 type.registry] 
New type domain.Socio

[2025-06-07 11:49:22 #9 type.registry] 
New type domain.Actividad

[2025-06-07 11:49:22 #10 type] 
Type domain.Reserva is not enhanced.

[2025-06-07 11:49:22 #11 type.registry] 
New type domain.Factura

[2025-06-07 11:49:22 #12 type.registry] 
New type domain.Reserva$estadoReserva

[2025-06-07 11:49:22 #13 type] 
Type domain.Socio is not enhanced.

[2025-06-07 11:49:22 #14 type] 
Type domain.Actividad is not enhanced.

[2025-06-07 11:49:22 #15 type] 
Type domain.Factura is not enhanced.

[2025-06-07 11:49:22 #16 type.registry] 
New type java.util.LinkedList<domain.Reserva>

[2025-06-07 11:49:22 #17 type.registry] 
New type domain.Factura$estadoFactura2

[2025-06-07 11:49:22 #18 type.registry] 
New type domain.Factura$estadoFactura1

[2025-06-07 11:49:22 #19 type.registry] 
New type java.util.LinkedList<java.lang.Object>

[2025-06-07 11:49:22 #20 type.registry] 
New type java.util.LinkedList<domain.Factura>

[2025-06-07 11:49:22 #21 type.registry] 
New type java.util.LinkedList<domain.Socio>

------------------------------------------------------------------------------------------------------------------------

[2025-06-07 12:18:45 #1 store] 
Database 'C:\Users\gaizk\Desktop\SI1\Workspace\Rides24-master.zip_expanded\Rides24-master\src\main\resources\rides.temp' is opened by 1652@Gaizka

[2025-06-07 12:18:45 #2 type.registry] 
New type domain.Sala

[2025-06-07 12:18:45 #3 type] 
Type domain.Sala is not enhanced.

[2025-06-07 12:18:45 #4 type.registry] 
New type domain.Sesion

[2025-06-07 12:18:45 #5 type.registry] 
New type java.util.LinkedList<domain.Sesion>

[2025-06-07 12:18:45 #6 type] 
Type domain.Sesion is not enhanced.

[2025-06-07 12:18:45 #7 type.registry] 
New type domain.Reserva

[2025-06-07 12:18:45 #8 type.registry] 
New type domain.Socio

[2025-06-07 12:18:45 #9 type.registry] 
New type domain.Actividad

[2025-06-07 12:18:45 #10 type] 
Type domain.Reserva is not enhanced.

[2025-06-07 12:18:45 #11 type.registry] 
New type domain.Factura

[2025-06-07 12:18:45 #12 type.registry] 
New type domain.Reserva$estadoReserva

[2025-06-07 12:18:45 #13 type] 
Type domain.Socio is not enhanced.

[2025-06-07 12:18:45 #14 type] 
Type domain.Actividad is not enhanced.

[2025-06-07 12:18:45 #15 type] 
Type domain.Factura is not enhanced.

[2025-06-07 12:18:45 #16 type.registry] 
New type java.util.LinkedList<domain.Reserva>

[2025-06-07 12:18:45 #17 type.registry] 
New type domain.Factura$estadoFactura2

[2025-06-07 12:18:45 #18 type.registry] 
New type domain.Factura$estadoFactura1

[2025-06-07 12:18:46 #19 type.registry] 
New type java.util.LinkedList<java.lang.Object>

[2025-06-07 12:18:46 #20 type.registry] 
New type java.util.LinkedList<domain.Factura>

[2025-06-07 12:18:46 #21 type.registry] 
New type java.util.LinkedList<domain.Socio>

------------------------------------------------------------------------------------------------------------------------

[2025-06-07 12:21:34 #1 store] 
Database 'C:\Users\gaizk\Desktop\SI1\Workspace\Rides24-master.zip_expanded\Rides24-master\src\main\resources\rides.temp' is opened by 13276@Gaizka

[2025-06-07 12:21:34 #2 type.registry] 
New type domain.Sala

[2025-06-07 12:21:34 #3 type] 
Type domain.Sala is not enhanced.

[2025-06-07 12:21:34 #4 type.registry] 
New type domain.Sesion

[2025-06-07 12:21:34 #5 type.registry] 
New type java.util.LinkedList<domain.Sesion>

[2025-06-07 12:21:34 #6 type] 
Type domain.Sesion is not enhanced.

[2025-06-07 12:21:34 #7 type.registry] 
New type domain.Reserva

[2025-06-07 12:21:34 #8 type.registry] 
New type domain.Socio

[2025-06-07 12:21:34 #9 type.registry] 
New type domain.Actividad

[2025-06-07 12:21:34 #10 type] 
Type domain.Reserva is not enhanced.

[2025-06-07 12:21:34 #11 type.registry] 
New type domain.Factura

[2025-06-07 12:21:34 #12 type.registry] 
New type domain.Reserva$estadoReserva

[2025-06-07 12:21:34 #13 type] 
Type domain.Socio is not enhanced.

[2025-06-07 12:21:34 #14 type] 
Type domain.Actividad is not enhanced.

[2025-06-07 12:21:34 #15 type] 
Type domain.Factura is not enhanced.

[2025-06-07 12:21:34 #16 type.registry] 
New type java.util.LinkedList<domain.Reserva>

[2025-06-07 12:21:34 #17 type.registry] 
New type domain.Factura$estadoFactura2

[2025-06-07 12:21:34 #18 type.registry] 
New type domain.Factura$estadoFactura1

[2025-06-07 12:21:34 #19 type.registry] 
New type java.util.LinkedList<java.lang.Object>

[2025-06-07 12:21:34 #20 type.registry] 
New type java.util.LinkedList<domain.Factura>

[2025-06-07 12:21:34 #21 type.registry] 
New type java.util.LinkedList<domain.Socio>

------------------------------------------------------------------------------------------------------------------------

[2025-06-07 12:23:53 #1 store] 
Database 'C:\Users\gaizk\Desktop\SI1\Workspace\Rides24-master.zip_expanded\Rides24-master\src\main\resources\rides.temp' is opened by 380@Gaizka

[2025-06-07 12:23:53 #2 type.registry] 
New type domain.Sala

[2025-06-07 12:23:53 #3 type] 
Type domain.Sala is not enhanced.

[2025-06-07 12:23:53 #4 type.registry] 
New type domain.Sesion

[2025-06-07 12:23:53 #5 type.registry] 
New type java.util.LinkedList<domain.Sesion>

[2025-06-07 12:23:53 #6 type] 
Type domain.Sesion is not enhanced.

[2025-06-07 12:23:53 #7 type.registry] 
New type domain.Reserva

[2025-06-07 12:23:53 #8 type.registry] 
New type domain.Socio

[2025-06-07 12:23:53 #9 type.registry] 
New type domain.Actividad

[2025-06-07 12:23:53 #10 type] 
Type domain.Reserva is not enhanced.

[2025-06-07 12:23:53 #11 type.registry] 
New type domain.Factura

[2025-06-07 12:23:53 #12 type.registry] 
New type domain.Reserva$estadoReserva

[2025-06-07 12:23:53 #13 type] 
Type domain.Socio is not enhanced.

[2025-06-07 12:23:53 #14 type] 
Type domain.Actividad is not enhanced.

[2025-06-07 12:23:53 #15 type] 
Type domain.Factura is not enhanced.

[2025-06-07 12:23:53 #16 type.registry] 
New type java.util.LinkedList<domain.Reserva>

[2025-06-07 12:23:53 #17 type.registry] 
New type domain.Factura$estadoFactura2

[2025-06-07 12:23:53 #18 type.registry] 
New type domain.Factura$estadoFactura1

[2025-06-07 12:23:53 #19 type.registry] 
New type java.util.LinkedList<java.lang.Object>

[2025-06-07 12:23:53 #20 type.registry] 
New type java.util.LinkedList<domain.Factura>

[2025-06-07 12:23:53 #21 type.registry] 
New type java.util.LinkedList<domain.Socio>

------------------------------------------------------------------------------------------------------------------------

[2025-06-07 12:33:53 #1 store] 
Database 'C:\Users\gaizk\Desktop\SI1\Workspace\Rides24-master.zip_expanded\Rides24-master\src\main\resources\rides.temp' is opened by 5972@Gaizka

[2025-06-07 12:33:53 #2 type.registry] 
New type domain.Sala

[2025-06-07 12:33:53 #3 type] 
Type domain.Sala is not enhanced.

[2025-06-07 12:33:53 #4 type.registry] 
New type domain.Sesion

[2025-06-07 12:33:53 #5 type.registry] 
New type java.util.LinkedList<domain.Sesion>

[2025-06-07 12:33:53 #6 type] 
Type domain.Sesion is not enhanced.

[2025-06-07 12:33:53 #7 type.registry] 
New type domain.Reserva

[2025-06-07 12:33:53 #8 type.registry] 
New type domain.Socio

[2025-06-07 12:33:53 #9 type.registry] 
New type domain.Actividad

[2025-06-07 12:33:53 #10 type] 
Type domain.Reserva is not enhanced.

[2025-06-07 12:33:53 #11 type.registry] 
New type domain.Factura

[2025-06-07 12:33:53 #12 type.registry] 
New type domain.Reserva$estadoReserva

[2025-06-07 12:33:53 #13 type] 
Type domain.Socio is not enhanced.

[2025-06-07 12:33:53 #14 type] 
Type domain.Actividad is not enhanced.

[2025-06-07 12:33:53 #15 type] 
Type domain.Factura is not enhanced.

[2025-06-07 12:33:53 #16 type.registry] 
New type java.util.LinkedList<domain.Reserva>

[2025-06-07 12:33:53 #17 type.registry] 
New type domain.Factura$estadoFactura2

[2025-06-07 12:33:53 #18 type.registry] 
New type domain.Factura$estadoFactura1

[2025-06-07 12:33:53 #19 type.registry] 
New type java.util.LinkedList<java.lang.Object>

[2025-06-07 12:33:53 #20 type.registry] 
New type java.util.LinkedList<domain.Factura>

[2025-06-07 12:33:53 #21 type.registry] 
New type java.util.LinkedList<domain.Socio>

------------------------------------------------------------------------------------------------------------------------

[2025-06-07 12:52:31 #1 store] 
Database 'C:\Users\gaizk\Desktop\SI1\Workspace\Rides24-master.zip_expanded\Rides24-master\src\main\resources\rides.temp' is opened by 9408@Gaizka

[2025-06-07 12:52:32 #2 type.registry] 
New type domain.Sala

[2025-06-07 12:52:32 #3 type] 
Type domain.Sala is not enhanced.

[2025-06-07 12:52:32 #4 type.registry] 
New type domain.Sesion

[2025-06-07 12:52:32 #5 type.registry] 
New type java.util.LinkedList<domain.Sesion>

[2025-06-07 12:52:32 #6 type] 
Type domain.Sesion is not enhanced.

[2025-06-07 12:52:32 #7 type.registry] 
New type domain.Reserva

[2025-06-07 12:52:32 #8 type.registry] 
New type domain.Socio

[2025-06-07 12:52:32 #9 type.registry] 
New type domain.Actividad

[2025-06-07 12:52:32 #10 type] 
Type domain.Reserva is not enhanced.

[2025-06-07 12:52:32 #11 type.registry] 
New type domain.Factura

[2025-06-07 12:52:32 #12 type.registry] 
New type domain.Reserva$estadoReserva

[2025-06-07 12:52:32 #13 type] 
Type domain.Socio is not enhanced.

[2025-06-07 12:52:32 #14 type] 
Type domain.Actividad is not enhanced.

[2025-06-07 12:52:32 #15 type] 
Type domain.Factura is not enhanced.

[2025-06-07 12:52:32 #16 type.registry] 
New type java.util.LinkedList<domain.Reserva>

[2025-06-07 12:52:32 #17 type.registry] 
New type domain.Factura$estadoFactura2

[2025-06-07 12:52:32 #18 type.registry] 
New type domain.Factura$estadoFactura1

[2025-06-07 12:52:32 #19 type.registry] 
New type java.util.LinkedList<java.lang.Object>

[2025-06-07 12:52:32 #20 type.registry] 
New type java.util.LinkedList<domain.Factura>

[2025-06-07 12:52:32 #21 type.registry] 
New type java.util.LinkedList<domain.Socio>

------------------------------------------------------------------------------------------------------------------------

[2025-06-07 13:02:49 #1 store] 
Database 'C:\Users\gaizk\Desktop\SI1\Workspace\Rides24-master.zip_expanded\Rides24-master\src\main\resources\rides.temp' has been recovered (tr. 1-15)

[2025-06-07 13:02:49 #2 store] 
Database 'C:\Users\gaizk\Desktop\SI1\Workspace\Rides24-master.zip_expanded\Rides24-master\src\main\resources\rides.temp' is opened by 9076@Gaizka

[2025-06-07 13:02:49 #3 type] 
Type domain.Sala is not enhanced.

[2025-06-07 13:02:49 #4 type] 
Type domain.Sesion is not enhanced.

[2025-06-07 13:02:49 #5 type] 
Type domain.Reserva is not enhanced.

[2025-06-07 13:02:49 #6 type] 
Type domain.Socio is not enhanced.

[2025-06-07 13:02:49 #7 type] 
Type domain.Actividad is not enhanced.

[2025-06-07 13:02:49 #8 type] 
Type domain.Factura is not enhanced.

------------------------------------------------------------------------------------------------------------------------

[2025-06-07 13:33:43 #1 server] 
Server on port 6136 has started by 12092@Gaizka

[2025-06-07 13:33:53 #2 store] 
Database 'C:\Users\gaizk\Desktop\SI1\Workspace\Rides24-master.zip_expanded\Rides24-master\src\main\resources\db\src\main\resources\rides.temp' is opened by 12092@Gaizka

------------------------------------------------------------------------------------------------------------------------

[2025-06-07 13:33:53 #1 type.registry] 
New type domain.Sala

[2025-06-07 13:33:53 #2 type] 
Type domain.Sala is not enhanced.

[2025-06-07 13:33:53 #3 type.registry] 
New type domain.Sesion

[2025-06-07 13:33:53 #4 type.registry] 
New type java.util.LinkedList<domain.Sesion>

[2025-06-07 13:33:53 #5 type] 
Type domain.Sesion is not enhanced.

[2025-06-07 13:33:53 #6 type.registry] 
New type domain.Reserva

[2025-06-07 13:33:53 #7 type.registry] 
New type domain.Socio

[2025-06-07 13:33:53 #8 type.registry] 
New type domain.Actividad

[2025-06-07 13:33:53 #9 type] 
Type domain.Reserva is not enhanced.

[2025-06-07 13:33:53 #10 type.registry] 
New type domain.Factura

[2025-06-07 13:33:53 #11 type.registry] 
New type domain.Reserva$estadoReserva

[2025-06-07 13:33:53 #12 type] 
Type domain.Socio is not enhanced.

[2025-06-07 13:33:53 #13 type] 
Type domain.Actividad is not enhanced.

[2025-06-07 13:33:53 #14 type] 
Type domain.Factura is not enhanced.

[2025-06-07 13:33:53 #15 type.registry] 
New type java.util.LinkedList<domain.Reserva>

[2025-06-07 13:33:53 #16 type.registry] 
New type domain.Factura$estadoFactura2

[2025-06-07 13:33:53 #17 type.registry] 
New type domain.Factura$estadoFactura1

[2025-06-07 13:33:54 #18 type.registry] 
New type java.util.LinkedList<java.lang.Object>

[2025-06-07 13:33:54 #19 type.registry] 
New type java.util.LinkedList<domain.Factura>

[2025-06-07 13:33:54 #20 type.registry] 
New type java.util.LinkedList<domain.Socio>

[2025-06-07 13:34:07 #3 store] 
Database 'C:\Users\gaizk\Desktop\SI1\Workspace\Rides24-master.zip_expanded\Rides24-master\src\main\resources\db\src\main\resources\rides.temp' is closed by 12092@Gaizka

------------------------------------------------------------------------------------------------------------------------

[2025-06-07 13:35:12 #1 store] 
Database 'C:\Users\gaizk\Desktop\SI1\Workspace\Rides24-master.zip_expanded\Rides24-master\src\main\resources\rides.temp' is opened by 8788@Gaizka

[2025-06-07 13:35:12 #2 type.registry] 
New type domain.Sala

[2025-06-07 13:35:12 #3 type] 
Type domain.Sala is not enhanced.

[2025-06-07 13:35:12 #4 type.registry] 
New type domain.Sesion

[2025-06-07 13:35:12 #5 type.registry] 
New type java.util.LinkedList<domain.Sesion>

[2025-06-07 13:35:12 #6 type] 
Type domain.Sesion is not enhanced.

[2025-06-07 13:35:12 #7 type.registry] 
New type domain.Reserva

[2025-06-07 13:35:12 #8 type.registry] 
New type domain.Socio

[2025-06-07 13:35:12 #9 type.registry] 
New type domain.Actividad

[2025-06-07 13:35:12 #10 type] 
Type domain.Reserva is not enhanced.

[2025-06-07 13:35:12 #11 type.registry] 
New type domain.Factura

[2025-06-07 13:35:12 #12 type.registry] 
New type domain.Reserva$estadoReserva

[2025-06-07 13:35:12 #13 type] 
Type domain.Socio is not enhanced.

[2025-06-07 13:35:12 #14 type] 
Type domain.Actividad is not enhanced.

[2025-06-07 13:35:12 #15 type] 
Type domain.Factura is not enhanced.

[2025-06-07 13:35:12 #16 type.registry] 
New type java.util.LinkedList<domain.Reserva>

[2025-06-07 13:35:12 #17 type.registry] 
New type domain.Factura$estadoFactura2

[2025-06-07 13:35:12 #18 type.registry] 
New type domain.Factura$estadoFactura1

[2025-06-07 13:35:12 #19 type.registry] 
New type java.util.LinkedList<java.lang.Object>

[2025-06-07 13:35:12 #20 type.registry] 
New type java.util.LinkedList<domain.Factura>

[2025-06-07 13:35:12 #21 type.registry] 
New type java.util.LinkedList<domain.Socio>

------------------------------------------------------------------------------------------------------------------------

[2025-06-07 13:35:35 #1 server] 
Server on port 6136 has started by 9008@Gaizka

[2025-06-07 13:35:50 #2 store] 
Database 'C:\Users\gaizk\Desktop\SI1\Workspace\Rides24-master.zip_expanded\Rides24-master\src\main\resources\db\src\main\resources\rides.temp' is opened by 9008@Gaizka

------------------------------------------------------------------------------------------------------------------------

[2025-06-07 13:35:50 #1 type] 
Type domain.Sala is not enhanced.

[2025-06-07 13:35:50 #2 type] 
Type domain.Sesion is not enhanced.

[2025-06-07 13:35:50 #3 type] 
Type domain.Reserva is not enhanced.

[2025-06-07 13:35:50 #4 type] 
Type domain.Socio is not enhanced.

[2025-06-07 13:35:50 #5 type] 
Type domain.Actividad is not enhanced.

[2025-06-07 13:35:50 #6 type] 
Type domain.Factura is not enhanced.

[2025-06-07 13:36:07 #3 store] 
Database 'C:\Users\gaizk\Desktop\SI1\Workspace\Rides24-master.zip_expanded\Rides24-master\src\main\resources\db\src\main\resources\rides.temp' is closed by 9008@Gaizka

------------------------------------------------------------------------------------------------------------------------

[2025-06-07 13:39:03 #1 store] 
Database 'C:\Users\gaizk\Desktop\SI1\Workspace\Rides24-master.zip_expanded\Rides24-master\src\main\resources\rides.temp' is opened by 13580@Gaizka

[2025-06-07 13:39:04 #2 type.registry] 
New type domain.Sala

[2025-06-07 13:39:04 #3 type] 
Type domain.Sala is not enhanced.

[2025-06-07 13:39:04 #4 type.registry] 
New type domain.Sesion

[2025-06-07 13:39:04 #5 type.registry] 
New type java.util.LinkedList<domain.Sesion>

[2025-06-07 13:39:04 #6 type] 
Type domain.Sesion is not enhanced.

[2025-06-07 13:39:04 #7 type.registry] 
New type domain.Reserva

[2025-06-07 13:39:04 #8 type.registry] 
New type domain.Socio

[2025-06-07 13:39:04 #9 type.registry] 
New type domain.Actividad

[2025-06-07 13:39:04 #10 type] 
Type domain.Reserva is not enhanced.

[2025-06-07 13:39:04 #11 type.registry] 
New type domain.Factura

[2025-06-07 13:39:04 #12 type.registry] 
New type domain.Reserva$estadoReserva

[2025-06-07 13:39:04 #13 type] 
Type domain.Socio is not enhanced.

[2025-06-07 13:39:04 #14 type] 
Type domain.Actividad is not enhanced.

[2025-06-07 13:39:04 #15 type] 
Type domain.Factura is not enhanced.

[2025-06-07 13:39:04 #16 type.registry] 
New type java.util.LinkedList<domain.Reserva>

[2025-06-07 13:39:04 #17 type.registry] 
New type domain.Factura$estadoFactura2

[2025-06-07 13:39:04 #18 type.registry] 
New type domain.Factura$estadoFactura1

[2025-06-07 13:39:04 #19 type.registry] 
New type java.util.LinkedList<java.lang.Object>

[2025-06-07 13:39:04 #20 type.registry] 
New type java.util.LinkedList<domain.Factura>

[2025-06-07 13:39:04 #21 type.registry] 
New type java.util.LinkedList<domain.Socio>

------------------------------------------------------------------------------------------------------------------------

[2025-06-07 13:40:30 #1 store] 
Database 'C:\Users\gaizk\Desktop\SI1\Workspace\Rides24-master.zip_expanded\Rides24-master\src\main\resources\rides.temp' is opened by 8472@Gaizka

[2025-06-07 13:40:30 #2 type.registry] 
New type domain.Sala

[2025-06-07 13:40:30 #3 type] 
Type domain.Sala is not enhanced.

[2025-06-07 13:40:30 #4 type.registry] 
New type domain.Sesion

[2025-06-07 13:40:30 #5 type.registry] 
New type java.util.LinkedList<domain.Sesion>

[2025-06-07 13:40:30 #6 type] 
Type domain.Sesion is not enhanced.

[2025-06-07 13:40:30 #7 type.registry] 
New type domain.Reserva

[2025-06-07 13:40:30 #8 type.registry] 
New type domain.Socio

[2025-06-07 13:40:30 #9 type.registry] 
New type domain.Actividad

[2025-06-07 13:40:30 #10 type] 
Type domain.Reserva is not enhanced.

[2025-06-07 13:40:30 #11 type.registry] 
New type domain.Factura

[2025-06-07 13:40:30 #12 type.registry] 
New type domain.Reserva$estadoReserva

[2025-06-07 13:40:30 #13 type] 
Type domain.Socio is not enhanced.

[2025-06-07 13:40:30 #14 type] 
Type domain.Actividad is not enhanced.

[2025-06-07 13:40:30 #15 type] 
Type domain.Factura is not enhanced.

[2025-06-07 13:40:30 #16 type.registry] 
New type java.util.LinkedList<domain.Reserva>

[2025-06-07 13:40:30 #17 type.registry] 
New type domain.Factura$estadoFactura2

[2025-06-07 13:40:30 #18 type.registry] 
New type domain.Factura$estadoFactura1

[2025-06-07 13:40:30 #19 type.registry] 
New type java.util.LinkedList<java.lang.Object>

[2025-06-07 13:40:30 #20 type.registry] 
New type java.util.LinkedList<domain.Factura>

[2025-06-07 13:40:30 #21 type.registry] 
New type java.util.LinkedList<domain.Socio>

------------------------------------------------------------------------------------------------------------------------

[2025-06-07 13:49:05 #1 server] 
Server on port 6136 has started by 7460@Gaizka

[2025-06-07 13:49:18 #2 store] 
Database 'C:\Users\gaizk\Desktop\SI1\Workspace\Rides24-master.zip_expanded\Rides24-master\src\main\resources\db\src\main\resources\rides.temp' is opened by 7460@Gaizka

------------------------------------------------------------------------------------------------------------------------

[2025-06-07 13:49:18 #1 type] 
Type domain.Sala is not enhanced.

[2025-06-07 13:49:18 #2 type] 
Type domain.Sesion is not enhanced.

[2025-06-07 13:49:18 #3 type] 
Type domain.Reserva is not enhanced.

[2025-06-07 13:49:18 #4 type] 
Type domain.Socio is not enhanced.

[2025-06-07 13:49:18 #5 type] 
Type domain.Actividad is not enhanced.

[2025-06-07 13:49:18 #6 type] 
Type domain.Factura is not enhanced.

[2025-06-07 13:53:29 #3 store] 
Database 'C:\Users\gaizk\Desktop\SI1\Workspace\Rides24-master.zip_expanded\Rides24-master\src\main\resources\db\src\main\resources\rides.temp' is closed by 7460@Gaizka

------------------------------------------------------------------------------------------------------------------------

[2025-06-07 13:53:34 #1 server] 
Server on port 6136 has started by 13676@Gaizka

[2025-06-07 13:53:37 #2 store] 
Database 'C:\Users\gaizk\Desktop\SI1\Workspace\Rides24-master.zip_expanded\Rides24-master\src\main\resources\db\src\main\resources\rides.temp' is opened by 13676@Gaizka

------------------------------------------------------------------------------------------------------------------------

[2025-06-07 13:53:37 #1 type] 
Type domain.Sala is not enhanced.

[2025-06-07 13:53:37 #2 type] 
Type domain.Sesion is not enhanced.

[2025-06-07 13:53:37 #3 type] 
Type domain.Reserva is not enhanced.

[2025-06-07 13:53:37 #4 type] 
Type domain.Socio is not enhanced.

[2025-06-07 13:53:37 #5 type] 
Type domain.Actividad is not enhanced.

[2025-06-07 13:53:37 #6 type] 
Type domain.Factura is not enhanced.

