------------------------------------------------------------------------------------------------------------------------

[2025-06-11 18:57:09 #1 server] 
Server on port 6136 has started by 11708@Gaizka

[2025-06-11 18:57:31 #2 store] 
Database 'C:\Users\gaizk\Desktop\SI1\Workspace\Rides24-master.zip_expanded\Rides24-master\src\main\resources\db\src\main\resources\rides.temp' has been recovered (tr. 8-10)

[2025-06-11 18:57:31 #3 store] 
Database 'C:\Users\gaizk\Desktop\SI1\Workspace\Rides24-master.zip_expanded\Rides24-master\src\main\resources\db\src\main\resources\rides.temp' is opened by 11708@Gaizka

------------------------------------------------------------------------------------------------------------------------

[2025-06-11 18:57:32 #1 type] 
Type domain.Sala is not enhanced.

[2025-06-11 18:57:32 #2 type] 
Type domain.Sesion is not enhanced.

[2025-06-11 18:57:32 #3 type] 
Type domain.Reserva is not enhanced.

[2025-06-11 18:57:32 #4 type] 
Type domain.Socio is not enhanced.

[2025-06-11 18:57:32 #5 type] 
Type domain.Actividad is not enhanced.

[2025-06-11 18:57:32 #6 type] 
Type domain.Factura is not enhanced.

[2025-06-11 20:05:12 #4 store] 
Database 'C:\Users\gaizk\Desktop\SI1\Workspace\Rides24-master.zip_expanded\Rides24-master\src\main\resources\db\src\main\resources\rides.temp' is closed by 11708@Gaizka

[2025-06-11 22:07:05 #5 server] 
Server on port 6136 has stopped by 11708@Gaizka

------------------------------------------------------------------------------------------------------------------------

[2025-06-11 22:16:55 #1 store] 
Database 'C:\Users\gaizk\Desktop\SI1\Workspace\Rides24-master.zip_expanded\Rides24-master\src\main\resources\rides.temp' is opened by 6100@Gaizka

[2025-06-11 22:17:08 #2 type.registry] 
New type domain.Actividad

[2025-06-11 22:17:08 #3 type] 
Type domain.Actividad is not enhanced.

[2025-06-11 22:17:08 #4 type.registry] 
New type domain.Sesion

[2025-06-11 22:17:08 #5 type.registry] 
New type java.util.LinkedList<domain.Sesion>

[2025-06-11 22:17:08 #6 type] 
Type domain.Sesion is not enhanced.

[2025-06-11 22:17:08 #7 type.registry] 
New type domain.Reserva

[2025-06-11 22:17:08 #8 type.registry] 
New type domain.Socio

[2025-06-11 22:17:08 #9 type.registry] 
New type domain.Sala

[2025-06-11 22:17:08 #10 type] 
Type domain.Reserva is not enhanced.

[2025-06-11 22:17:08 #11 type.registry] 
New type domain.Factura

[2025-06-11 22:17:08 #12 type.registry] 
New type domain.Reserva$estadoReserva

[2025-06-11 22:17:08 #13 type] 
Type domain.Socio is not enhanced.

[2025-06-11 22:17:08 #14 type] 
Type domain.Sala is not enhanced.

[2025-06-11 22:17:08 #15 type] 
Type domain.Factura is not enhanced.

[2025-06-11 22:17:08 #16 type.registry] 
New type java.util.LinkedList<domain.Reserva>

[2025-06-11 22:17:08 #17 type.registry] 
New type domain.Factura$estadoFactura2

[2025-06-11 22:17:08 #18 type.registry] 
New type domain.Factura$estadoFactura1

------------------------------------------------------------------------------------------------------------------------

[2025-06-11 22:17:51 #1 store] 
Database 'C:\Users\gaizk\Desktop\SI1\Workspace\Rides24-master.zip_expanded\Rides24-master\src\main\resources\rides.temp' is opened by 4064@Gaizka

[2025-06-11 22:17:52 #2 type.registry] 
New type domain.Sala

[2025-06-11 22:17:52 #3 type] 
Type domain.Sala is not enhanced.

[2025-06-11 22:17:52 #4 type.registry] 
New type domain.Sesion

[2025-06-11 22:17:52 #5 type.registry] 
New type java.util.LinkedList<domain.Sesion>

[2025-06-11 22:17:52 #6 type] 
Type domain.Sesion is not enhanced.

[2025-06-11 22:17:52 #7 type.registry] 
New type domain.Reserva

[2025-06-11 22:17:52 #8 type.registry] 
New type domain.Socio

[2025-06-11 22:17:52 #9 type.registry] 
New type domain.Actividad

[2025-06-11 22:17:52 #10 type] 
Type domain.Reserva is not enhanced.

[2025-06-11 22:17:52 #11 type.registry] 
New type domain.Factura

[2025-06-11 22:17:52 #12 type.registry] 
New type domain.Reserva$estadoReserva

[2025-06-11 22:17:52 #13 type] 
Type domain.Socio is not enhanced.

[2025-06-11 22:17:52 #14 type] 
Type domain.Actividad is not enhanced.

[2025-06-11 22:17:52 #15 type] 
Type domain.Factura is not enhanced.

[2025-06-11 22:17:52 #16 type.registry] 
New type java.util.LinkedList<domain.Reserva>

[2025-06-11 22:17:52 #17 type.registry] 
New type domain.Factura$estadoFactura2

[2025-06-11 22:17:52 #18 type.registry] 
New type domain.Factura$estadoFactura1

[2025-06-11 22:17:52 #19 type.registry] 
New type java.util.LinkedList<java.lang.Object>

[2025-06-11 22:17:52 #20 type.registry] 
New type java.util.LinkedList<domain.Factura>

[2025-06-11 22:17:52 #21 type.registry] 
New type java.util.LinkedList<domain.Socio>

------------------------------------------------------------------------------------------------------------------------

[2025-06-11 22:18:32 #1 store] 
Database 'C:\Users\gaizk\Desktop\SI1\Workspace\Rides24-master.zip_expanded\Rides24-master\src\main\resources\rides.temp' is opened by 11128@Gaizka

[2025-06-11 22:18:32 #2 type.registry] 
New type domain.Sala

[2025-06-11 22:18:32 #3 type] 
Type domain.Sala is not enhanced.

[2025-06-11 22:18:32 #4 type.registry] 
New type domain.Sesion

[2025-06-11 22:18:32 #5 type.registry] 
New type java.util.LinkedList<domain.Sesion>

[2025-06-11 22:18:32 #6 type] 
Type domain.Sesion is not enhanced.

[2025-06-11 22:18:32 #7 type.registry] 
New type domain.Reserva

[2025-06-11 22:18:32 #8 type.registry] 
New type domain.Socio

[2025-06-11 22:18:32 #9 type.registry] 
New type domain.Actividad

[2025-06-11 22:18:32 #10 type] 
Type domain.Reserva is not enhanced.

[2025-06-11 22:18:32 #11 type.registry] 
New type domain.Factura

[2025-06-11 22:18:32 #12 type.registry] 
New type domain.Reserva$estadoReserva

[2025-06-11 22:18:32 #13 type] 
Type domain.Socio is not enhanced.

[2025-06-11 22:18:32 #14 type] 
Type domain.Actividad is not enhanced.

[2025-06-11 22:18:32 #15 type] 
Type domain.Factura is not enhanced.

[2025-06-11 22:18:32 #16 type.registry] 
New type java.util.LinkedList<domain.Reserva>

[2025-06-11 22:18:32 #17 type.registry] 
New type domain.Factura$estadoFactura2

[2025-06-11 22:18:32 #18 type.registry] 
New type domain.Factura$estadoFactura1

[2025-06-11 22:18:32 #19 type.registry] 
New type java.util.LinkedList<java.lang.Object>

[2025-06-11 22:18:32 #20 type.registry] 
New type java.util.LinkedList<domain.Factura>

[2025-06-11 22:18:32 #21 type.registry] 
New type java.util.LinkedList<domain.Socio>

------------------------------------------------------------------------------------------------------------------------

[2025-06-11 22:19:38 #1 server] 
Server on port 6136 has started by 8108@Gaizka

[2025-06-11 22:19:42 #2 store] 
Database 'C:\Users\gaizk\Desktop\SI1\Workspace\Rides24-master.zip_expanded\Rides24-master\src\main\resources\db\src\main\resources\rides.temp' is opened by 8108@Gaizka

------------------------------------------------------------------------------------------------------------------------

[2025-06-11 22:19:42 #1 type] 
Type domain.Sala is not enhanced.

[2025-06-11 22:19:42 #2 type] 
Type domain.Sesion is not enhanced.

[2025-06-11 22:19:42 #3 type] 
Type domain.Reserva is not enhanced.

[2025-06-11 22:19:42 #4 type] 
Type domain.Socio is not enhanced.

[2025-06-11 22:19:42 #5 type] 
Type domain.Actividad is not enhanced.

[2025-06-11 22:19:42 #6 type] 
Type domain.Factura is not enhanced.

[2025-06-11 22:19:47 #3 store] 
Database 'C:\Users\gaizk\Desktop\SI1\Workspace\Rides24-master.zip_expanded\Rides24-master\src\main\resources\db\src\main\resources\rides.temp' is closed by 8108@Gaizka

------------------------------------------------------------------------------------------------------------------------

[2025-06-11 22:19:57 #1 server] 
Server on port 6136 has started by 12160@Gaizka

[2025-06-11 22:20:01 #2 store] 
Database 'C:\Users\gaizk\Desktop\SI1\Workspace\Rides24-master.zip_expanded\Rides24-master\src\main\resources\db\src\main\resources\rides.temp' is opened by 12160@Gaizka

------------------------------------------------------------------------------------------------------------------------

[2025-06-11 22:20:01 #1 type] 
Type domain.Sala is not enhanced.

[2025-06-11 22:20:01 #2 type] 
Type domain.Sesion is not enhanced.

[2025-06-11 22:20:01 #3 type] 
Type domain.Reserva is not enhanced.

[2025-06-11 22:20:01 #4 type] 
Type domain.Socio is not enhanced.

[2025-06-11 22:20:01 #5 type] 
Type domain.Actividad is not enhanced.

[2025-06-11 22:20:01 #6 type] 
Type domain.Factura is not enhanced.

[2025-06-11 22:20:25 #3 store] 
Database 'C:\Users\gaizk\Desktop\SI1\Workspace\Rides24-master.zip_expanded\Rides24-master\src\main\resources\db\src\main\resources\rides.temp' is closed by 12160@Gaizka

