------------------------------------------------------------------------------------------------------------------------

[2025-05-23 11:06:31 #1 store] 
Database 'C:\Users\gaizk\Desktop\SI1\Workspace\Rides24-master.zip_expanded\Rides24-master\src\main\resources\rides.temp' is opened by 11268@Gaizka

[2025-05-23 11:06:31 #2 store] 
Database 'C:\Users\gaizk\Desktop\SI1\Workspace\Rides24-master.zip_expanded\Rides24-master\src\main\resources\rides.temp' is closed by 11268@Gaizka

------------------------------------------------------------------------------------------------------------------------

[2025-05-23 17:45:37 #1 store] 
Database 'C:\Users\gaizk\Desktop\SI1\Workspace\Rides24-master.zip_expanded\Rides24-master\src\main\resources\rides.temp' is opened by 14212@Gaizka

[2025-05-23 17:45:37 #2 store] 
Database 'C:\Users\gaizk\Desktop\SI1\Workspace\Rides24-master.zip_expanded\Rides24-master\src\main\resources\rides.temp' is closed by 14212@Gaizka

[2025-05-23 17:45:44 #3 store] 
Database 'C:\Users\gaizk\Desktop\SI1\Workspace\Rides24-master.zip_expanded\Rides24-master\src\main\resources\rides.temp' is opened by 14212@Gaizka

[2025-05-23 17:45:44 #4 store] 
Database 'C:\Users\gaizk\Desktop\SI1\Workspace\Rides24-master.zip_expanded\Rides24-master\src\main\resources\rides.temp' is closed by 14212@Gaizka

[2025-05-23 17:46:11 #5 store] 
Database 'C:\Users\gaizk\Desktop\SI1\Workspace\Rides24-master.zip_expanded\Rides24-master\src\main\resources\rides.temp' is opened by 14212@Gaizka

[2025-05-23 17:46:11 #6 store] 
Database 'C:\Users\gaizk\Desktop\SI1\Workspace\Rides24-master.zip_expanded\Rides24-master\src\main\resources\rides.temp' is closed by 14212@Gaizka

------------------------------------------------------------------------------------------------------------------------

[2025-05-23 17:46:22 #1 store] 
Database 'C:\Users\gaizk\Desktop\SI1\Workspace\Rides24-master.zip_expanded\Rides24-master\src\main\resources\rides.temp' is opened by 9312@Gaizka

[2025-05-23 17:46:22 #2 type.registry] 
New type domain.Sala

[2025-05-23 17:46:22 #3 type] 
Type domain.Sala is not enhanced.

[2025-05-23 17:46:22 #4 type.registry] 
New type domain.Sesion

[2025-05-23 17:46:22 #5 type.registry] 
New type java.util.LinkedList<domain.Sesion>

[2025-05-23 17:46:22 #6 type] 
Type domain.Sesion is not enhanced.

[2025-05-23 17:46:22 #7 type.registry] 
New type domain.Reserva

[2025-05-23 17:46:22 #8 type.registry] 
New type domain.Socio

[2025-05-23 17:46:22 #9 type.registry] 
New type domain.Actividad

[2025-05-23 17:46:22 #10 type] 
Type domain.Reserva is not enhanced.

[2025-05-23 17:46:22 #11 type.registry] 
New type domain.Factura

[2025-05-23 17:46:22 #12 type.registry] 
New type domain.Reserva$estadoReserva

[2025-05-23 17:46:22 #13 type] 
Type domain.Socio is not enhanced.

[2025-05-23 17:46:22 #14 type] 
Type domain.Actividad is not enhanced.

[2025-05-23 17:46:22 #15 type] 
Type domain.Factura is not enhanced.

[2025-05-23 17:46:22 #16 type.registry] 
New type java.util.LinkedList<domain.Reserva>

[2025-05-23 17:46:22 #17 type.registry] 
New type domain.Factura$estadoFactura2

[2025-05-23 17:46:22 #18 type.registry] 
New type domain.Factura$estadoFactura1

[2025-05-23 17:46:22 #19 type.registry] 
New type java.util.LinkedList<java.lang.Object>

[2025-05-23 17:46:22 #20 type.registry] 
New type java.util.LinkedList<domain.Factura>

[2025-05-23 17:46:22 #21 type.registry] 
New type java.util.LinkedList<domain.Socio>

[2025-05-23 17:46:22 #22 store] 
Database 'C:\Users\gaizk\Desktop\SI1\Workspace\Rides24-master.zip_expanded\Rides24-master\src\main\resources\rides.temp' is closed by 9312@Gaizka

[2025-05-23 17:46:23 #23 store] 
Database 'C:\Users\gaizk\Desktop\SI1\Workspace\Rides24-master.zip_expanded\Rides24-master\src\main\resources\rides.temp' is opened by 9312@Gaizka

[2025-05-23 17:46:23 #24 type.registry] 
New type domain.Sala

[2025-05-23 17:46:23 #25 type.registry] 
New type domain.Sesion

[2025-05-23 17:46:23 #26 type.registry] 
New type java.util.LinkedList<domain.Sesion>

[2025-05-23 17:46:23 #27 type.registry] 
New type domain.Reserva

[2025-05-23 17:46:23 #28 type.registry] 
New type domain.Socio

[2025-05-23 17:46:23 #29 type.registry] 
New type domain.Actividad

[2025-05-23 17:46:23 #30 type.registry] 
New type domain.Factura

[2025-05-23 17:46:23 #31 type.registry] 
New type domain.Reserva$estadoReserva

[2025-05-23 17:46:23 #32 type.registry] 
New type java.util.LinkedList<domain.Reserva>

[2025-05-23 17:46:23 #33 type.registry] 
New type domain.Factura$estadoFactura2

[2025-05-23 17:46:23 #34 type.registry] 
New type domain.Factura$estadoFactura1

[2025-05-23 17:46:23 #35 type.registry] 
New type java.util.LinkedList<java.lang.Object>

[2025-05-23 17:46:23 #36 type.registry] 
New type java.util.LinkedList<domain.Factura>

[2025-05-23 17:46:23 #37 type.registry] 
New type java.util.LinkedList<domain.Socio>

[2025-05-23 17:46:23 #38 store] 
Database 'C:\Users\gaizk\Desktop\SI1\Workspace\Rides24-master.zip_expanded\Rides24-master\src\main\resources\rides.temp' is closed by 9312@Gaizka

------------------------------------------------------------------------------------------------------------------------

[2025-05-23 17:50:27 #1 store] 
Database 'C:\Users\gaizk\Desktop\SI1\Workspace\Rides24-master.zip_expanded\Rides24-master\src\main\resources\rides.temp' is opened by 15536@Gaizka

[2025-05-23 17:50:28 #2 type.registry] 
New type domain.Sala

[2025-05-23 17:50:28 #3 type] 
Type domain.Sala is not enhanced.

[2025-05-23 17:50:28 #4 type.registry] 
New type domain.Sesion

[2025-05-23 17:50:28 #5 type.registry] 
New type java.util.LinkedList<domain.Sesion>

[2025-05-23 17:50:28 #6 type] 
Type domain.Sesion is not enhanced.

[2025-05-23 17:50:28 #7 type.registry] 
New type domain.Reserva

[2025-05-23 17:50:28 #8 type.registry] 
New type domain.Socio

[2025-05-23 17:50:28 #9 type.registry] 
New type domain.Actividad

[2025-05-23 17:50:28 #10 type] 
Type domain.Reserva is not enhanced.

[2025-05-23 17:50:28 #11 type.registry] 
New type domain.Factura

[2025-05-23 17:50:28 #12 type.registry] 
New type domain.Reserva$estadoReserva

[2025-05-23 17:50:28 #13 type] 
Type domain.Socio is not enhanced.

[2025-05-23 17:50:28 #14 type] 
Type domain.Actividad is not enhanced.

[2025-05-23 17:50:28 #15 type] 
Type domain.Factura is not enhanced.

[2025-05-23 17:50:28 #16 type.registry] 
New type java.util.LinkedList<domain.Reserva>

[2025-05-23 17:50:28 #17 type.registry] 
New type domain.Factura$estadoFactura2

[2025-05-23 17:50:28 #18 type.registry] 
New type domain.Factura$estadoFactura1

[2025-05-23 17:50:28 #19 type.registry] 
New type java.util.LinkedList<java.lang.Object>

[2025-05-23 17:50:28 #20 type.registry] 
New type java.util.LinkedList<domain.Factura>

[2025-05-23 17:50:28 #21 type.registry] 
New type java.util.LinkedList<domain.Socio>

[2025-05-23 17:50:28 #22 store] 
Database 'C:\Users\gaizk\Desktop\SI1\Workspace\Rides24-master.zip_expanded\Rides24-master\src\main\resources\rides.temp' is closed by 15536@Gaizka

[2025-05-23 17:50:31 #23 store] 
Database 'C:\Users\gaizk\Desktop\SI1\Workspace\Rides24-master.zip_expanded\Rides24-master\src\main\resources\rides.temp' is opened by 15536@Gaizka

[2025-05-23 17:50:31 #24 type.registry] 
New type domain.Sala

[2025-05-23 17:50:31 #25 type.registry] 
New type domain.Sesion

[2025-05-23 17:50:31 #26 type.registry] 
New type java.util.LinkedList<domain.Sesion>

[2025-05-23 17:50:31 #27 type.registry] 
New type domain.Reserva

[2025-05-23 17:50:31 #28 type.registry] 
New type domain.Socio

[2025-05-23 17:50:31 #29 type.registry] 
New type domain.Actividad

[2025-05-23 17:50:31 #30 type.registry] 
New type domain.Factura

[2025-05-23 17:50:31 #31 type.registry] 
New type domain.Reserva$estadoReserva

[2025-05-23 17:50:31 #32 type.registry] 
New type java.util.LinkedList<domain.Reserva>

[2025-05-23 17:50:31 #33 type.registry] 
New type domain.Factura$estadoFactura2

[2025-05-23 17:50:31 #34 type.registry] 
New type domain.Factura$estadoFactura1

[2025-05-23 17:50:31 #35 type.registry] 
New type java.util.LinkedList<java.lang.Object>

[2025-05-23 17:50:31 #36 type.registry] 
New type java.util.LinkedList<domain.Factura>

[2025-05-23 17:50:31 #37 type.registry] 
New type java.util.LinkedList<domain.Socio>

[2025-05-23 17:50:31 #38 store] 
Database 'C:\Users\gaizk\Desktop\SI1\Workspace\Rides24-master.zip_expanded\Rides24-master\src\main\resources\rides.temp' is closed by 15536@Gaizka

------------------------------------------------------------------------------------------------------------------------

[2025-05-23 17:52:43 #1 store] 
Database 'C:\Users\gaizk\Desktop\SI1\Workspace\Rides24-master.zip_expanded\Rides24-master\src\main\resources\rides.temp' is opened by 9124@Gaizka

[2025-05-23 17:52:43 #2 type.registry] 
New type domain.Sala

[2025-05-23 17:52:43 #3 type] 
Type domain.Sala is not enhanced.

[2025-05-23 17:52:43 #4 type.registry] 
New type domain.Sesion

[2025-05-23 17:52:43 #5 type.registry] 
New type java.util.LinkedList<domain.Sesion>

[2025-05-23 17:52:43 #6 type] 
Type domain.Sesion is not enhanced.

[2025-05-23 17:52:43 #7 type.registry] 
New type domain.Reserva

[2025-05-23 17:52:43 #8 type.registry] 
New type domain.Socio

[2025-05-23 17:52:43 #9 type.registry] 
New type domain.Actividad

[2025-05-23 17:52:43 #10 type] 
Type domain.Reserva is not enhanced.

[2025-05-23 17:52:43 #11 type.registry] 
New type domain.Factura

[2025-05-23 17:52:43 #12 type.registry] 
New type domain.Reserva$estadoReserva

[2025-05-23 17:52:43 #13 type] 
Type domain.Socio is not enhanced.

[2025-05-23 17:52:43 #14 type] 
Type domain.Actividad is not enhanced.

[2025-05-23 17:52:43 #15 type] 
Type domain.Factura is not enhanced.

[2025-05-23 17:52:43 #16 type.registry] 
New type java.util.LinkedList<domain.Reserva>

[2025-05-23 17:52:43 #17 type.registry] 
New type domain.Factura$estadoFactura2

[2025-05-23 17:52:43 #18 type.registry] 
New type domain.Factura$estadoFactura1

[2025-05-23 17:52:44 #19 type.registry] 
New type java.util.LinkedList<java.lang.Object>

[2025-05-23 17:52:44 #20 type.registry] 
New type java.util.LinkedList<domain.Factura>

[2025-05-23 17:52:44 #21 type.registry] 
New type java.util.LinkedList<domain.Socio>

[2025-05-23 17:52:44 #22 store] 
Database 'C:\Users\gaizk\Desktop\SI1\Workspace\Rides24-master.zip_expanded\Rides24-master\src\main\resources\rides.temp' is closed by 9124@Gaizka

------------------------------------------------------------------------------------------------------------------------

[2025-05-23 17:55:23 #1 store] 
Database 'C:\Users\gaizk\Desktop\SI1\Workspace\Rides24-master.zip_expanded\Rides24-master\src\main\resources\rides.temp' is opened by 13820@Gaizka

[2025-05-23 17:55:24 #2 type.registry] 
New type domain.Sala

[2025-05-23 17:55:24 #3 type] 
Type domain.Sala is not enhanced.

[2025-05-23 17:55:24 #4 type.registry] 
New type domain.Sesion

[2025-05-23 17:55:24 #5 type.registry] 
New type java.util.LinkedList<domain.Sesion>

[2025-05-23 17:55:24 #6 type] 
Type domain.Sesion is not enhanced.

[2025-05-23 17:55:24 #7 type.registry] 
New type domain.Reserva

[2025-05-23 17:55:24 #8 type.registry] 
New type domain.Socio

[2025-05-23 17:55:24 #9 type.registry] 
New type domain.Actividad

[2025-05-23 17:55:24 #10 type] 
Type domain.Reserva is not enhanced.

[2025-05-23 17:55:24 #11 type.registry] 
New type domain.Factura

[2025-05-23 17:55:24 #12 type.registry] 
New type domain.Reserva$estadoReserva

[2025-05-23 17:55:24 #13 type] 
Type domain.Socio is not enhanced.

[2025-05-23 17:55:24 #14 type] 
Type domain.Actividad is not enhanced.

[2025-05-23 17:55:24 #15 type] 
Type domain.Factura is not enhanced.

[2025-05-23 17:55:24 #16 type.registry] 
New type java.util.LinkedList<domain.Reserva>

[2025-05-23 17:55:24 #17 type.registry] 
New type domain.Factura$estadoFactura2

[2025-05-23 17:55:24 #18 type.registry] 
New type domain.Factura$estadoFactura1

[2025-05-23 17:55:24 #19 type.registry] 
New type java.util.LinkedList<java.lang.Object>

[2025-05-23 17:55:24 #20 type.registry] 
New type java.util.LinkedList<domain.Factura>

[2025-05-23 17:55:24 #21 type.registry] 
New type java.util.LinkedList<domain.Socio>

------------------------------------------------------------------------------------------------------------------------

[2025-05-23 17:57:49 #1 store] 
Database 'C:\Users\gaizk\Desktop\SI1\Workspace\Rides24-master.zip_expanded\Rides24-master\src\main\resources\rides.temp' is opened by 16076@Gaizka

[2025-05-23 17:57:49 #2 type.registry] 
New type domain.Sala

[2025-05-23 17:57:49 #3 type] 
Type domain.Sala is not enhanced.

[2025-05-23 17:57:49 #4 type.registry] 
New type domain.Sesion

[2025-05-23 17:57:49 #5 type.registry] 
New type java.util.LinkedList<domain.Sesion>

[2025-05-23 17:57:49 #6 type] 
Type domain.Sesion is not enhanced.

[2025-05-23 17:57:49 #7 type.registry] 
New type domain.Reserva

[2025-05-23 17:57:49 #8 type.registry] 
New type domain.Socio

[2025-05-23 17:57:49 #9 type.registry] 
New type domain.Actividad

[2025-05-23 17:57:49 #10 type] 
Type domain.Reserva is not enhanced.

[2025-05-23 17:57:49 #11 type.registry] 
New type domain.Factura

[2025-05-23 17:57:49 #12 type.registry] 
New type domain.Reserva$estadoReserva

[2025-05-23 17:57:49 #13 type] 
Type domain.Socio is not enhanced.

[2025-05-23 17:57:49 #14 type] 
Type domain.Actividad is not enhanced.

[2025-05-23 17:57:49 #15 type] 
Type domain.Factura is not enhanced.

[2025-05-23 17:57:49 #16 type.registry] 
New type java.util.LinkedList<domain.Reserva>

[2025-05-23 17:57:49 #17 type.registry] 
New type domain.Factura$estadoFactura2

[2025-05-23 17:57:49 #18 type.registry] 
New type domain.Factura$estadoFactura1

[2025-05-23 17:57:49 #19 type.registry] 
New type java.util.LinkedList<java.lang.Object>

[2025-05-23 17:57:49 #20 type.registry] 
New type java.util.LinkedList<domain.Factura>

[2025-05-23 17:57:49 #21 type.registry] 
New type java.util.LinkedList<domain.Socio>

------------------------------------------------------------------------------------------------------------------------

[2025-05-23 18:00:43 #1 store] 
Database 'C:\Users\gaizk\Desktop\SI1\Workspace\Rides24-master.zip_expanded\Rides24-master\src\main\resources\rides.temp' has been recovered (tr. 1-7)

[2025-05-23 18:00:44 #2 store] 
Database 'C:\Users\gaizk\Desktop\SI1\Workspace\Rides24-master.zip_expanded\Rides24-master\src\main\resources\rides.temp' is opened by 15448@Gaizka

[2025-05-23 18:00:44 #3 type] 
Type domain.Sala is not enhanced.

[2025-05-23 18:00:44 #4 type] 
Type domain.Sesion is not enhanced.

[2025-05-23 18:00:44 #5 type] 
Type domain.Reserva is not enhanced.

[2025-05-23 18:00:44 #6 type] 
Type domain.Socio is not enhanced.

[2025-05-23 18:00:44 #7 type] 
Type domain.Actividad is not enhanced.

[2025-05-23 18:00:44 #8 type] 
Type domain.Factura is not enhanced.

------------------------------------------------------------------------------------------------------------------------

[2025-05-23 18:02:31 #1 store] 
Database 'C:\Users\gaizk\Desktop\SI1\Workspace\Rides24-master.zip_expanded\Rides24-master\src\main\resources\rides.temp' is opened by 11092@Gaizka

[2025-05-23 18:02:32 #2 type] 
Type domain.Sala is not enhanced.

[2025-05-23 18:02:32 #3 type] 
Type domain.Sesion is not enhanced.

[2025-05-23 18:02:32 #4 type] 
Type domain.Reserva is not enhanced.

[2025-05-23 18:02:32 #5 type] 
Type domain.Socio is not enhanced.

[2025-05-23 18:02:32 #6 type] 
Type domain.Actividad is not enhanced.

[2025-05-23 18:02:32 #7 type] 
Type domain.Factura is not enhanced.

------------------------------------------------------------------------------------------------------------------------

[2025-05-23 18:19:47 #1 store] 
Database 'C:\Users\gaizk\Desktop\SI1\Workspace\Rides24-master.zip_expanded\Rides24-master\src\main\resources\rides.temp' is opened by 7924@Gaizka

[2025-05-23 18:19:47 #2 type] 
Type domain.Sala is not enhanced.

[2025-05-23 18:19:47 #3 type] 
Type domain.Sesion is not enhanced.

[2025-05-23 18:19:47 #4 type] 
Type domain.Reserva is not enhanced.

[2025-05-23 18:19:47 #5 type] 
Type domain.Socio is not enhanced.

[2025-05-23 18:19:47 #6 type] 
Type domain.Actividad is not enhanced.

[2025-05-23 18:19:47 #7 type] 
Type domain.Factura is not enhanced.

------------------------------------------------------------------------------------------------------------------------

[2025-05-23 18:19:59 #1 store] 
Database 'C:\Users\gaizk\Desktop\SI1\Workspace\Rides24-master.zip_expanded\Rides24-master\src\main\resources\rides.temp' is opened by 16784@Gaizka

[2025-05-23 18:19:59 #2 type] 
Type domain.Sala is not enhanced.

[2025-05-23 18:19:59 #3 type] 
Type domain.Sesion is not enhanced.

[2025-05-23 18:19:59 #4 type] 
Type domain.Reserva is not enhanced.

[2025-05-23 18:19:59 #5 type] 
Type domain.Socio is not enhanced.

[2025-05-23 18:19:59 #6 type] 
Type domain.Actividad is not enhanced.

[2025-05-23 18:19:59 #7 type] 
Type domain.Factura is not enhanced.

------------------------------------------------------------------------------------------------------------------------

[2025-05-23 18:34:04 #1 store] 
Database 'C:\Users\gaizk\Desktop\SI1\Workspace\Rides24-master.zip_expanded\Rides24-master\src\main\resources\rides.temp' is opened by 9580@Gaizka

[2025-05-23 18:34:04 #2 type] 
Type domain.Sala is not enhanced.

[2025-05-23 18:34:04 #3 type] 
Type domain.Sesion is not enhanced.

[2025-05-23 18:34:04 #4 type] 
Type domain.Reserva is not enhanced.

[2025-05-23 18:34:04 #5 type] 
Type domain.Socio is not enhanced.

[2025-05-23 18:34:04 #6 type] 
Type domain.Actividad is not enhanced.

[2025-05-23 18:34:04 #7 type] 
Type domain.Factura is not enhanced.

------------------------------------------------------------------------------------------------------------------------

[2025-05-23 18:34:30 #1 store] 
Database 'C:\Users\gaizk\Desktop\SI1\Workspace\Rides24-master.zip_expanded\Rides24-master\src\main\resources\rides.temp' is opened by 12596@Gaizka

[2025-05-23 18:34:30 #2 type] 
Type domain.Sala is not enhanced.

[2025-05-23 18:34:30 #3 type] 
Type domain.Sesion is not enhanced.

[2025-05-23 18:34:30 #4 type] 
Type domain.Reserva is not enhanced.

[2025-05-23 18:34:30 #5 type] 
Type domain.Socio is not enhanced.

[2025-05-23 18:34:30 #6 type] 
Type domain.Actividad is not enhanced.

[2025-05-23 18:34:30 #7 type] 
Type domain.Factura is not enhanced.

------------------------------------------------------------------------------------------------------------------------

[2025-05-23 18:37:45 #1 store] 
Database 'C:\Users\gaizk\Desktop\SI1\Workspace\Rides24-master.zip_expanded\Rides24-master\src\main\resources\rides.temp' is opened by 1868@Gaizka

[2025-05-23 18:37:45 #2 type] 
Type domain.Sala is not enhanced.

[2025-05-23 18:37:45 #3 type] 
Type domain.Sesion is not enhanced.

[2025-05-23 18:37:45 #4 type] 
Type domain.Reserva is not enhanced.

[2025-05-23 18:37:45 #5 type] 
Type domain.Socio is not enhanced.

[2025-05-23 18:37:45 #6 type] 
Type domain.Actividad is not enhanced.

[2025-05-23 18:37:45 #7 type] 
Type domain.Factura is not enhanced.

------------------------------------------------------------------------------------------------------------------------

[2025-05-23 18:44:44 #1 store] 
Database 'C:\Users\gaizk\Desktop\SI1\Workspace\Rides24-master.zip_expanded\Rides24-master\src\main\resources\rides.temp' is opened by 15256@Gaizka

[2025-05-23 18:44:45 #2 type] 
Type domain.Sala is not enhanced.

[2025-05-23 18:44:45 #3 type] 
Type domain.Sesion is not enhanced.

[2025-05-23 18:44:45 #4 type] 
Type domain.Reserva is not enhanced.

[2025-05-23 18:44:45 #5 type] 
Type domain.Socio is not enhanced.

[2025-05-23 18:44:45 #6 type] 
Type domain.Actividad is not enhanced.

[2025-05-23 18:44:45 #7 type] 
Type domain.Factura is not enhanced.

------------------------------------------------------------------------------------------------------------------------

[2025-05-23 18:44:54 #1 store] 
Database 'C:\Users\gaizk\Desktop\SI1\Workspace\Rides24-master.zip_expanded\Rides24-master\src\main\resources\rides.temp' is opened by 15484@Gaizka

[2025-05-23 18:44:54 #2 type] 
Type domain.Sala is not enhanced.

[2025-05-23 18:44:54 #3 type] 
Type domain.Sesion is not enhanced.

[2025-05-23 18:44:54 #4 type] 
Type domain.Reserva is not enhanced.

[2025-05-23 18:44:54 #5 type] 
Type domain.Socio is not enhanced.

[2025-05-23 18:44:54 #6 type] 
Type domain.Actividad is not enhanced.

[2025-05-23 18:44:54 #7 type] 
Type domain.Factura is not enhanced.

------------------------------------------------------------------------------------------------------------------------

[2025-05-23 18:46:20 #1 store] 
Database 'C:\Users\gaizk\Desktop\SI1\Workspace\Rides24-master.zip_expanded\Rides24-master\src\main\resources\rides.temp' is opened by 14944@Gaizka

[2025-05-23 18:46:20 #2 type] 
Type domain.Sala is not enhanced.

[2025-05-23 18:46:20 #3 type] 
Type domain.Sesion is not enhanced.

[2025-05-23 18:46:20 #4 type] 
Type domain.Reserva is not enhanced.

[2025-05-23 18:46:20 #5 type] 
Type domain.Socio is not enhanced.

[2025-05-23 18:46:20 #6 type] 
Type domain.Actividad is not enhanced.

[2025-05-23 18:46:20 #7 type] 
Type domain.Factura is not enhanced.

------------------------------------------------------------------------------------------------------------------------

[2025-05-23 18:51:23 #1 store] 
Database 'C:\Users\gaizk\Desktop\SI1\Workspace\Rides24-master.zip_expanded\Rides24-master\src\main\resources\rides.temp' is opened by 4572@Gaizka

[2025-05-23 18:51:24 #2 type] 
Type domain.Sala is not enhanced.

[2025-05-23 18:51:24 #3 type] 
Type domain.Sesion is not enhanced.

[2025-05-23 18:51:24 #4 type] 
Type domain.Reserva is not enhanced.

[2025-05-23 18:51:24 #5 type] 
Type domain.Socio is not enhanced.

[2025-05-23 18:51:24 #6 type] 
Type domain.Actividad is not enhanced.

[2025-05-23 18:51:24 #7 type] 
Type domain.Factura is not enhanced.

------------------------------------------------------------------------------------------------------------------------

[2025-05-23 18:55:00 #1 store] 
Database 'C:\Users\gaizk\Desktop\SI1\Workspace\Rides24-master.zip_expanded\Rides24-master\src\main\resources\rides.temp' is opened by 16588@Gaizka

[2025-05-23 18:55:00 #2 type] 
Type domain.Sala is not enhanced.

[2025-05-23 18:55:00 #3 type] 
Type domain.Sesion is not enhanced.

[2025-05-23 18:55:00 #4 type] 
Type domain.Reserva is not enhanced.

[2025-05-23 18:55:00 #5 type] 
Type domain.Socio is not enhanced.

[2025-05-23 18:55:00 #6 type] 
Type domain.Actividad is not enhanced.

[2025-05-23 18:55:00 #7 type] 
Type domain.Factura is not enhanced.

------------------------------------------------------------------------------------------------------------------------

[2025-05-23 18:56:43 #1 store] 
Database 'C:\Users\gaizk\Desktop\SI1\Workspace\Rides24-master.zip_expanded\Rides24-master\src\main\resources\rides.temp' is opened by 1800@Gaizka

[2025-05-23 18:56:43 #2 type] 
Type domain.Sala is not enhanced.

[2025-05-23 18:56:43 #3 type] 
Type domain.Sesion is not enhanced.

[2025-05-23 18:56:43 #4 type] 
Type domain.Reserva is not enhanced.

[2025-05-23 18:56:43 #5 type] 
Type domain.Socio is not enhanced.

[2025-05-23 18:56:43 #6 type] 
Type domain.Actividad is not enhanced.

[2025-05-23 18:56:43 #7 type] 
Type domain.Factura is not enhanced.

------------------------------------------------------------------------------------------------------------------------

[2025-05-23 19:01:21 #1 store] 
Database 'C:\Users\gaizk\Desktop\SI1\Workspace\Rides24-master.zip_expanded\Rides24-master\src\main\resources\rides.temp' is opened by 13608@Gaizka

[2025-05-23 19:01:21 #2 type] 
Type domain.Sala is not enhanced.

[2025-05-23 19:01:21 #3 type] 
Type domain.Sesion is not enhanced.

[2025-05-23 19:01:21 #4 type] 
Type domain.Reserva is not enhanced.

[2025-05-23 19:01:21 #5 type] 
Type domain.Socio is not enhanced.

[2025-05-23 19:01:21 #6 type] 
Type domain.Actividad is not enhanced.

[2025-05-23 19:01:21 #7 type] 
Type domain.Factura is not enhanced.

------------------------------------------------------------------------------------------------------------------------

[2025-05-23 19:12:47 #1 store] 
Database 'C:\Users\gaizk\Desktop\SI1\Workspace\Rides24-master.zip_expanded\Rides24-master\src\main\resources\rides.temp' is opened by 7988@Gaizka

[2025-05-23 19:12:48 #2 type] 
Type domain.Sala is not enhanced.

[2025-05-23 19:12:48 #3 type] 
Type domain.Sesion is not enhanced.

[2025-05-23 19:12:48 #4 type] 
Type domain.Reserva is not enhanced.

[2025-05-23 19:12:48 #5 type] 
Type domain.Socio is not enhanced.

[2025-05-23 19:12:48 #6 type] 
Type domain.Actividad is not enhanced.

[2025-05-23 19:12:48 #7 type] 
Type domain.Factura is not enhanced.

------------------------------------------------------------------------------------------------------------------------

[2025-05-23 19:14:14 #1 store] 
Database 'C:\Users\gaizk\Desktop\SI1\Workspace\Rides24-master.zip_expanded\Rides24-master\src\main\resources\rides.temp' is opened by 16596@Gaizka

[2025-05-23 19:14:14 #2 type.registry] 
New type domain.Sala

[2025-05-23 19:14:14 #3 type] 
Type domain.Sala is not enhanced.

[2025-05-23 19:14:14 #4 type.registry] 
New type domain.Sesion

[2025-05-23 19:14:14 #5 type.registry] 
New type java.util.LinkedList<domain.Sesion>

[2025-05-23 19:14:14 #6 type] 
Type domain.Sesion is not enhanced.

[2025-05-23 19:14:14 #7 type.registry] 
New type domain.Reserva

[2025-05-23 19:14:14 #8 type.registry] 
New type domain.Socio

[2025-05-23 19:14:14 #9 type.registry] 
New type domain.Actividad

[2025-05-23 19:14:14 #10 type] 
Type domain.Reserva is not enhanced.

[2025-05-23 19:14:14 #11 type.registry] 
New type domain.Factura

[2025-05-23 19:14:14 #12 type.registry] 
New type domain.Reserva$estadoReserva

[2025-05-23 19:14:14 #13 type] 
Type domain.Socio is not enhanced.

[2025-05-23 19:14:14 #14 type] 
Type domain.Actividad is not enhanced.

[2025-05-23 19:14:14 #15 type] 
Type domain.Factura is not enhanced.

[2025-05-23 19:14:14 #16 type.registry] 
New type java.util.LinkedList<domain.Reserva>

[2025-05-23 19:14:14 #17 type.registry] 
New type domain.Factura$estadoFactura2

[2025-05-23 19:14:14 #18 type.registry] 
New type domain.Factura$estadoFactura1

[2025-05-23 19:14:14 #19 type.registry] 
New type java.util.LinkedList<java.lang.Object>

[2025-05-23 19:14:14 #20 type.registry] 
New type java.util.LinkedList<domain.Factura>

[2025-05-23 19:14:14 #21 type.registry] 
New type java.util.LinkedList<domain.Socio>

------------------------------------------------------------------------------------------------------------------------

[2025-05-23 19:20:28 #1 store] 
Database 'C:\Users\gaizk\Desktop\SI1\Workspace\Rides24-master.zip_expanded\Rides24-master\src\main\resources\rides.temp' is opened by 16892@Gaizka

[2025-05-23 19:20:28 #2 type.registry] 
New type domain.Sala

[2025-05-23 19:20:28 #3 type] 
Type domain.Sala is not enhanced.

[2025-05-23 19:20:28 #4 type.registry] 
New type domain.Sesion

[2025-05-23 19:20:28 #5 type.registry] 
New type java.util.LinkedList<domain.Sesion>

[2025-05-23 19:20:28 #6 type] 
Type domain.Sesion is not enhanced.

[2025-05-23 19:20:28 #7 type.registry] 
New type domain.Reserva

[2025-05-23 19:20:28 #8 type.registry] 
New type domain.Socio

[2025-05-23 19:20:28 #9 type.registry] 
New type domain.Actividad

[2025-05-23 19:20:28 #10 type] 
Type domain.Reserva is not enhanced.

[2025-05-23 19:20:28 #11 type.registry] 
New type domain.Factura

[2025-05-23 19:20:28 #12 type.registry] 
New type domain.Reserva$estadoReserva

[2025-05-23 19:20:28 #13 type] 
Type domain.Socio is not enhanced.

[2025-05-23 19:20:28 #14 type] 
Type domain.Actividad is not enhanced.

[2025-05-23 19:20:28 #15 type] 
Type domain.Factura is not enhanced.

[2025-05-23 19:20:28 #16 type.registry] 
New type java.util.LinkedList<domain.Reserva>

[2025-05-23 19:20:28 #17 type.registry] 
New type domain.Factura$estadoFactura2

[2025-05-23 19:20:28 #18 type.registry] 
New type domain.Factura$estadoFactura1

[2025-05-23 19:20:28 #19 type.registry] 
New type java.util.LinkedList<java.lang.Object>

[2025-05-23 19:20:28 #20 type.registry] 
New type java.util.LinkedList<domain.Factura>

[2025-05-23 19:20:28 #21 type.registry] 
New type java.util.LinkedList<domain.Socio>

------------------------------------------------------------------------------------------------------------------------

[2025-05-23 19:21:59 #1 store] 
Database 'C:\Users\gaizk\Desktop\SI1\Workspace\Rides24-master.zip_expanded\Rides24-master\src\main\resources\rides.temp' is opened by 15132@Gaizka

[2025-05-23 19:21:59 #2 type.registry] 
New type domain.Sala

[2025-05-23 19:21:59 #3 type] 
Type domain.Sala is not enhanced.

[2025-05-23 19:21:59 #4 type.registry] 
New type domain.Sesion

[2025-05-23 19:22:00 #5 type.registry] 
New type java.util.LinkedList<domain.Sesion>

[2025-05-23 19:22:00 #6 type] 
Type domain.Sesion is not enhanced.

[2025-05-23 19:22:00 #7 type.registry] 
New type domain.Reserva

[2025-05-23 19:22:00 #8 type.registry] 
New type domain.Socio

[2025-05-23 19:22:00 #9 type.registry] 
New type domain.Actividad

[2025-05-23 19:22:00 #10 type] 
Type domain.Reserva is not enhanced.

[2025-05-23 19:22:00 #11 type.registry] 
New type domain.Factura

[2025-05-23 19:22:00 #12 type.registry] 
New type domain.Reserva$estadoReserva

[2025-05-23 19:22:00 #13 type] 
Type domain.Socio is not enhanced.

[2025-05-23 19:22:00 #14 type] 
Type domain.Actividad is not enhanced.

[2025-05-23 19:22:00 #15 type] 
Type domain.Factura is not enhanced.

[2025-05-23 19:22:00 #16 type.registry] 
New type java.util.LinkedList<domain.Reserva>

[2025-05-23 19:22:00 #17 type.registry] 
New type domain.Factura$estadoFactura2

[2025-05-23 19:22:00 #18 type.registry] 
New type domain.Factura$estadoFactura1

[2025-05-23 19:22:00 #19 type.registry] 
New type java.util.LinkedList<java.lang.Object>

[2025-05-23 19:22:00 #20 type.registry] 
New type java.util.LinkedList<domain.Factura>

[2025-05-23 19:22:00 #21 type.registry] 
New type java.util.LinkedList<domain.Socio>

------------------------------------------------------------------------------------------------------------------------

[2025-05-23 19:24:02 #1 store] 
Database 'C:\Users\gaizk\Desktop\SI1\Workspace\Rides24-master.zip_expanded\Rides24-master\src\main\resources\rides.temp' is opened by 15760@Gaizka

[2025-05-23 19:24:02 #2 type.registry] 
New type domain.Sala

[2025-05-23 19:24:02 #3 type] 
Type domain.Sala is not enhanced.

[2025-05-23 19:24:02 #4 type.registry] 
New type domain.Sesion

[2025-05-23 19:24:02 #5 type.registry] 
New type java.util.LinkedList<domain.Sesion>

[2025-05-23 19:24:02 #6 type] 
Type domain.Sesion is not enhanced.

[2025-05-23 19:24:02 #7 type.registry] 
New type domain.Reserva

[2025-05-23 19:24:02 #8 type.registry] 
New type domain.Socio

[2025-05-23 19:24:02 #9 type.registry] 
New type domain.Actividad

[2025-05-23 19:24:02 #10 type] 
Type domain.Reserva is not enhanced.

[2025-05-23 19:24:02 #11 type.registry] 
New type domain.Factura

[2025-05-23 19:24:02 #12 type.registry] 
New type domain.Reserva$estadoReserva

[2025-05-23 19:24:02 #13 type] 
Type domain.Socio is not enhanced.

[2025-05-23 19:24:02 #14 type] 
Type domain.Actividad is not enhanced.

[2025-05-23 19:24:02 #15 type] 
Type domain.Factura is not enhanced.

[2025-05-23 19:24:02 #16 type.registry] 
New type java.util.LinkedList<domain.Reserva>

[2025-05-23 19:24:02 #17 type.registry] 
New type domain.Factura$estadoFactura2

[2025-05-23 19:24:02 #18 type.registry] 
New type domain.Factura$estadoFactura1

[2025-05-23 19:24:02 #19 type.registry] 
New type java.util.LinkedList<java.lang.Object>

[2025-05-23 19:24:02 #20 type.registry] 
New type java.util.LinkedList<domain.Factura>

[2025-05-23 19:24:02 #21 type.registry] 
New type java.util.LinkedList<domain.Socio>

------------------------------------------------------------------------------------------------------------------------

[2025-05-23 19:25:14 #1 store] 
Database 'C:\Users\gaizk\Desktop\SI1\Workspace\Rides24-master.zip_expanded\Rides24-master\src\main\resources\rides.temp' is opened by 12520@Gaizka

[2025-05-23 19:25:14 #2 type.registry] 
New type domain.Sala

[2025-05-23 19:25:14 #3 type] 
Type domain.Sala is not enhanced.

[2025-05-23 19:25:14 #4 type.registry] 
New type domain.Sesion

[2025-05-23 19:25:14 #5 type.registry] 
New type java.util.LinkedList<domain.Sesion>

[2025-05-23 19:25:14 #6 type] 
Type domain.Sesion is not enhanced.

[2025-05-23 19:25:14 #7 type.registry] 
New type domain.Reserva

[2025-05-23 19:25:14 #8 type.registry] 
New type domain.Socio

[2025-05-23 19:25:14 #9 type.registry] 
New type domain.Actividad

[2025-05-23 19:25:14 #10 type] 
Type domain.Reserva is not enhanced.

[2025-05-23 19:25:14 #11 type.registry] 
New type domain.Factura

[2025-05-23 19:25:14 #12 type.registry] 
New type domain.Reserva$estadoReserva

[2025-05-23 19:25:14 #13 type] 
Type domain.Socio is not enhanced.

[2025-05-23 19:25:14 #14 type] 
Type domain.Actividad is not enhanced.

[2025-05-23 19:25:14 #15 type] 
Type domain.Factura is not enhanced.

[2025-05-23 19:25:14 #16 type.registry] 
New type java.util.LinkedList<domain.Reserva>

[2025-05-23 19:25:14 #17 type.registry] 
New type domain.Factura$estadoFactura2

[2025-05-23 19:25:14 #18 type.registry] 
New type domain.Factura$estadoFactura1

[2025-05-23 19:25:14 #19 type.registry] 
New type java.util.LinkedList<java.lang.Object>

[2025-05-23 19:25:14 #20 type.registry] 
New type java.util.LinkedList<domain.Factura>

[2025-05-23 19:25:14 #21 type.registry] 
New type java.util.LinkedList<domain.Socio>

------------------------------------------------------------------------------------------------------------------------

[2025-05-23 19:28:50 #1 store] 
Database 'C:\Users\gaizk\Desktop\SI1\Workspace\Rides24-master.zip_expanded\Rides24-master\src\main\resources\rides.temp' is opened by 13508@Gaizka

[2025-05-23 19:28:51 #2 type.registry] 
New type domain.Sala

[2025-05-23 19:28:51 #3 type] 
Type domain.Sala is not enhanced.

[2025-05-23 19:28:51 #4 type.registry] 
New type domain.Sesion

[2025-05-23 19:28:51 #5 type.registry] 
New type java.util.LinkedList<domain.Sesion>

[2025-05-23 19:28:51 #6 type] 
Type domain.Sesion is not enhanced.

[2025-05-23 19:28:51 #7 type.registry] 
New type domain.Reserva

[2025-05-23 19:28:51 #8 type.registry] 
New type domain.Socio

[2025-05-23 19:28:51 #9 type.registry] 
New type domain.Actividad

[2025-05-23 19:28:51 #10 type] 
Type domain.Reserva is not enhanced.

[2025-05-23 19:28:51 #11 type.registry] 
New type domain.Factura

[2025-05-23 19:28:51 #12 type.registry] 
New type domain.Reserva$estadoReserva

[2025-05-23 19:28:51 #13 type] 
Type domain.Socio is not enhanced.

[2025-05-23 19:28:51 #14 type] 
Type domain.Actividad is not enhanced.

[2025-05-23 19:28:51 #15 type] 
Type domain.Factura is not enhanced.

[2025-05-23 19:28:51 #16 type.registry] 
New type java.util.LinkedList<domain.Reserva>

[2025-05-23 19:28:51 #17 type.registry] 
New type domain.Factura$estadoFactura2

[2025-05-23 19:28:51 #18 type.registry] 
New type domain.Factura$estadoFactura1

[2025-05-23 19:28:51 #19 type.registry] 
New type java.util.LinkedList<java.lang.Object>

[2025-05-23 19:28:51 #20 type.registry] 
New type java.util.LinkedList<domain.Factura>

[2025-05-23 19:28:51 #21 type.registry] 
New type java.util.LinkedList<domain.Socio>

