------------------------------------------------------------------------------------------------------------------------

[2025-06-17 00:42:45 #1 store] 
Database 'C:\Users\gaizk\Desktop\SI1\Workspace\Rides24-master.zip_expanded\Rides24-master\src\main\resources\rides.temp' has been recovered (tr. 1-14)

[2025-06-17 00:42:45 #2 store] 
Database 'C:\Users\gaizk\Desktop\SI1\Workspace\Rides24-master.zip_expanded\Rides24-master\src\main\resources\rides.temp' is opened by 15916@Gaizka

[2025-06-17 00:42:45 #3 type] 
Type domain.Sala is not enhanced.

[2025-06-17 00:42:45 #4 type] 
Type domain.Sesion is not enhanced.

[2025-06-17 00:42:45 #5 type] 
Type domain.Reserva is not enhanced.

[2025-06-17 00:42:45 #6 type] 
Type domain.Socio is not enhanced.

[2025-06-17 00:42:45 #7 type] 
Type domain.Actividad is not enhanced.

[2025-06-17 00:42:45 #8 type] 
Type domain.Factura is not enhanced.

------------------------------------------------------------------------------------------------------------------------

[2025-06-17 00:43:04 #1 store] 
Database 'C:\Users\gaizk\Desktop\SI1\Workspace\Rides24-master.zip_expanded\Rides24-master\src\main\resources\rides.temp' is opened by 11952@Gaizka

[2025-06-17 00:43:04 #2 type.registry] 
New type domain.Sala

[2025-06-17 00:43:04 #3 type] 
Type domain.Sala is not enhanced.

[2025-06-17 00:43:04 #4 type.registry] 
New type domain.Sesion

[2025-06-17 00:43:04 #5 type.registry] 
New type java.util.LinkedList<domain.Sesion>

[2025-06-17 00:43:04 #6 type] 
Type domain.Sesion is not enhanced.

[2025-06-17 00:43:04 #7 type.registry] 
New type domain.Reserva

[2025-06-17 00:43:04 #8 type.registry] 
New type domain.Socio

[2025-06-17 00:43:04 #9 type.registry] 
New type domain.Actividad

[2025-06-17 00:43:04 #10 type] 
Type domain.Reserva is not enhanced.

[2025-06-17 00:43:04 #11 type.registry] 
New type domain.Factura

[2025-06-17 00:43:04 #12 type.registry] 
New type domain.Reserva$estadoReserva

[2025-06-17 00:43:04 #13 type] 
Type domain.Socio is not enhanced.

[2025-06-17 00:43:04 #14 type] 
Type domain.Actividad is not enhanced.

[2025-06-17 00:43:04 #15 type] 
Type domain.Factura is not enhanced.

[2025-06-17 00:43:04 #16 type.registry] 
New type java.util.LinkedList<domain.Reserva>

[2025-06-17 00:43:04 #17 type.registry] 
New type domain.Factura$estadoFactura2

[2025-06-17 00:43:04 #18 type.registry] 
New type domain.Factura$estadoFactura1

[2025-06-17 00:43:04 #19 type.registry] 
New type java.util.LinkedList<java.lang.Object>

[2025-06-17 00:43:04 #20 type.registry] 
New type java.util.LinkedList<domain.Factura>

[2025-06-17 00:43:04 #21 type.registry] 
New type java.util.LinkedList<domain.Socio>

------------------------------------------------------------------------------------------------------------------------

[2025-06-17 00:47:44 #1 store] 
Database 'C:\Users\gaizk\Desktop\SI1\Workspace\Rides24-master.zip_expanded\Rides24-master\src\main\resources\rides.temp' is opened by 15096@Gaizka

[2025-06-17 00:47:44 #2 type.registry] 
New type domain.Sala

[2025-06-17 00:47:44 #3 type] 
Type domain.Sala is not enhanced.

[2025-06-17 00:47:44 #4 type.registry] 
New type domain.Sesion

[2025-06-17 00:47:44 #5 type.registry] 
New type java.util.LinkedList<domain.Sesion>

[2025-06-17 00:47:44 #6 type] 
Type domain.Sesion is not enhanced.

[2025-06-17 00:47:44 #7 type.registry] 
New type domain.Reserva

[2025-06-17 00:47:44 #8 type.registry] 
New type domain.Socio

[2025-06-17 00:47:44 #9 type.registry] 
New type domain.Actividad

[2025-06-17 00:47:44 #10 type] 
Type domain.Reserva is not enhanced.

[2025-06-17 00:47:44 #11 type.registry] 
New type domain.Factura

[2025-06-17 00:47:44 #12 type.registry] 
New type domain.Reserva$estadoReserva

[2025-06-17 00:47:44 #13 type] 
Type domain.Socio is not enhanced.

[2025-06-17 00:47:44 #14 type] 
Type domain.Actividad is not enhanced.

[2025-06-17 00:47:44 #15 type] 
Type domain.Factura is not enhanced.

[2025-06-17 00:47:44 #16 type.registry] 
New type java.util.LinkedList<domain.Reserva>

[2025-06-17 00:47:44 #17 type.registry] 
New type domain.Factura$estadoFactura2

[2025-06-17 00:47:44 #18 type.registry] 
New type domain.Factura$estadoFactura1

[2025-06-17 00:47:44 #19 type.registry] 
New type java.util.LinkedList<java.lang.Object>

[2025-06-17 00:47:44 #20 type.registry] 
New type java.util.LinkedList<domain.Factura>

[2025-06-17 00:47:44 #21 type.registry] 
New type java.util.LinkedList<domain.Socio>

------------------------------------------------------------------------------------------------------------------------

[2025-06-17 00:48:29 #1 server] 
Server on port 6136 has started by 14076@Gaizka

[2025-06-17 00:48:32 #2 store] 
Database 'C:\Users\gaizk\Desktop\SI1\Workspace\Rides24-master.zip_expanded\Rides24-master\src\main\resources\db\src\main\resources\rides.temp' is opened by 14076@Gaizka

------------------------------------------------------------------------------------------------------------------------

[2025-06-17 00:48:32 #1 type] 
Type domain.Sala is not enhanced.

[2025-06-17 00:48:32 #2 type] 
Type domain.Sesion is not enhanced.

[2025-06-17 00:48:32 #3 type] 
Type domain.Reserva is not enhanced.

[2025-06-17 00:48:32 #4 type] 
Type domain.Socio is not enhanced.

[2025-06-17 00:48:32 #5 type] 
Type domain.Actividad is not enhanced.

[2025-06-17 00:48:32 #6 type] 
Type domain.Factura is not enhanced.

------------------------------------------------------------------------------------------------------------------------

[2025-06-17 00:49:10 #1 store] 
Database 'C:\Users\gaizk\Desktop\SI1\Workspace\Rides24-master.zip_expanded\Rides24-master\src\main\resources\rides.temp' has been recovered (tr. 1-9)

[2025-06-17 00:49:10 #2 store] 
Database 'C:\Users\gaizk\Desktop\SI1\Workspace\Rides24-master.zip_expanded\Rides24-master\src\main\resources\rides.temp' is opened by 11512@Gaizka

[2025-06-17 00:49:10 #3 type] 
Type domain.Sala is not enhanced.

[2025-06-17 00:49:10 #4 type] 
Type domain.Sesion is not enhanced.

[2025-06-17 00:49:10 #5 type] 
Type domain.Reserva is not enhanced.

[2025-06-17 00:49:10 #6 type] 
Type domain.Socio is not enhanced.

[2025-06-17 00:49:10 #7 type] 
Type domain.Actividad is not enhanced.

[2025-06-17 00:49:10 #8 type] 
Type domain.Factura is not enhanced.

------------------------------------------------------------------------------------------------------------------------

[2025-06-17 00:51:16 #1 store] 
Database 'C:\Users\gaizk\Desktop\SI1\Workspace\Rides24-master.zip_expanded\Rides24-master\src\main\resources\rides.temp' is opened by 14224@Gaizka

[2025-06-17 00:51:16 #2 type] 
Type domain.Sala is not enhanced.

[2025-06-17 00:51:16 #3 type] 
Type domain.Sesion is not enhanced.

[2025-06-17 00:51:16 #4 type] 
Type domain.Reserva is not enhanced.

[2025-06-17 00:51:16 #5 type] 
Type domain.Socio is not enhanced.

[2025-06-17 00:51:16 #6 type] 
Type domain.Actividad is not enhanced.

[2025-06-17 00:51:16 #7 type] 
Type domain.Factura is not enhanced.

------------------------------------------------------------------------------------------------------------------------

[2025-06-17 00:52:26 #1 store] 
Database 'C:\Users\gaizk\Desktop\SI1\Workspace\Rides24-master.zip_expanded\Rides24-master\src\main\resources\rides.temp' is opened by 1608@Gaizka

[2025-06-17 00:52:26 #2 type] 
Type domain.Sala is not enhanced.

[2025-06-17 00:52:26 #3 type] 
Type domain.Sesion is not enhanced.

[2025-06-17 00:52:26 #4 type] 
Type domain.Reserva is not enhanced.

[2025-06-17 00:52:26 #5 type] 
Type domain.Socio is not enhanced.

[2025-06-17 00:52:26 #6 type] 
Type domain.Actividad is not enhanced.

[2025-06-17 00:52:26 #7 type] 
Type domain.Factura is not enhanced.

------------------------------------------------------------------------------------------------------------------------

[2025-06-17 00:53:52 #1 store] 
Database 'C:\Users\gaizk\Desktop\SI1\Workspace\Rides24-master.zip_expanded\Rides24-master\src\main\resources\rides.temp' has been recovered (tr. 10-15)

[2025-06-17 00:53:52 #2 store] 
Database 'C:\Users\gaizk\Desktop\SI1\Workspace\Rides24-master.zip_expanded\Rides24-master\src\main\resources\rides.temp' is opened by 2028@Gaizka

[2025-06-17 00:53:52 #3 type] 
Type domain.Sala is not enhanced.

[2025-06-17 00:53:52 #4 type] 
Type domain.Sesion is not enhanced.

[2025-06-17 00:53:52 #5 type] 
Type domain.Reserva is not enhanced.

[2025-06-17 00:53:52 #6 type] 
Type domain.Socio is not enhanced.

[2025-06-17 00:53:52 #7 type] 
Type domain.Actividad is not enhanced.

[2025-06-17 00:53:52 #8 type] 
Type domain.Factura is not enhanced.

------------------------------------------------------------------------------------------------------------------------

[2025-06-17 00:55:55 #1 store] 
Database 'C:\Users\gaizk\Desktop\SI1\Workspace\Rides24-master.zip_expanded\Rides24-master\src\main\resources\rides.temp' has been recovered (tr. 16-18)

[2025-06-17 00:55:55 #2 store] 
Database 'C:\Users\gaizk\Desktop\SI1\Workspace\Rides24-master.zip_expanded\Rides24-master\src\main\resources\rides.temp' is opened by 14532@Gaizka

[2025-06-17 00:55:55 #3 type] 
Type domain.Sala is not enhanced.

[2025-06-17 00:55:55 #4 type] 
Type domain.Sesion is not enhanced.

[2025-06-17 00:55:55 #5 type] 
Type domain.Reserva is not enhanced.

[2025-06-17 00:55:55 #6 type] 
Type domain.Socio is not enhanced.

[2025-06-17 00:55:55 #7 type] 
Type domain.Actividad is not enhanced.

[2025-06-17 00:55:55 #8 type] 
Type domain.Factura is not enhanced.

------------------------------------------------------------------------------------------------------------------------

[2025-06-17 00:56:17 #1 store] 
Database 'C:\Users\gaizk\Desktop\SI1\Workspace\Rides24-master.zip_expanded\Rides24-master\src\main\resources\rides.temp' is opened by 10696@Gaizka

[2025-06-17 00:56:17 #2 type.registry] 
New type domain.Sala

[2025-06-17 00:56:17 #3 type] 
Type domain.Sala is not enhanced.

[2025-06-17 00:56:17 #4 type.registry] 
New type domain.Sesion

[2025-06-17 00:56:17 #5 type.registry] 
New type java.util.LinkedList<domain.Sesion>

[2025-06-17 00:56:17 #6 type] 
Type domain.Sesion is not enhanced.

[2025-06-17 00:56:17 #7 type.registry] 
New type domain.Reserva

[2025-06-17 00:56:17 #8 type.registry] 
New type domain.Socio

[2025-06-17 00:56:17 #9 type.registry] 
New type domain.Actividad

[2025-06-17 00:56:17 #10 type] 
Type domain.Reserva is not enhanced.

[2025-06-17 00:56:17 #11 type.registry] 
New type domain.Factura

[2025-06-17 00:56:17 #12 type.registry] 
New type domain.Reserva$estadoReserva

[2025-06-17 00:56:17 #13 type] 
Type domain.Socio is not enhanced.

[2025-06-17 00:56:17 #14 type] 
Type domain.Actividad is not enhanced.

[2025-06-17 00:56:17 #15 type] 
Type domain.Factura is not enhanced.

[2025-06-17 00:56:17 #16 type.registry] 
New type java.util.LinkedList<domain.Reserva>

[2025-06-17 00:56:17 #17 type.registry] 
New type domain.Factura$estadoFactura2

[2025-06-17 00:56:17 #18 type.registry] 
New type domain.Factura$estadoFactura1

[2025-06-17 00:56:17 #19 type.registry] 
New type java.util.LinkedList<java.lang.Object>

[2025-06-17 00:56:17 #20 type.registry] 
New type java.util.LinkedList<domain.Factura>

[2025-06-17 00:56:17 #21 type.registry] 
New type java.util.LinkedList<domain.Socio>

------------------------------------------------------------------------------------------------------------------------

[2025-06-17 00:56:30 #1 store] 
Database 'C:\Users\gaizk\Desktop\SI1\Workspace\Rides24-master.zip_expanded\Rides24-master\src\main\resources\rides.temp' is opened by 8232@Gaizka

[2025-06-17 00:56:30 #2 type.registry] 
New type domain.Sala

[2025-06-17 00:56:30 #3 type] 
Type domain.Sala is not enhanced.

[2025-06-17 00:56:30 #4 type.registry] 
New type domain.Sesion

[2025-06-17 00:56:30 #5 type.registry] 
New type java.util.LinkedList<domain.Sesion>

[2025-06-17 00:56:30 #6 type] 
Type domain.Sesion is not enhanced.

[2025-06-17 00:56:30 #7 type.registry] 
New type domain.Reserva

[2025-06-17 00:56:30 #8 type.registry] 
New type domain.Socio

[2025-06-17 00:56:30 #9 type.registry] 
New type domain.Actividad

[2025-06-17 00:56:30 #10 type] 
Type domain.Reserva is not enhanced.

[2025-06-17 00:56:30 #11 type.registry] 
New type domain.Factura

[2025-06-17 00:56:30 #12 type.registry] 
New type domain.Reserva$estadoReserva

[2025-06-17 00:56:30 #13 type] 
Type domain.Socio is not enhanced.

[2025-06-17 00:56:30 #14 type] 
Type domain.Actividad is not enhanced.

[2025-06-17 00:56:30 #15 type] 
Type domain.Factura is not enhanced.

[2025-06-17 00:56:30 #16 type.registry] 
New type java.util.LinkedList<domain.Reserva>

[2025-06-17 00:56:30 #17 type.registry] 
New type domain.Factura$estadoFactura2

[2025-06-17 00:56:30 #18 type.registry] 
New type domain.Factura$estadoFactura1

[2025-06-17 00:56:30 #19 type.registry] 
New type java.util.LinkedList<java.lang.Object>

[2025-06-17 00:56:30 #20 type.registry] 
New type java.util.LinkedList<domain.Factura>

[2025-06-17 00:56:30 #21 type.registry] 
New type java.util.LinkedList<domain.Socio>

[2025-06-17 00:56:35 #3 store] 
Database 'C:\Users\gaizk\Desktop\SI1\Workspace\Rides24-master.zip_expanded\Rides24-master\src\main\resources\db\src\main\resources\rides.temp' is closed by 14076@Gaizka

------------------------------------------------------------------------------------------------------------------------

[2025-06-17 00:58:20 #1 store] 
Database 'C:\Users\gaizk\Desktop\SI1\Workspace\Rides24-master.zip_expanded\Rides24-master\src\main\resources\rides.temp' is opened by 13432@Gaizka

[2025-06-17 00:58:20 #2 type.registry] 
New type domain.Sala

[2025-06-17 00:58:20 #3 type] 
Type domain.Sala is not enhanced.

[2025-06-17 00:58:20 #4 type.registry] 
New type domain.Sesion

[2025-06-17 00:58:20 #5 type.registry] 
New type java.util.LinkedList<domain.Sesion>

[2025-06-17 00:58:20 #6 type] 
Type domain.Sesion is not enhanced.

[2025-06-17 00:58:20 #7 type.registry] 
New type domain.Reserva

[2025-06-17 00:58:20 #8 type.registry] 
New type domain.Socio

[2025-06-17 00:58:20 #9 type.registry] 
New type domain.Actividad

[2025-06-17 00:58:20 #10 type] 
Type domain.Reserva is not enhanced.

[2025-06-17 00:58:20 #11 type.registry] 
New type domain.Factura

[2025-06-17 00:58:20 #12 type.registry] 
New type domain.Reserva$estadoReserva

[2025-06-17 00:58:20 #13 type] 
Type domain.Socio is not enhanced.

[2025-06-17 00:58:20 #14 type] 
Type domain.Actividad is not enhanced.

[2025-06-17 00:58:20 #15 type] 
Type domain.Factura is not enhanced.

[2025-06-17 00:58:20 #16 type.registry] 
New type java.util.LinkedList<domain.Reserva>

[2025-06-17 00:58:20 #17 type.registry] 
New type domain.Factura$estadoFactura2

[2025-06-17 00:58:20 #18 type.registry] 
New type domain.Factura$estadoFactura1

[2025-06-17 00:58:20 #19 type.registry] 
New type java.util.LinkedList<java.lang.Object>

[2025-06-17 00:58:20 #20 type.registry] 
New type java.util.LinkedList<domain.Factura>

[2025-06-17 00:58:20 #21 type.registry] 
New type java.util.LinkedList<domain.Socio>

------------------------------------------------------------------------------------------------------------------------

[2025-06-17 01:02:48 #1 server] 
Server on port 6136 has started by 7564@Gaizka

[2025-06-17 01:02:51 #2 store] 
Database 'C:\Users\gaizk\Desktop\SI1\Workspace\Rides24-master.zip_expanded\Rides24-master\src\main\resources\db\src\main\resources\rides.temp' is opened by 7564@Gaizka

------------------------------------------------------------------------------------------------------------------------

[2025-06-17 01:02:51 #1 type] 
Type domain.Sala is not enhanced.

[2025-06-17 01:02:51 #2 type] 
Type domain.Sesion is not enhanced.

[2025-06-17 01:02:51 #3 type] 
Type domain.Reserva is not enhanced.

[2025-06-17 01:02:51 #4 type] 
Type domain.Socio is not enhanced.

[2025-06-17 01:02:51 #5 type] 
Type domain.Actividad is not enhanced.

[2025-06-17 01:02:51 #6 type] 
Type domain.Factura is not enhanced.

[2025-06-17 01:03:05 #3 store] 
Database 'C:\Users\gaizk\Desktop\SI1\Workspace\Rides24-master.zip_expanded\Rides24-master\src\main\resources\db\src\main\resources\rides.temp' is closed by 7564@Gaizka

------------------------------------------------------------------------------------------------------------------------

[2025-06-17 01:03:14 #1 server] 
Server on port 6136 has started by 8864@Gaizka

[2025-06-17 01:03:17 #2 store] 
Database 'C:\Users\gaizk\Desktop\SI1\Workspace\Rides24-master.zip_expanded\Rides24-master\src\main\resources\db\src\main\resources\rides.temp' is opened by 8864@Gaizka

------------------------------------------------------------------------------------------------------------------------

[2025-06-17 01:03:17 #1 type] 
Type domain.Sala is not enhanced.

[2025-06-17 01:03:17 #2 type] 
Type domain.Sesion is not enhanced.

[2025-06-17 01:03:17 #3 type] 
Type domain.Reserva is not enhanced.

[2025-06-17 01:03:17 #4 type] 
Type domain.Socio is not enhanced.

[2025-06-17 01:03:17 #5 type] 
Type domain.Actividad is not enhanced.

[2025-06-17 01:03:17 #6 type] 
Type domain.Factura is not enhanced.

[2025-06-17 01:07:55 #3 store] 
Database 'C:\Users\gaizk\Desktop\SI1\Workspace\Rides24-master.zip_expanded\Rides24-master\src\main\resources\db\src\main\resources\rides.temp' is closed by 8864@Gaizka

------------------------------------------------------------------------------------------------------------------------

[2025-06-17 01:08:01 #1 server] 
Server on port 6136 has started by 7192@Gaizka

------------------------------------------------------------------------------------------------------------------------

[2025-06-17 01:08:03 #1 server] 
java.net.BindException: Address already in use: bind
	at java.base/sun.nio.ch.Net.bind0(Native Method)
	at java.base/sun.nio.ch.Net.bind(Net.java:565)
	at java.base/sun.nio.ch.Net.bind(Net.java:554)
	at java.base/sun.nio.ch.NioSocketImpl.bind(NioSocketImpl.java:636)
	at java.base/java.net.ServerSocket.bind(ServerSocket.java:389)
	at java.base/java.net.ServerSocket.<init>(ServerSocket.java:276)
	at java.base/java.net.ServerSocket.<init>(ServerSocket.java:221)
	at com.objectdb.o.SMR.I(SMR.java:259)
	at com.objectdb.o.SMR.n(SMR.java:159)
	at com.objectdb.o.TOL.run(TOL.java:116)
	at com.objectdb.Server.runCommand(Server.java:200)
	at com.objectdb.Server.run(Server.java:104)
	at com.objectdb.Server.main(Server.java:63)

------------------------------------------------------------------------------------------------------------------------

[2025-06-17 01:08:12 #1 server] 
Server on port 6136 has started by 2976@Gaizka

[2025-06-17 01:08:14 #2 store] 
Database 'C:\Users\gaizk\Desktop\SI1\Workspace\Rides24-master.zip_expanded\Rides24-master\src\main\resources\db\src\main\resources\rides.temp' is opened by 2976@Gaizka

------------------------------------------------------------------------------------------------------------------------

[2025-06-17 01:08:14 #1 type] 
Type domain.Sala is not enhanced.

[2025-06-17 01:08:14 #2 type] 
Type domain.Sesion is not enhanced.

[2025-06-17 01:08:14 #3 type] 
Type domain.Reserva is not enhanced.

[2025-06-17 01:08:14 #4 type] 
Type domain.Socio is not enhanced.

[2025-06-17 01:08:14 #5 type] 
Type domain.Actividad is not enhanced.

[2025-06-17 01:08:14 #6 type] 
Type domain.Factura is not enhanced.

[2025-06-17 01:08:39 #3 store] 
Database 'C:\Users\gaizk\Desktop\SI1\Workspace\Rides24-master.zip_expanded\Rides24-master\src\main\resources\db\src\main\resources\rides.temp' is closed by 2976@Gaizka

------------------------------------------------------------------------------------------------------------------------

[2025-06-17 09:28:21 #1 store] 
Database 'C:\Users\gaizk\Desktop\SI1\Workspace\Rides24-master.zip_expanded\Rides24-master\src\main\resources\rides.temp' is opened by 13028@Gaizka

[2025-06-17 09:28:21 #2 type.registry] 
New type domain.Sala

[2025-06-17 09:28:21 #3 type] 
Type domain.Sala is not enhanced.

[2025-06-17 09:28:21 #4 type.registry] 
New type domain.Sesion

[2025-06-17 09:28:21 #5 type.registry] 
New type java.util.LinkedList<domain.Sesion>

[2025-06-17 09:28:21 #6 type] 
Type domain.Sesion is not enhanced.

[2025-06-17 09:28:21 #7 type.registry] 
New type domain.Reserva

[2025-06-17 09:28:21 #8 type.registry] 
New type domain.Socio

[2025-06-17 09:28:21 #9 type.registry] 
New type domain.Actividad

[2025-06-17 09:28:21 #10 type] 
Type domain.Reserva is not enhanced.

[2025-06-17 09:28:21 #11 type.registry] 
New type domain.Factura

[2025-06-17 09:28:21 #12 type.registry] 
New type domain.Reserva$estadoReserva

[2025-06-17 09:28:21 #13 type] 
Type domain.Socio is not enhanced.

[2025-06-17 09:28:21 #14 type] 
Type domain.Actividad is not enhanced.

[2025-06-17 09:28:21 #15 type] 
Type domain.Factura is not enhanced.

[2025-06-17 09:28:21 #16 type.registry] 
New type java.util.LinkedList<domain.Reserva>

[2025-06-17 09:28:21 #17 type.registry] 
New type domain.Factura$estadoFactura2

[2025-06-17 09:28:21 #18 type.registry] 
New type domain.Factura$estadoFactura1

[2025-06-17 09:28:21 #19 type.registry] 
New type java.util.LinkedList<java.lang.Object>

[2025-06-17 09:28:21 #20 type.registry] 
New type java.util.LinkedList<domain.Factura>

[2025-06-17 09:28:21 #21 type.registry] 
New type java.util.LinkedList<domain.Socio>

------------------------------------------------------------------------------------------------------------------------

[2025-06-17 09:29:27 #1 store] 
Database 'C:\Users\gaizk\Desktop\SI1\Workspace\Rides24-master.zip_expanded\Rides24-master\src\main\resources\rides.temp' has been recovered (tr. 1-12)

[2025-06-17 09:29:27 #2 store] 
Database 'C:\Users\gaizk\Desktop\SI1\Workspace\Rides24-master.zip_expanded\Rides24-master\src\main\resources\rides.temp' is opened by 7752@Gaizka

[2025-06-17 09:29:27 #3 type] 
Type domain.Sala is not enhanced.

[2025-06-17 09:29:27 #4 type] 
Type domain.Sesion is not enhanced.

[2025-06-17 09:29:27 #5 type] 
Type domain.Reserva is not enhanced.

[2025-06-17 09:29:27 #6 type] 
Type domain.Socio is not enhanced.

[2025-06-17 09:29:27 #7 type] 
Type domain.Actividad is not enhanced.

[2025-06-17 09:29:27 #8 type] 
Type domain.Factura is not enhanced.

------------------------------------------------------------------------------------------------------------------------

[2025-06-17 12:45:04 #1 server] 
Server on port 6136 has started by 14608@Gaizka

[2025-06-17 12:45:09 #2 store] 
Database 'C:\Users\gaizk\Desktop\SI1\Workspace\Rides24-master.zip_expanded\Rides24-master\src\main\resources\db\src\main\resources\rides.temp' is opened by 14608@Gaizka

------------------------------------------------------------------------------------------------------------------------

[2025-06-17 12:45:09 #1 type] 
Type domain.Sala is not enhanced.

[2025-06-17 12:45:09 #2 type] 
Type domain.Sesion is not enhanced.

[2025-06-17 12:45:09 #3 type] 
Type domain.Reserva is not enhanced.

[2025-06-17 12:45:09 #4 type] 
Type domain.Socio is not enhanced.

[2025-06-17 12:45:09 #5 type] 
Type domain.Actividad is not enhanced.

[2025-06-17 12:45:09 #6 type] 
Type domain.Factura is not enhanced.

[2025-06-17 12:45:27 #3 store] 
Database 'C:\Users\gaizk\Desktop\SI1\Workspace\Rides24-master.zip_expanded\Rides24-master\src\main\resources\db\src\main\resources\rides.temp' is closed by 14608@Gaizka

------------------------------------------------------------------------------------------------------------------------

[2025-06-17 12:49:33 #1 server] 
Server on port 6136 has started by 7012@Gaizka

[2025-06-17 12:49:53 #2 server] 
Server on port 6136 has stopped by 7012@Gaizka

------------------------------------------------------------------------------------------------------------------------

[2025-06-17 12:50:04 #1 server] 
Server on port 6136 has started by 13364@Gaizka

[2025-06-17 12:50:14 #2 store] 
Database 'C:\Users\gaizk\Desktop\SI1\Workspace\Rides24-master.zip_expanded\Rides24-master\src\main\resources\db\src\main\resources\rides.temp' is opened by 13364@Gaizka

------------------------------------------------------------------------------------------------------------------------

[2025-06-17 12:50:14 #1 type] 
Type domain.Sala is not enhanced.

[2025-06-17 12:50:14 #2 type] 
Type domain.Sesion is not enhanced.

[2025-06-17 12:50:14 #3 type] 
Type domain.Reserva is not enhanced.

[2025-06-17 12:50:14 #4 type] 
Type domain.Socio is not enhanced.

[2025-06-17 12:50:14 #5 type] 
Type domain.Actividad is not enhanced.

[2025-06-17 12:50:14 #6 type] 
Type domain.Factura is not enhanced.

[2025-06-17 13:00:55 #3 store] 
Database 'C:\Users\gaizk\Desktop\SI1\Workspace\Rides24-master.zip_expanded\Rides24-master\src\main\resources\db\src\main\resources\rides.temp' is closed by 13364@Gaizka

[2025-06-17 13:00:55 #4 server] 
Server on port 6136 has stopped by 13364@Gaizka

------------------------------------------------------------------------------------------------------------------------

[2025-06-17 13:01:20 #1 server] 
Server on port 6136 has started by 4064@Gaizka

[2025-06-17 13:01:25 #2 store] 
Database 'C:\Users\gaizk\Desktop\SI1\Workspace\Rides24-master.zip_expanded\Rides24-master\src\main\resources\db\src\main\resources\rides.temp' is opened by 4064@Gaizka

------------------------------------------------------------------------------------------------------------------------

[2025-06-17 13:01:25 #1 type.registry] 
New type domain.Sala

[2025-06-17 13:01:25 #2 type] 
Type domain.Sala is not enhanced.

[2025-06-17 13:01:25 #3 type.registry] 
New type domain.Sesion

[2025-06-17 13:01:25 #4 type.registry] 
New type java.util.LinkedList<domain.Sesion>

[2025-06-17 13:01:25 #5 type] 
Type domain.Sesion is not enhanced.

[2025-06-17 13:01:25 #6 type.registry] 
New type domain.Reserva

[2025-06-17 13:01:25 #7 type.registry] 
New type domain.Socio

[2025-06-17 13:01:25 #8 type.registry] 
New type domain.Actividad

[2025-06-17 13:01:25 #9 type] 
Type domain.Reserva is not enhanced.

[2025-06-17 13:01:25 #10 type.registry] 
New type domain.Factura

[2025-06-17 13:01:25 #11 type.registry] 
New type domain.Reserva$estadoReserva

[2025-06-17 13:01:25 #12 type] 
Type domain.Socio is not enhanced.

[2025-06-17 13:01:25 #13 type] 
Type domain.Actividad is not enhanced.

[2025-06-17 13:01:25 #14 type] 
Type domain.Factura is not enhanced.

[2025-06-17 13:01:25 #15 type.registry] 
New type java.util.LinkedList<domain.Reserva>

[2025-06-17 13:01:25 #16 type.registry] 
New type domain.Factura$estadoFactura2

[2025-06-17 13:01:25 #17 type.registry] 
New type domain.Factura$estadoFactura1

[2025-06-17 13:01:26 #18 type.registry] 
New type java.util.LinkedList<java.lang.Object>

[2025-06-17 13:01:26 #19 type.registry] 
New type java.util.LinkedList<domain.Factura>

[2025-06-17 13:01:26 #20 type.registry] 
New type java.util.LinkedList<domain.Socio>

[2025-06-17 13:02:29 #3 store] 
Database 'C:\Users\gaizk\Desktop\SI1\Workspace\Rides24-master.zip_expanded\Rides24-master\src\main\resources\db\src\main\resources\rides.temp' is closed by 4064@Gaizka

------------------------------------------------------------------------------------------------------------------------

[2025-06-17 13:02:42 #1 server] 
Server on port 6136 has started by 6324@Gaizka

[2025-06-17 13:02:46 #2 store] 
Database 'C:\Users\gaizk\Desktop\SI1\Workspace\Rides24-master.zip_expanded\Rides24-master\src\main\resources\db\src\main\resources\rides.temp' is opened by 6324@Gaizka

------------------------------------------------------------------------------------------------------------------------

[2025-06-17 13:02:47 #1 type] 
Type domain.Sala is not enhanced.

[2025-06-17 13:02:47 #2 type] 
Type domain.Sesion is not enhanced.

[2025-06-17 13:02:47 #3 type] 
Type domain.Reserva is not enhanced.

[2025-06-17 13:02:47 #4 type] 
Type domain.Socio is not enhanced.

[2025-06-17 13:02:47 #5 type] 
Type domain.Actividad is not enhanced.

[2025-06-17 13:02:47 #6 type] 
Type domain.Factura is not enhanced.

[2025-06-17 13:03:04 #3 store] 
Database 'C:\Users\gaizk\Desktop\SI1\Workspace\Rides24-master.zip_expanded\Rides24-master\src\main\resources\db\src\main\resources\rides.temp' is closed by 6324@Gaizka

------------------------------------------------------------------------------------------------------------------------

[2025-06-17 13:04:45 #1 server] 
Server on port 6136 has started by 3212@Gaizka

[2025-06-17 13:04:50 #2 store] 
Database 'C:\Users\gaizk\Desktop\SI1\Workspace\Rides24-master.zip_expanded\Rides24-master\src\main\resources\db\src\main\resources\rides.temp' is opened by 3212@Gaizka

------------------------------------------------------------------------------------------------------------------------

[2025-06-17 13:04:50 #1 type] 
Type domain.Sala is not enhanced.

[2025-06-17 13:04:50 #2 type] 
Type domain.Sesion is not enhanced.

[2025-06-17 13:04:50 #3 type] 
Type domain.Reserva is not enhanced.

[2025-06-17 13:04:50 #4 type] 
Type domain.Socio is not enhanced.

[2025-06-17 13:04:50 #5 type] 
Type domain.Actividad is not enhanced.

[2025-06-17 13:04:50 #6 type] 
Type domain.Factura is not enhanced.

[2025-06-17 13:05:00 #3 store] 
Database 'C:\Users\gaizk\Desktop\SI1\Workspace\Rides24-master.zip_expanded\Rides24-master\src\main\resources\db\src\main\resources\rides.temp' is closed by 3212@Gaizka

------------------------------------------------------------------------------------------------------------------------

[2025-06-17 13:08:27 #1 server] 
Server on port 6136 has started by 12728@Gaizka

[2025-06-17 13:08:40 #2 store] 
Database 'C:\Users\gaizk\Desktop\SI1\Workspace\Rides24-master.zip_expanded\Rides24-master\src\main\resources\db\src\main\resources\rides.temp' is opened by 12728@Gaizka

------------------------------------------------------------------------------------------------------------------------

[2025-06-17 13:08:40 #1 type] 
Type domain.Sala is not enhanced.

[2025-06-17 13:08:40 #2 type] 
Type domain.Sesion is not enhanced.

[2025-06-17 13:08:40 #3 type] 
Type domain.Reserva is not enhanced.

[2025-06-17 13:08:41 #4 type] 
Type domain.Socio is not enhanced.

[2025-06-17 13:08:41 #5 type] 
Type domain.Actividad is not enhanced.

[2025-06-17 13:08:41 #6 type] 
Type domain.Factura is not enhanced.

[2025-06-17 13:09:34 #3 store] 
Database 'C:\Users\gaizk\Desktop\SI1\Workspace\Rides24-master.zip_expanded\Rides24-master\src\main\resources\db\src\main\resources\rides.temp' is closed by 12728@Gaizka

------------------------------------------------------------------------------------------------------------------------

[2025-06-17 13:15:12 #1 server] 
Server on port 6136 has started by 13592@Gaizka

[2025-06-17 13:18:12 #2 store] 
Database 'C:\Users\gaizk\Desktop\SI1\Workspace\Rides24-master.zip_expanded\Rides24-master\src\main\resources\db\src\main\resources\rides.temp' is opened by 13592@Gaizka

------------------------------------------------------------------------------------------------------------------------

[2025-06-17 13:18:19 #1 type] 
Type domain.Sala is not enhanced.

[2025-06-17 13:18:19 #2 type] 
Type domain.Sesion is not enhanced.

[2025-06-17 13:18:19 #3 type] 
Type domain.Reserva is not enhanced.

[2025-06-17 13:18:19 #4 type] 
Type domain.Socio is not enhanced.

[2025-06-17 13:18:19 #5 type] 
Type domain.Actividad is not enhanced.

[2025-06-17 13:18:19 #6 type] 
Type domain.Factura is not enhanced.

[2025-06-17 13:25:00 #3 store] 
Database 'C:\Users\gaizk\Desktop\SI1\Workspace\Rides24-master.zip_expanded\Rides24-master\src\main\resources\db\src\main\resources\rides.temp' is closed by 13592@Gaizka

------------------------------------------------------------------------------------------------------------------------

[2025-06-17 13:25:35 #1 store] 
Database 'C:\Users\gaizk\Desktop\SI1\Workspace\Rides24-master.zip_expanded\Rides24-master\src\main\resources\rides.temp' is opened by 7524@Gaizka

[2025-06-17 13:25:35 #2 type.registry] 
New type domain.Sala

[2025-06-17 13:25:35 #3 type] 
Type domain.Sala is not enhanced.

[2025-06-17 13:25:35 #4 type.registry] 
New type domain.Sesion

[2025-06-17 13:25:35 #5 type.registry] 
New type java.util.LinkedList<domain.Sesion>

[2025-06-17 13:25:35 #6 type] 
Type domain.Sesion is not enhanced.

[2025-06-17 13:25:35 #7 type.registry] 
New type domain.Reserva

[2025-06-17 13:25:35 #8 type.registry] 
New type domain.Socio

[2025-06-17 13:25:35 #9 type.registry] 
New type domain.Actividad

[2025-06-17 13:25:35 #10 type] 
Type domain.Reserva is not enhanced.

[2025-06-17 13:25:35 #11 type.registry] 
New type domain.Factura

[2025-06-17 13:25:35 #12 type.registry] 
New type domain.Reserva$estadoReserva

[2025-06-17 13:25:35 #13 type] 
Type domain.Socio is not enhanced.

[2025-06-17 13:25:35 #14 type] 
Type domain.Actividad is not enhanced.

[2025-06-17 13:25:35 #15 type] 
Type domain.Factura is not enhanced.

[2025-06-17 13:25:35 #16 type.registry] 
New type java.util.LinkedList<domain.Reserva>

[2025-06-17 13:25:35 #17 type.registry] 
New type domain.Factura$estadoFactura2

[2025-06-17 13:25:35 #18 type.registry] 
New type domain.Factura$estadoFactura1

[2025-06-17 13:25:35 #19 type.registry] 
New type java.util.LinkedList<java.lang.Object>

[2025-06-17 13:25:35 #20 type.registry] 
New type java.util.LinkedList<domain.Factura>

[2025-06-17 13:25:35 #21 type.registry] 
New type java.util.LinkedList<domain.Socio>

------------------------------------------------------------------------------------------------------------------------

[2025-06-17 13:25:50 #1 store] 
Database 'C:\Users\gaizk\Desktop\SI1\Workspace\Rides24-master.zip_expanded\Rides24-master\src\main\resources\rides.temp' is opened by 15988@Gaizka

[2025-06-17 13:25:51 #2 type.registry] 
New type domain.Sala

[2025-06-17 13:25:51 #3 type] 
Type domain.Sala is not enhanced.

[2025-06-17 13:25:51 #4 type.registry] 
New type domain.Sesion

[2025-06-17 13:25:51 #5 type.registry] 
New type java.util.LinkedList<domain.Sesion>

[2025-06-17 13:25:51 #6 type] 
Type domain.Sesion is not enhanced.

[2025-06-17 13:25:51 #7 type.registry] 
New type domain.Reserva

[2025-06-17 13:25:51 #8 type.registry] 
New type domain.Socio

[2025-06-17 13:25:51 #9 type.registry] 
New type domain.Actividad

[2025-06-17 13:25:51 #10 type] 
Type domain.Reserva is not enhanced.

[2025-06-17 13:25:51 #11 type.registry] 
New type domain.Factura

[2025-06-17 13:25:51 #12 type.registry] 
New type domain.Reserva$estadoReserva

[2025-06-17 13:25:51 #13 type] 
Type domain.Socio is not enhanced.

[2025-06-17 13:25:51 #14 type] 
Type domain.Actividad is not enhanced.

[2025-06-17 13:25:51 #15 type] 
Type domain.Factura is not enhanced.

[2025-06-17 13:25:51 #16 type.registry] 
New type java.util.LinkedList<domain.Reserva>

[2025-06-17 13:25:51 #17 type.registry] 
New type domain.Factura$estadoFactura2

[2025-06-17 13:25:51 #18 type.registry] 
New type domain.Factura$estadoFactura1

[2025-06-17 13:25:51 #19 type.registry] 
New type java.util.LinkedList<java.lang.Object>

[2025-06-17 13:25:51 #20 type.registry] 
New type java.util.LinkedList<domain.Factura>

[2025-06-17 13:25:51 #21 type.registry] 
New type java.util.LinkedList<domain.Socio>

------------------------------------------------------------------------------------------------------------------------

[2025-06-17 13:27:45 #1 server] 
Server on port 6136 has started by 3276@Gaizka

[2025-06-17 13:27:51 #2 store] 
Database 'C:\Users\gaizk\Desktop\SI1\Workspace\Rides24-master.zip_expanded\Rides24-master\src\main\resources\db\src\main\resources\rides.temp' is opened by 3276@Gaizka

------------------------------------------------------------------------------------------------------------------------

[2025-06-17 13:27:51 #1 type] 
Type domain.Sala is not enhanced.

[2025-06-17 13:27:51 #2 type] 
Type domain.Sesion is not enhanced.

[2025-06-17 13:27:51 #3 type] 
Type domain.Reserva is not enhanced.

[2025-06-17 13:27:51 #4 type] 
Type domain.Socio is not enhanced.

[2025-06-17 13:27:51 #5 type] 
Type domain.Actividad is not enhanced.

[2025-06-17 13:27:51 #6 type] 
Type domain.Factura is not enhanced.

[2025-06-17 13:29:51 #3 store] 
Database 'C:\Users\gaizk\Desktop\SI1\Workspace\Rides24-master.zip_expanded\Rides24-master\src\main\resources\db\src\main\resources\rides.temp' is closed by 3276@Gaizka

------------------------------------------------------------------------------------------------------------------------

[2025-06-17 13:30:29 #1 server] 
Server on port 6136 has started by 8008@Gaizka

[2025-06-17 13:30:47 #2 store] 
Database 'C:\Users\gaizk\Desktop\SI1\Workspace\Rides24-master.zip_expanded\Rides24-master\src\main\resources\db\rides.temp' is opened by 8008@Gaizka

------------------------------------------------------------------------------------------------------------------------

[2025-06-17 13:30:47 #1 type.registry] 
New type domain.Sala

[2025-06-17 13:30:47 #2 type] 
Type domain.Sala is not enhanced.

[2025-06-17 13:30:47 #3 type.registry] 
New type domain.Sesion

[2025-06-17 13:30:47 #4 type.registry] 
New type java.util.LinkedList<domain.Sesion>

[2025-06-17 13:30:47 #5 type] 
Type domain.Sesion is not enhanced.

[2025-06-17 13:30:47 #6 type.registry] 
New type domain.Reserva

[2025-06-17 13:30:47 #7 type.registry] 
New type domain.Socio

[2025-06-17 13:30:47 #8 type.registry] 
New type domain.Actividad

[2025-06-17 13:30:47 #9 type] 
Type domain.Reserva is not enhanced.

[2025-06-17 13:30:47 #10 type.registry] 
New type domain.Factura

[2025-06-17 13:30:47 #11 type.registry] 
New type domain.Reserva$estadoReserva

[2025-06-17 13:30:47 #12 type] 
Type domain.Socio is not enhanced.

[2025-06-17 13:30:47 #13 type] 
Type domain.Actividad is not enhanced.

[2025-06-17 13:30:47 #14 type] 
Type domain.Factura is not enhanced.

[2025-06-17 13:30:47 #15 type.registry] 
New type java.util.LinkedList<domain.Reserva>

[2025-06-17 13:30:47 #16 type.registry] 
New type domain.Factura$estadoFactura2

[2025-06-17 13:30:47 #17 type.registry] 
New type domain.Factura$estadoFactura1

[2025-06-17 13:30:47 #18 type.registry] 
New type java.util.LinkedList<java.lang.Object>

[2025-06-17 13:30:47 #19 type.registry] 
New type java.util.LinkedList<domain.Factura>

[2025-06-17 13:30:47 #20 type.registry] 
New type java.util.LinkedList<domain.Socio>

------------------------------------------------------------------------------------------------------------------------

[2025-06-17 13:31:15 #1 type] 
Type domain.Sala is not enhanced.

[2025-06-17 13:31:15 #2 type] 
Type domain.Sesion is not enhanced.

[2025-06-17 13:31:15 #3 type] 
Type domain.Reserva is not enhanced.

[2025-06-17 13:31:15 #4 type] 
Type domain.Socio is not enhanced.

[2025-06-17 13:31:15 #5 type] 
Type domain.Actividad is not enhanced.

[2025-06-17 13:31:15 #6 type] 
Type domain.Factura is not enhanced.

[2025-06-17 13:32:18 #3 store] 
Database 'C:\Users\gaizk\Desktop\SI1\Workspace\Rides24-master.zip_expanded\Rides24-master\src\main\resources\db\rides.temp' is closed by 8008@Gaizka

